Component: Arm Compiler for Embedded 6.21 Tool: armlink [5ec1fa00]

==============================================================================

Section Cross References

    task.o(.text.FirstTask) refers to pid.o(.text.PID_Update) for PID_Update
    task.o(.text.FirstTask) refers to dist.o(.text.GetDistance) for GetDistance
    task.o(.text.FirstTask) refers to fcmp.o(i._fls) for __aeabi_fcmplt
    task.o(.text.FirstTask) refers to dist.o(.text.ClearDistance) for ClearDistance
    task.o(.text.FirstTask) refers to motor.o(.text.Motor_Stop) for Motor_Stop
    task.o(.text.FirstTask) refers to led.o(.text.SetLedMode) for SetLedMode
    task.o(.text.FirstTask) refers to task.o(.text.Track_DetectCorner) for Track_DetectCorner
    task.o(.text.FirstTask) refers to task.o(.bss.workstep) for workstep
    task.o(.text.FirstTask) refers to task.o(.bss.turn_flag) for turn_flag
    task.o(.text.FirstTask) refers to utils.o(.bss.lap_num) for lap_num
    task.o(.text.FirstTask) refers to task.o(.bss.lap_count) for lap_count
    task.o(.text.FirstTask) refers to task.o(.bss.basespeed) for basespeed
    task.o(.text.FirstTask) refers to task.o(.bss.bias) for bias
    task.o(.text.FirstTask) refers to pid.o(.bss.pid_flag) for pid_flag
    task.o(.text.FirstTask) refers to dist.o(.bss.carR_dis) for carR_dis
    task.o(.text.FirstTask) refers to task.o(.bss.corner_cnt) for corner_cnt
    task.o(.text.FirstTask) refers to utils.o(.bss.task_num) for task_num
    task.o(.text.FirstTask) refers to task.o(.bss.corner_detected) for corner_detected
    task.o(.text.FirstTask) refers to track.o(.bss.track_pid) for track_pid
    task.o(.ARM.exidx.text.FirstTask) refers to task.o(.text.FirstTask) for [Anonymous Symbol]
    task.o(.text.Track_DetectCorner) refers to gray.o(.text.Gray_Update) for Gray_Update
    task.o(.text.Track_DetectCorner) refers to soundlight.o(.text.SoundLightRun) for SoundLightRun
    task.o(.text.Track_DetectCorner) refers to gray.o(.bss.gray) for gray
    task.o(.text.Track_DetectCorner) refers to task.o(.bss.Track_DetectCorner.is_latched) for [Anonymous Symbol]
    task.o(.text.Track_DetectCorner) refers to task.o(.bss.Track_DetectCorner.black_cnt) for [Anonymous Symbol]
    task.o(.text.Track_DetectCorner) refers to task.o(.bss.Track_DetectCorner.timer_ms) for [Anonymous Symbol]
    task.o(.text.Track_DetectCorner) refers to task.o(.bss.corner_detected) for corner_detected
    task.o(.text.Track_DetectCorner) refers to task.o(.bss.corner_cnt) for corner_cnt
    task.o(.text.Track_DetectCorner) refers to utils.o(.bss.task_num) for task_num
    task.o(.text.Track_DetectCorner) refers to task.o(.bss.lap_count) for lap_count
    task.o(.ARM.exidx.text.Track_DetectCorner) refers to task.o(.text.Track_DetectCorner) for [Anonymous Symbol]
    task.o(.text.SecondTask) refers to pid.o(.text.PID_Update) for PID_Update
    task.o(.text.SecondTask) refers to dist.o(.text.GetDistance) for GetDistance
    task.o(.text.SecondTask) refers to fcmp.o(i._fls) for __aeabi_fcmplt
    task.o(.text.SecondTask) refers to motor.o(.text.Motor_Stop) for Motor_Stop
    task.o(.text.SecondTask) refers to task.o(.text.Track_DetectCorner) for Track_DetectCorner
    task.o(.text.SecondTask) refers to dist.o(.text.ClearDistance) for ClearDistance
    task.o(.text.SecondTask) refers to task.o(.bss.workstep) for workstep
    task.o(.text.SecondTask) refers to utils.o(.bss.lap_num) for lap_num
    task.o(.text.SecondTask) refers to task.o(.bss.lap_count) for lap_count
    task.o(.text.SecondTask) refers to task.o(.bss.corner_cnt) for corner_cnt
    task.o(.text.SecondTask) refers to utils.o(.bss.task_num) for task_num
    task.o(.text.SecondTask) refers to task.o(.bss.corner_detected) for corner_detected
    task.o(.text.SecondTask) refers to task.o(.bss.turn_flag) for turn_flag
    task.o(.text.SecondTask) refers to pid.o(.bss.pid_flag) for pid_flag
    task.o(.text.SecondTask) refers to task.o(.bss.basespeed) for basespeed
    task.o(.text.SecondTask) refers to task.o(.bss.bias) for bias
    task.o(.text.SecondTask) refers to dist.o(.bss.carR_dis) for carR_dis
    task.o(.text.SecondTask) refers to track.o(.bss.track_pid) for track_pid
    task.o(.ARM.exidx.text.SecondTask) refers to task.o(.text.SecondTask) for [Anonymous Symbol]
    soundlight.o(.text.SoundLightRun) refers to beep.o(.text.SetBeepMode) for SetBeepMode
    soundlight.o(.text.SoundLightRun) refers to led.o(.text.SetLedMode) for SetLedMode
    soundlight.o(.text.SoundLightRun) refers to soundlight.o(.bss.soundlight.0) for [Anonymous Symbol]
    soundlight.o(.ARM.exidx.text.SoundLightRun) refers to soundlight.o(.text.SoundLightRun) for [Anonymous Symbol]
    soundlight.o(.text.SoundLightUpdate) refers to beep.o(.text.SetBeepMode) for SetBeepMode
    soundlight.o(.text.SoundLightUpdate) refers to led.o(.text.SetLedMode) for SetLedMode
    soundlight.o(.text.SoundLightUpdate) refers to soundlight.o(.bss.soundlight.0) for [Anonymous Symbol]
[...]
    __arm_cp.1_1                             0x0000108c   Number         4  beep.o(.text.BeepDeviceInit)
    [Anonymous Symbol]                       0x00001090   Section        0  dist.o(.text.ClearDistance)
    __arm_cp.1_0                             0x000010a4   Number         4  dist.o(.text.ClearDistance)
    __arm_cp.1_1                             0x000010a8   Number         4  dist.o(.text.ClearDistance)
    __arm_cp.1_2                             0x000010ac   Number         4  dist.o(.text.ClearDistance)
    __arm_cp.1_3                             0x000010b0   Number         4  dist.o(.text.ClearDistance)
    [Anonymous Symbol]                       0x000010b4   Section        0  dl_common.o(.text.DL_Common_delayCycles)
    [Anonymous Symbol]                       0x000010c0   Section        0  dl_timer.o(.text.DL_Timer_initFourCCPWMMode)
    __arm_cp.40_1                            0x000011b4   Number         4  dl_timer.o(.text.DL_Timer_initFourCCPWMMode)
    __arm_cp.40_2                            0x000011b8   Number         4  dl_timer.o(.text.DL_Timer_initFourCCPWMMode)
    __arm_cp.40_4                            0x000011bc   Number         4  dl_timer.o(.text.DL_Timer_initFourCCPWMMode)
    __arm_cp.40_5                            0x000011c0   Number         4  dl_timer.o(.text.DL_Timer_initFourCCPWMMode)
    __arm_cp.40_6                            0x000011c4   Number         4  dl_timer.o(.text.DL_Timer_initFourCCPWMMode)
    [Anonymous Symbol]                       0x000011c8   Section        0  dl_timer.o(.text.DL_Timer_initTimerMode)
    __arm_cp.2_0                             0x000012bc   Number         4  dl_timer.o(.text.DL_Timer_initTimerMode)
    __arm_cp.2_1                             0x000012c0   Number         4  dl_timer.o(.text.DL_Timer_initTimerMode)
    __arm_cp.2_2                             0x000012c4   Number         4  dl_timer.o(.text.DL_Timer_initTimerMode)
    __arm_cp.2_3                             0x000012c8   Number         4  dl_timer.o(.text.DL_Timer_initTimerMode)
    __arm_cp.2_4                             0x000012cc   Number         4  dl_timer.o(.text.DL_Timer_initTimerMode)
    [Anonymous Symbol]                       0x000012d0   Section        0  dl_timer.o(.text.DL_Timer_setCaptCompUpdateMethod)
    __arm_cp.23_0                            0x000012e8   Number         4  dl_timer.o(.text.DL_Timer_setCaptCompUpdateMethod)
    [Anonymous Symbol]                       0x000012ec   Section        0  dl_timer.o(.text.DL_Timer_setCaptureCompareOutCtl)
    __arm_cp.27_0                            0x00001300   Number         4  dl_timer.o(.text.DL_Timer_setCaptureCompareOutCtl)
    [Anonymous Symbol]                       0x00001304   Section        0  dl_timer.o(.text.DL_Timer_setCaptureCompareValue)
    __arm_cp.3_0                             0x00001310   Number         4  dl_timer.o(.text.DL_Timer_setCaptureCompareValue)
    [Anonymous Symbol]                       0x00001314   Section        0  dl_timer.o(.text.DL_Timer_setClockConfig)
    __arm_cp.0_0                             0x0000132c   Number         4  dl_timer.o(.text.DL_Timer_setClockConfig)
    [Anonymous Symbol]                       0x00001330   Section        0  dl_uart.o(.text.DL_UART_init)
    __arm_cp.0_0                             0x00001370   Number         4  dl_uart.o(.text.DL_UART_init)
    __arm_cp.0_1                             0x00001374   Number         4  dl_uart.o(.text.DL_UART_init)
    [Anonymous Symbol]                       0x00001378   Section        0  dl_uart.o(.text.DL_UART_setClockConfig)
    [Anonymous Symbol]                       0x0000138c   Section        0  encoder.o(.text.EncoderInit)
    __arm_cp.0_0                             0x0000139c   Number         4  encoder.o(.text.EncoderInit)
    __arm_cp.0_1                             0x000013a0   Number         4  encoder.o(.text.EncoderInit)
    [Anonymous Symbol]                       0x000013a4   Section        0  task.o(.text.FirstTask)
    __arm_cp.0_0                             0x000014b4   Number         4  task.o(.text.FirstTask)
    __arm_cp.0_1                             0x000014b8   Number         4  task.o(.text.FirstTask)
    __arm_cp.0_2                             0x000014bc   Number         4  task.o(.text.FirstTask)
    __arm_cp.0_3                             0x000014c0   Number         4  task.o(.text.FirstTask)
    __arm_cp.0_4                             0x000014c4   Number         4  task.o(.text.FirstTask)
    __arm_cp.0_5                             0x000014c8   Number         4  task.o(.text.FirstTask)
    __arm_cp.0_6                             0x000014cc   Number         4  task.o(.text.FirstTask)
    __arm_cp.0_7                             0x000014d0   Number         4  task.o(.text.FirstTask)
    __arm_cp.0_9                             0x000014d4   Number         4  task.o(.text.FirstTask)
    __arm_cp.0_10                            0x000014d8   Number         4  task.o(.text.FirstTask)
    __arm_cp.0_11                            0x000014dc   Number         4  task.o(.text.FirstTask)
    __arm_cp.0_12                            0x000014e0   Number         4  task.o(.text.FirstTask)
    __arm_cp.0_13                            0x000014e4   Number         4  task.o(.text.FirstTask)
    __arm_cp.0_14                            0x000014e8   Number         4  task.o(.text.FirstTask)
    __arm_cp.0_15                            0x000014ec   Number         4  task.o(.text.FirstTask)
    __arm_cp.0_16                            0x000014f0   Number         4  task.o(.text.FirstTask)
    [Anonymous Symbol]                       0x000014f4   Section        0  encoder.o(.text.GROUP1_IRQHandler)
    __arm_cp.1_0                             0x00001588   Number         4  encoder.o(.text.GROUP1_IRQHandler)
    [Anonymous Symbol]                       0x0000158c   Section        0  dist.o(.text.GetDistance)
    __arm_cp.0_1                             0x000015c8   Number         4  dist.o(.text.GetDistance)
    __arm_cp.0_2                             0x000015cc   Number         4  dist.o(.text.GetDistance)
    __arm_cp.0_3                             0x000015d0   Number         4  dist.o(.text.GetDistance)
    __arm_cp.0_5                             0x000015d4   Number         4  dist.o(.text.GetDistance)
    [Anonymous Symbol]                       0x000015d8   Section        0  speed.o(.text.GetSpeed)
    __arm_cp.0_0                             0x0000169c   Number         4  speed.o(.text.GetSpeed)
    __arm_cp.0_1                             0x000016a0   Number         4  speed.o(.text.GetSpeed)
    __arm_cp.0_2                             0x000016a4   Number         4  speed.o(.text.GetSpeed)
    __arm_cp.0_3                             0x000016a8   Number         4  speed.o(.text.GetSpeed)
    __arm_cp.0_4                             0x000016ac   Number         4  speed.o(.text.GetSpeed)
    __arm_cp.0_5                             0x000016b0   Number         4  speed.o(.text.GetSpeed)
    __arm_cp.0_6                             0x000016b4   Number         4  speed.o(.text.GetSpeed)
    __arm_cp.0_7                             0x000016b8   Number         4  speed.o(.text.GetSpeed)
    __arm_cp.0_8                             0x000016bc   Number         4  speed.o(.text.GetSpeed)
    __arm_cp.0_9                             0x000016c0   Number         4  speed.o(.text.GetSpeed)
    __arm_cp.0_10                            0x000016c4   Number         4  speed.o(.text.GetSpeed)
    __arm_cp.0_11                            0x000016c8   Number         4  speed.o(.text.GetSpeed)
    [Anonymous Symbol]                       0x000016cc   Section        0  gray.o(.text.Gray_Update)
    __arm_cp.0_0                             0x00001714   Number         4  gray.o(.text.Gray_Update)
    __arm_cp.0_1                             0x00001718   Number         4  gray.o(.text.Gray_Update)
    __arm_cp.0_2                             0x0000171c   Number         4  gray.o(.text.Gray_Update)
    [Anonymous Symbol]                       0x00001720   Section        0  key.o(.text.KeyDeviceInit)
    __arm_cp.0_1                             0x00001754   Number         4  key.o(.text.KeyDeviceInit)
    [Anonymous Symbol]                       0x00001758   Section        0  key.o(.text.Key_GetNum)
    __arm_cp.1_0                             0x000017d0   Number         4  key.o(.text.Key_GetNum)
    [Anonymous Symbol]                       0x000017d4   Section        0  led.o(.text.LedDeviceInit)
    __arm_cp.1_0                             0x000017fc   Number         4  led.o(.text.LedDeviceInit)
    __arm_cp.1_1                             0x00001800   Number         4  led.o(.text.LedDeviceInit)
    __arm_cp.1_2                             0x00001804   Number         4  led.o(.text.LedDeviceInit)
    [Anonymous Symbol]                       0x00001808   Section        0  motor.o(.text.Motor_LeftCtrl)
    __arm_cp.2_0                             0x00001834   Number         4  motor.o(.text.Motor_LeftCtrl)
    [Anonymous Symbol]                       0x00001838   Section        0  motor.o(.text.Motor_RightCtrl)
    __arm_cp.3_0                             0x00001864   Number         4  motor.o(.text.Motor_RightCtrl)
    [Anonymous Symbol]                       0x00001868   Section        0  motor.o(.text.Motor_Stop)
    __arm_cp.4_0                             0x00001880   Number         4  motor.o(.text.Motor_Stop)
    [Anonymous Symbol]                       0x00001884   Section        0  pid.o(.text.PID_Calculate)
    [Anonymous Symbol]                       0x00001942   Section        0  pid.o(.text.PID_OutPutLimit)
    [Anonymous Symbol]                       0x00001988   Section        0  pid.o(.text.PID_Select)
    __arm_cp.4_0                             0x000019c8   Number         4  pid.o(.text.PID_Select)
    __arm_cp.4_1                             0x000019cc   Number         4  pid.o(.text.PID_Select)
    __arm_cp.4_2                             0x000019d0   Number         4  pid.o(.text.PID_Select)
    [Anonymous Symbol]                       0x000019d4   Section        0  pid.o(.text.PID_Update)
    [Anonymous Symbol]                       0x000019e4   Section        0  ti_msp_dl_config.o(.text.SYSCFG_DL_GPIO_init)
    __arm_cp.2_0                             0x00001adc   Number         4  ti_msp_dl_config.o(.text.SYSCFG_DL_GPIO_init)
    __arm_cp.2_1                             0x00001ae0   Number         4  ti_msp_dl_config.o(.text.SYSCFG_DL_GPIO_init)
    __arm_cp.2_2                             0x00001ae4   Number         4  ti_msp_dl_config.o(.text.SYSCFG_DL_GPIO_init)
    __arm_cp.2_3                             0x00001ae8   Number         4  ti_msp_dl_config.o(.text.SYSCFG_DL_GPIO_init)
    __arm_cp.2_4                             0x00001aec   Number         4  ti_msp_dl_config.o(.text.SYSCFG_DL_GPIO_init)
    __arm_cp.2_5                             0x00001af0   Number         4  ti_msp_dl_config.o(.text.SYSCFG_DL_GPIO_init)
    __arm_cp.2_6                             0x00001af4   Number         4  ti_msp_dl_config.o(.text.SYSCFG_DL_GPIO_init)
    __arm_cp.2_7                             0x00001af8   Number         4  ti_msp_dl_config.o(.text.SYSCFG_DL_GPIO_init)
    __arm_cp.2_8                             0x00001afc   Number         4  ti_msp_dl_config.o(.text.SYSCFG_DL_GPIO_init)
    __arm_cp.2_9                             0x00001b00   Number         4  ti_msp_dl_config.o(.text.SYSCFG_DL_GPIO_init)
    __arm_cp.2_10                            0x00001b04   Number         4  ti_msp_dl_config.o(.text.SYSCFG_DL_GPIO_init)
    __arm_cp.2_11                            0x00001b08   Number         4  ti_msp_dl_config.o(.text.SYSCFG_DL_GPIO_init)
    __arm_cp.2_12                            0x00001b0c   Number         4  ti_msp_dl_config.o(.text.SYSCFG_DL_GPIO_init)
    [Anonymous Symbol]                       0x00001b10   Section        0  ti_msp_dl_config.o(.text.SYSCFG_DL_PWM_init)
    __arm_cp.4_0                             0x00001b84   Number         4  ti_msp_dl_config.o(.text.SYSCFG_DL_PWM_init)
    __arm_cp.4_1                             0x00001b88   Number         4  ti_msp_dl_config.o(.text.SYSCFG_DL_PWM_init)
    __arm_cp.4_2                             0x00001b8c   Number         4  ti_msp_dl_config.o(.text.SYSCFG_DL_PWM_init)
    __arm_cp.4_3                             0x00001b90   Number         4  ti_msp_dl_config.o(.text.SYSCFG_DL_PWM_init)
    __arm_cp.4_4                             0x00001b94   Number         4  ti_msp_dl_config.o(.text.SYSCFG_DL_PWM_init)
    __arm_cp.4_5                             0x00001b98   Number         4  ti_msp_dl_config.o(.text.SYSCFG_DL_PWM_init)
    [Anonymous Symbol]                       0x00001b9c   Section        0  ti_msp_dl_config.o(.text.SYSCFG_DL_SYSCTL_init)
    __arm_cp.3_0                             0x00001bdc   Number         4  ti_msp_dl_config.o(.text.SYSCFG_DL_SYSCTL_init)
    __arm_cp.3_1                             0x00001be0   Number         4  ti_msp_dl_config.o(.text.SYSCFG_DL_SYSCTL_init)
    __arm_cp.3_2                             0x00001be4   Number         4  ti_msp_dl_config.o(.text.SYSCFG_DL_SYSCTL_init)
    [Anonymous Symbol]                       0x00001be8   Section        0  ti_msp_dl_config.o(.text.SYSCFG_DL_SYSTICK_init)
    __arm_cp.8_0                             0x00001c00   Number         4  ti_msp_dl_config.o(.text.SYSCFG_DL_SYSTICK_init)
    [Anonymous Symbol]                       0x00001c04   Section        0  ti_msp_dl_config.o(.text.SYSCFG_DL_TIMER_0_init)
    __arm_cp.5_0                             0x00001c34   Number         4  ti_msp_dl_config.o(.text.SYSCFG_DL_TIMER_0_init)
    __arm_cp.5_1                             0x00001c38   Number         4  ti_msp_dl_config.o(.text.SYSCFG_DL_TIMER_0_init)
    __arm_cp.5_2                             0x00001c3c   Number         4  ti_msp_dl_config.o(.text.SYSCFG_DL_TIMER_0_init)
    __arm_cp.5_3                             0x00001c40   Number         4  ti_msp_dl_config.o(.text.SYSCFG_DL_TIMER_0_init)
    __arm_cp.5_5                             0x00001c44   Number         4  ti_msp_dl_config.o(.text.SYSCFG_DL_TIMER_0_init)
    [Anonymous Symbol]                       0x00001c48   Section        0  ti_msp_dl_config.o(.text.SYSCFG_DL_TIMER_1_init)
    __arm_cp.6_0                             0x00001c7c   Number         4  ti_msp_dl_config.o(.text.SYSCFG_DL_TIMER_1_init)
    __arm_cp.6_1                             0x00001c80   Number         4  ti_msp_dl_config.o(.text.SYSCFG_DL_TIMER_1_init)
    __arm_cp.6_2                             0x00001c84   Number         4  ti_msp_dl_config.o(.text.SYSCFG_DL_TIMER_1_init)
    __arm_cp.6_3                             0x00001c88   Number         4  ti_msp_dl_config.o(.text.SYSCFG_DL_TIMER_1_init)
    __arm_cp.6_4                             0x00001c8c   Number         4  ti_msp_dl_config.o(.text.SYSCFG_DL_TIMER_1_init)
    __arm_cp.6_5                             0x00001c90   Number         4  ti_msp_dl_config.o(.text.SYSCFG_DL_TIMER_1_init)
    [Anonymous Symbol]                       0x00001c94   Section        0  ti_msp_dl_config.o(.text.SYSCFG_DL_UART_0_init)
    __arm_cp.7_0                             0x00001cec   Number         4  ti_msp_dl_config.o(.text.SYSCFG_DL_UART_0_init)
    __arm_cp.7_1                             0x00001cf0   Number         4  ti_msp_dl_config.o(.text.SYSCFG_DL_UART_0_init)
    __arm_cp.7_2                             0x00001cf4   Number         4  ti_msp_dl_config.o(.text.SYSCFG_DL_UART_0_init)
    __arm_cp.7_3                             0x00001cf8   Number         4  ti_msp_dl_config.o(.text.SYSCFG_DL_UART_0_init)
    __arm_cp.7_4                             0x00001cfc   Number         4  ti_msp_dl_config.o(.text.SYSCFG_DL_UART_0_init)
    __arm_cp.7_5                             0x00001d00   Number         4  ti_msp_dl_config.o(.text.SYSCFG_DL_UART_0_init)
    [Anonymous Symbol]                       0x00001d04   Section        0  ti_msp_dl_config.o(.text.SYSCFG_DL_init)
    __arm_cp.0_0                             0x00001d38   Number         4  ti_msp_dl_config.o(.text.SYSCFG_DL_init)
    __arm_cp.0_1                             0x00001d3c   Number         4  ti_msp_dl_config.o(.text.SYSCFG_DL_init)
    [Anonymous Symbol]                       0x00001d40   Section        0  ti_msp_dl_config.o(.text.SYSCFG_DL_initPower)
    __arm_cp.1_0                             0x00001d74   Number         4  ti_msp_dl_config.o(.text.SYSCFG_DL_initPower)
    __arm_cp.1_1                             0x00001d78   Number         4  ti_msp_dl_config.o(.text.SYSCFG_DL_initPower)
    __arm_cp.1_2                             0x00001d7c   Number         4  ti_msp_dl_config.o(.text.SYSCFG_DL_initPower)
    __arm_cp.1_3                             0x00001d80   Number         4  ti_msp_dl_config.o(.text.SYSCFG_DL_initPower)
    __arm_cp.1_4                             0x00001d84   Number         4  ti_msp_dl_config.o(.text.SYSCFG_DL_initPower)
    __arm_cp.1_5                             0x00001d88   Number         4  ti_msp_dl_config.o(.text.SYSCFG_DL_initPower)
    __arm_cp.1_6                             0x00001d8c   Number         4  ti_msp_dl_config.o(.text.SYSCFG_DL_initPower)
    __arm_cp.1_7                             0x00001d90   Number         4  ti_msp_dl_config.o(.text.SYSCFG_DL_initPower)
    [Anonymous Symbol]                       0x00001d94   Section        0  task.o(.text.SecondTask)
    __arm_cp.2_0                             0x00001e64   Number         4  task.o(.text.SecondTask)
    __arm_cp.2_1                             0x00001e68   Number         4  task.o(.text.SecondTask)
    __arm_cp.2_2                             0x00001e6c   Number         4  task.o(.text.SecondTask)
    __arm_cp.2_3                             0x00001e70   Number         4  task.o(.text.SecondTask)
    __arm_cp.2_5                             0x00001e74   Number         4  task.o(.text.SecondTask)
    __arm_cp.2_6                             0x00001e78   Number         4  task.o(.text.SecondTask)
    __arm_cp.2_7                             0x00001e7c   Number         4  task.o(.text.SecondTask)
    __arm_cp.2_8                             0x00001e80   Number         4  task.o(.text.SecondTask)
    __arm_cp.2_9                             0x00001e84   Number         4  task.o(.text.SecondTask)
    __arm_cp.2_10                            0x00001e88   Number         4  task.o(.text.SecondTask)
    __arm_cp.2_11                            0x00001e8c   Number         4  task.o(.text.SecondTask)
    __arm_cp.2_12                            0x00001e90   Number         4  task.o(.text.SecondTask)
    __arm_cp.2_13                            0x00001e94   Number         4  task.o(.text.SecondTask)
    __arm_cp.2_14                            0x00001e98   Number         4  task.o(.text.SecondTask)
    __arm_cp.2_15                            0x00001e9c   Number         4  task.o(.text.SecondTask)
    __arm_cp.2_16                            0x00001ea0   Number         4  task.o(.text.SecondTask)
    [Anonymous Symbol]                       0x00001ea4   Section        0  beep.o(.text.SetBeepMode)
    __arm_cp.0_0                             0x00001ec4   Number         4  beep.o(.text.SetBeepMode)
    __arm_cp.0_1                             0x00001ec8   Number         4  beep.o(.text.SetBeepMode)
    [Anonymous Symbol]                       0x00001ecc   Section        0  led.o(.text.SetLedMode)
    __arm_cp.0_0                             0x00001f18   Number         4  led.o(.text.SetLedMode)
    __arm_cp.0_1                             0x00001f1c   Number         4  led.o(.text.SetLedMode)
    __arm_cp.0_2                             0x00001f20   Number         4  led.o(.text.SetLedMode)
    [Anonymous Symbol]                       0x00001f24   Section        0  soundlight.o(.text.SoundLightRun)
    [Anonymous Symbol]                       0x00001f50   Section        0  soundlight.o(.text.SoundLightUpdate)
    __arm_cp.1_0                             0x00001f88   Number         4  soundlight.o(.text.SoundLightUpdate)
    __arm_cp.1_1                             0x00001f8c   Number         4  soundlight.o(.text.SoundLightUpdate)
    [Anonymous Symbol]                       0x00001f90   Section        0  speed.o(.text.SpeedPidCtrl)
    __arm_cp.4_0                             0x000020b8   Number         4  speed.o(.text.SpeedPidCtrl)
    __arm_cp.4_1                             0x000020bc   Number         4  speed.o(.text.SpeedPidCtrl)
    __arm_cp.4_2                             0x000020c0   Number         4  speed.o(.text.SpeedPidCtrl)
    __arm_cp.4_3                             0x000020c4   Number         4  speed.o(.text.SpeedPidCtrl)
    __arm_cp.4_4                             0x000020c8   Number         4  speed.o(.text.SpeedPidCtrl)
    __arm_cp.4_5                             0x000020cc   Number         4  speed.o(.text.SpeedPidCtrl)
    __arm_cp.4_6                             0x000020d0   Number         4  speed.o(.text.SpeedPidCtrl)
    __arm_cp.4_7                             0x000020d4   Number         4  speed.o(.text.SpeedPidCtrl)
    __arm_cp.4_8                             0x000020d8   Number         4  speed.o(.text.SpeedPidCtrl)
    __arm_cp.4_9                             0x000020dc   Number         4  speed.o(.text.SpeedPidCtrl)
    __arm_cp.4_10                            0x000020e0   Number         4  speed.o(.text.SpeedPidCtrl)
    __arm_cp.4_11                            0x000020e4   Number         4  speed.o(.text.SpeedPidCtrl)
    __arm_cp.4_12                            0x000020e8   Number         4  speed.o(.text.SpeedPidCtrl)
    [Anonymous Symbol]                       0x000020ec   Section        0  utils.o(.text.System_Init)
    [Anonymous Symbol]                       0x0000210c   Section        0  empty.o(.text.TIMA0_IRQHandler)
    __arm_cp.1_0                             0x00002124   Number         4  empty.o(.text.TIMA0_IRQHandler)
    __arm_cp.1_1                             0x00002128   Number         4  empty.o(.text.TIMA0_IRQHandler)
    [Anonymous Symbol]                       0x0000212c   Section        0  empty.o(.text.TIMG0_IRQHandler)
    __arm_cp.2_0                             0x00002150   Number         4  empty.o(.text.TIMG0_IRQHandler)
    [Anonymous Symbol]                       0x00002154   Section        0  utils.o(.text.TaskSelect)
    __arm_cp.1_0                             0x000021d8   Number         4  utils.o(.text.TaskSelect)
    __arm_cp.1_1                             0x000021dc   Number         4  utils.o(.text.TaskSelect)
    __arm_cp.1_2                             0x000021e0   Number         4  utils.o(.text.TaskSelect)
    __arm_cp.1_3                             0x000021e4   Number         4  utils.o(.text.TaskSelect)
    [Anonymous Symbol]                       0x000021e8   Section        0  timer.o(.text.TimerDeviceInit)
    [Anonymous Symbol]                       0x000021fc   Section        0  track.o(.text.TrackCascadeCtrl)
    [Anonymous Symbol]                       0x0000220c   Section        0  track.o(.text.TrackLoopPidCtrl)
    __arm_cp.1_0                             0x000022c0   Number         4  track.o(.text.TrackLoopPidCtrl)
    [Anonymous Symbol]                       0x000022c4   Section        0  track.o(.text.TrackPidCtrl)
    __arm_cp.0_0                             0x0000238c   Number         4  track.o(.text.TrackPidCtrl)
    __arm_cp.0_1                             0x00002390   Number         4  track.o(.text.TrackPidCtrl)
    __arm_cp.0_3                             0x00002394   Number         4  track.o(.text.TrackPidCtrl)
    Track_DetectCorner                       0x00002399   Thumb Code   164  task.o(.text.Track_DetectCorner)
    [Anonymous Symbol]                       0x00002398   Section        0  task.o(.text.Track_DetectCorner)
    __arm_cp.1_0                             0x0000243c   Number         4  task.o(.text.Track_DetectCorner)
    __arm_cp.1_1                             0x00002440   Number         4  task.o(.text.Track_DetectCorner)
    __arm_cp.1_2                             0x00002444   Number         4  task.o(.text.Track_DetectCorner)
    __arm_cp.1_3                             0x00002448   Number         4  task.o(.text.Track_DetectCorner)
    __arm_cp.1_4                             0x0000244c   Number         4  task.o(.text.Track_DetectCorner)
    __arm_cp.1_5                             0x00002450   Number         4  task.o(.text.Track_DetectCorner)
    __arm_cp.1_6                             0x00002454   Number         4  task.o(.text.Track_DetectCorner)
    __arm_cp.1_7                             0x00002458   Number         4  task.o(.text.Track_DetectCorner)
    [Anonymous Symbol]                       0x0000245c   Section        0  minipc.o(.text.UART0_IRQHandler)
    __arm_cp.3_0                             0x00002598   Number         4  minipc.o(.text.UART0_IRQHandler)
    __arm_cp.3_1                             0x0000259c   Number         4  minipc.o(.text.UART0_IRQHandler)
    __arm_cp.3_2                             0x000025a0   Number         4  minipc.o(.text.UART0_IRQHandler)
    __arm_cp.3_3                             0x000025a4   Number         4  minipc.o(.text.UART0_IRQHandler)
    __arm_cp.3_4                             0x000025a8   Number         4  minipc.o(.text.UART0_IRQHandler)
    __arm_cp.3_5                             0x000025ac   Number         4  minipc.o(.text.UART0_IRQHandler)
    __arm_cp.3_6                             0x000025b0   Number         4  minipc.o(.text.UART0_IRQHandler)
    [Anonymous Symbol]                       0x000025b4   Section        0  uart.o(.text.UartDeviceInit)
    __arm_cp.0_0                             0x000025c4   Number         4  uart.o(.text.UartDeviceInit)
    __arm_cp.0_1                             0x000025c8   Number         4  uart.o(.text.UartDeviceInit)
    [Anonymous Symbol]                       0x000025cc   Section        0  utils.o(.text.Wait_For_A_While)
    __arm_cp.2_0                             0x00002600   Number         4  utils.o(.text.Wait_For_A_While)
    [Anonymous Symbol]                       0x00002604   Section        0  delay.o(.text.delay_ms)
    __arm_cp.1_0                             0x000027ac   Number         4  delay.o(.text.delay_ms)
    [Anonymous Symbol]                       0x000027b0   Section        0  empty.o(.text.main)
    [Anonymous Symbol]                       0x000027bc   Section        0  speed.o(.text.turn_90_control)
    __arm_cp.3_0                             0x000028f0   Number         4  speed.o(.text.turn_90_control)
    __arm_cp.3_1                             0x000028f4   Number         4  speed.o(.text.turn_90_control)
    __arm_cp.3_2                             0x000028f8   Number         4  speed.o(.text.turn_90_control)
    __arm_cp.3_3                             0x000028fc   Number         4  speed.o(.text.turn_90_control)
    __arm_cp.3_4                             0x00002900   Number         4  speed.o(.text.turn_90_control)
    __arm_cp.3_5                             0x00002904   Number         4  speed.o(.text.turn_90_control)
    __arm_cp.3_6                             0x00002908   Number         4  speed.o(.text.turn_90_control)
    __arm_cp.3_7                             0x0000290c   Number         4  speed.o(.text.turn_90_control)
    __arm_cp.3_8                             0x00002910   Number         4  speed.o(.text.turn_90_control)
    __arm_cp.3_9                             0x00002914   Number         4  speed.o(.text.turn_90_control)
    __arm_cp.3_10                            0x00002918   Number         4  speed.o(.text.turn_90_control)
    __arm_cp.3_11                            0x0000291c   Number         4  speed.o(.text.turn_90_control)
    i._fgeq                                  0x00002920   Section        0  fcmp.o(i._fgeq)
    i._fgr                                   0x00002936   Section        0  fcmp.o(i._fgr)
    i._fleq                                  0x0000294c   Section        0  fcmp.o(i._fleq)
    i._fls                                   0x00002966   Section        0  fcmp.o(i._fls)
    x$fpl$fadd                               0x0000297c   Section      140  faddsub.o(x$fpl$fadd)
    _fadd1                                   0x00002989   Thumb Code     0  faddsub.o(x$fpl$fadd)
    x$fpl$fgeqf                              0x00002a08   Section       84  fgef.o(x$fpl$fgeqf)
    x$fpl$fleqf                              0x00002a5c   Section       84  flef.o(x$fpl$fleqf)
    x$fpl$fmul                               0x00002ab0   Section      176  fmul.o(x$fpl$fmul)
    x$fpl$fsub                               0x00002b60   Section      208  faddsub.o(x$fpl$fsub)
    _fsub1                                   0x00002b6d   Thumb Code     0  faddsub.o(x$fpl$fsub)
    ddiv_reciptbl                            0x00002c30   Data         128  ddiv.o(.constdata)
    .constdata                               0x00002c30   Section      128  ddiv.o(.constdata)
    x$fpl$usenofp                            0x00002c30   Section        0  usenofp.o(x$fpl$usenofp)
    fdiv_tab                                 0x00002cb0   Data          64  fdiv.o(.constdata)
    .constdata                               0x00002cb0   Section       64  fdiv.o(.constdata)
    gPWMClockConfig                          0x00002cf0   Data           3  ti_msp_dl_config.o(.rodata.gPWMClockConfig)
    [Anonymous Symbol]                       0x00002cf0   Section        0  ti_msp_dl_config.o(.rodata.gPWMClockConfig)
    gPWMConfig                               0x00002cf4   Data           8  ti_msp_dl_config.o(.rodata.gPWMConfig)
    [Anonymous Symbol]                       0x00002cf4   Section        0  ti_msp_dl_config.o(.rodata.gPWMConfig)
    gTIMER_0ClockConfig                      0x00002cfc   Data           3  ti_msp_dl_config.o(.rodata.gTIMER_0ClockConfig)
    [Anonymous Symbol]                       0x00002cfc   Section        0  ti_msp_dl_config.o(.rodata.gTIMER_0ClockConfig)
    gTIMER_0TimerConfig                      0x00002d00   Data          20  ti_msp_dl_config.o(.rodata.gTIMER_0TimerConfig)
    [Anonymous Symbol]                       0x00002d00   Section        0  ti_msp_dl_config.o(.rodata.gTIMER_0TimerConfig)
    gTIMER_1ClockConfig                      0x00002d14   Data           3  ti_msp_dl_config.o(.rodata.gTIMER_1ClockConfig)
    [Anonymous Symbol]                       0x00002d14   Section        0  ti_msp_dl_config.o(.rodata.gTIMER_1ClockConfig)
    gTIMER_1TimerConfig                      0x00002d18   Data          20  ti_msp_dl_config.o(.rodata.gTIMER_1TimerConfig)
    [Anonymous Symbol]                       0x00002d18   Section        0  ti_msp_dl_config.o(.rodata.gTIMER_1TimerConfig)
    gUART_0ClockConfig                       0x00002d2c   Data           2  ti_msp_dl_config.o(.rodata.gUART_0ClockConfig)
    [Anonymous Symbol]                       0x00002d2c   Section        0  ti_msp_dl_config.o(.rodata.gUART_0ClockConfig)
    gUART_0Config                            0x00002d2e   Data          10  ti_msp_dl_config.o(.rodata.gUART_0Config)
    [Anonymous Symbol]                       0x00002d2e   Section        0  ti_msp_dl_config.o(.rodata.gUART_0Config)
    .bss                                     0x20200020   Section       96  libspace.o(.bss)
    GetSpeed.last_left_count                 0x20200080   Data           4  speed.o(.bss.GetSpeed.last_left_count)
    [Anonymous Symbol]                       0x20200080   Section        0  speed.o(.bss.GetSpeed.last_left_count)
    GetSpeed.last_left_speed                 0x20200084   Data           4  speed.o(.bss.GetSpeed.last_left_speed)
    [Anonymous Symbol]                       0x20200084   Section        0  speed.o(.bss.GetSpeed.last_left_speed)
    GetSpeed.last_right_count                0x20200088   Data           4  speed.o(.bss.GetSpeed.last_right_count)
    [Anonymous Symbol]                       0x20200088   Section        0  speed.o(.bss.GetSpeed.last_right_count)
    GetSpeed.last_right_speed                0x2020008c   Data           4  speed.o(.bss.GetSpeed.last_right_speed)
    [Anonymous Symbol]                       0x2020008c   Section        0  speed.o(.bss.GetSpeed.last_right_speed)
    LeftSpeedPidCtrl.last_offset             0x20200090   Data           4  speed.o(.bss.LeftSpeedPidCtrl.last_offset)
    [Anonymous Symbol]                       0x20200090   Section        0  speed.o(.bss.LeftSpeedPidCtrl.last_offset)
    LeftSpeedPidCtrl.left_pwm                0x20200094   Data           4  speed.o(.bss.LeftSpeedPidCtrl.left_pwm)
    [Anonymous Symbol]                       0x20200094   Section        0  speed.o(.bss.LeftSpeedPidCtrl.left_pwm)
    RightSpeedPidCtrl.last_offset            0x20200098   Data           4  speed.o(.bss.RightSpeedPidCtrl.last_offset)
    [Anonymous Symbol]                       0x20200098   Section        0  speed.o(.bss.RightSpeedPidCtrl.last_offset)
    RightSpeedPidCtrl.right_pwm              0x2020009c   Data           4  speed.o(.bss.RightSpeedPidCtrl.right_pwm)
    [Anonymous Symbol]                       0x2020009c   Section        0  speed.o(.bss.RightSpeedPidCtrl.right_pwm)
    Track_DetectCorner.black_cnt             0x202000a0   Data           4  task.o(.bss.Track_DetectCorner.black_cnt)
    [Anonymous Symbol]                       0x202000a0   Section        0  task.o(.bss.Track_DetectCorner.black_cnt)
    Track_DetectCorner.is_latched            0x202000a4   Data           1  task.o(.bss.Track_DetectCorner.is_latched)
    [Anonymous Symbol]                       0x202000a4   Section        0  task.o(.bss.Track_DetectCorner.is_latched)
    Track_DetectCorner.timer_ms              0x202000a8   Data           4  task.o(.bss.Track_DetectCorner.timer_ms)
    [Anonymous Symbol]                       0x202000a8   Section        0  task.o(.bss.Track_DetectCorner.timer_ms)
    beep.1                                   0x202000b0   Data           1  beep.o(.bss.beep.1)
    [Anonymous Symbol]                       0x202000b0   Section        0  beep.o(.bss.beep.1)
    data_len                                 0x202000be   Data           1  minipc.o(.bss.data_len)
    [Anonymous Symbol]                       0x202000be   Section        0  minipc.o(.bss.data_len)
    key                                      0x2020022c   Data          60  key.o(.bss.key)
    [Anonymous Symbol]                       0x2020022c   Section        0  key.o(.bss.key)
    led                                      0x2020026c   Data          32  led.o(.bss.led)
    [Anonymous Symbol]                       0x2020026c   Section        0  led.o(.bss.led)
    rx_buf                                   0x20200298   Data         256  minipc.o(.bss.rx_buf)
    [Anonymous Symbol]                       0x20200298   Section        0  minipc.o(.bss.rx_buf)
    rx_index                                 0x20200398   Data           1  minipc.o(.bss.rx_index)
    [Anonymous Symbol]                       0x20200398   Section        0  minipc.o(.bss.rx_index)
    rx_state                                 0x20200399   Data           1  minipc.o(.bss.rx_state)
    [Anonymous Symbol]                       0x20200399   Section        0  minipc.o(.bss.rx_state)
    soundlight.0                             0x2020039a   Data           1  soundlight.o(.bss.soundlight.0)
    [Anonymous Symbol]                       0x2020039a   Section        0  soundlight.o(.bss.soundlight.0)
    soundlight.1                             0x2020039b   Data           1  soundlight.o(.bss.soundlight.1)
    [Anonymous Symbol]                       0x2020039b   Section        0  soundlight.o(.bss.soundlight.1)
    Heap_Mem                                 0x20200410   Data        4096  startup_mspm0g350x_uvision.o(HEAP)
    HEAP                                     0x20200410   Section     4096  startup_mspm0g350x_uvision.o(HEAP)
    Stack_Mem                                0x20201410   Data        1024  startup_mspm0g350x_uvision.o(STACK)
    STACK                                    0x20201410   Section     1024  startup_mspm0g350x_uvision.o(STACK)
    __initial_sp                             0x20201810   Data           0  startup_mspm0g350x_uvision.o(STACK)

    Global Symbols

    Symbol Name                              Value     Ov Type        Size  Object(Section)

    BuildAttributes$$THM_ISAv3M$S$PE$A:L22$X:L11$S22$IEEE1$IW$~IW$USESV6$~STKCKD$USESV7$~SHL$OTIME$ROPI$EBA8$UX$STANDARDLIB$REQ8$PRES8$EABIv2 0x00000000   Number         0  anon$$obj.o ABSOLUTE
    __Vectors                                0x00000000   Data           4  startup_mspm0g350x_uvision.o(RESET)
    __ARM_exceptions_init                     - Undefined Weak Reference
    __alloca_initialize                       - Undefined Weak Reference
    __arm_preinit_                            - Undefined Weak Reference
    __arm_relocate_pie_                       - Undefined Weak Reference
    __cpp_initialize__aeabi_                  - Undefined Weak Reference
    __cxa_finalize                            - Undefined Weak Reference
    __rt_locale                               - Undefined Weak Reference
    __sigvec_lookup                           - Undefined Weak Reference
    _atexit_init                              - Undefined Weak Reference
    _call_atexit_fns                          - Undefined Weak Reference
    _clock_init                               - Undefined Weak Reference
    _fp_trap_init                             - Undefined Weak Reference
    _fp_trap_shutdown                         - Undefined Weak Reference
    _get_lc_collate                           - Undefined Weak Reference
    _get_lc_ctype                             - Undefined Weak Reference
    _get_lc_monetary                          - Undefined Weak Reference
    _get_lc_numeric                           - Undefined Weak Reference
    _get_lc_time                              - Undefined Weak Reference
    _getenv_init                              - Undefined Weak Reference
    _handle_redirection                       - Undefined Weak Reference
    _init_alloc                               - Undefined Weak Reference
    _init_user_alloc                          - Undefined Weak Reference
    _initio                                   - Undefined Weak Reference
    _rand_init                                - Undefined Weak Reference
    _signal_finish                            - Undefined Weak Reference
    _signal_init                              - Undefined Weak Reference
    _terminate_alloc                          - Undefined Weak Reference
    _terminate_user_alloc                     - Undefined Weak Reference
    _terminateio                              - Undefined Weak Reference
    __Vectors_End                            0x000000c0   Data           0  startup_mspm0g350x_uvision.o(RESET)
    __Vectors_Size                           0x000000c0   Number         0  startup_mspm0g350x_uvision.o ABSOLUTE
    __main                                   0x000000c1   Thumb Code     8  __main.o(!!!main)
    __scatterload                            0x000000c9   Thumb Code     0  __scatter.o(!!!scatter)
    __scatterload_rt2                        0x000000c9   Thumb Code    74  __scatter.o(!!!scatter)
    __scatterload_rt2_thumb_only             0x000000c9   Thumb Code     0  __scatter.o(!!!scatter)
    __scatterload_loop                       0x000000d3   Thumb Code     0  __scatter.o(!!!scatter)
    __scatterload_copy                       0x00000121   Thumb Code    26  __scatter_copy.o(!!handler_copy)
    __scatterload_null                       0x00000141   Thumb Code     2  __scatter.o(!!handler_null)
    __scatterload_zeroinit                   0x00000149   Thumb Code    28  __scatter_zi.o(!!handler_zi)
    __rt_lib_init                            0x00000165   Thumb Code     0  libinit.o(.ARM.Collect$$libinit$$00000000)
    __rt_lib_init_alloca_1                   0x00000167   Thumb Code     0  libinit2.o(.ARM.Collect$$libinit$$00000030)
    __rt_lib_init_argv_1                     0x00000167   Thumb Code     0  libinit2.o(.ARM.Collect$$libinit$$0000002E)
    __rt_lib_init_atexit_1                   0x00000167   Thumb Code     0  libinit2.o(.ARM.Collect$$libinit$$0000001D)
    __rt_lib_init_clock_1                    0x00000167   Thumb Code     0  libinit2.o(.ARM.Collect$$libinit$$00000023)
    __rt_lib_init_cpp_1                      0x00000167   Thumb Code     0  libinit2.o(.ARM.Collect$$libinit$$00000034)
    __rt_lib_init_exceptions_1               0x00000167   Thumb Code     0  libinit2.o(.ARM.Collect$$libinit$$00000032)
    __rt_lib_init_fp_1                       0x00000167   Thumb Code     0  libinit2.o(.ARM.Collect$$libinit$$00000002)
    __rt_lib_init_fp_trap_1                  0x00000167   Thumb Code     0  libinit2.o(.ARM.Collect$$libinit$$00000021)
    __rt_lib_init_getenv_1                   0x00000167   Thumb Code     0  libinit2.o(.ARM.Collect$$libinit$$00000025)
    __rt_lib_init_heap_1                     0x00000167   Thumb Code     0  libinit2.o(.ARM.Collect$$libinit$$0000000C)
    __rt_lib_init_lc_collate_1               0x00000167   Thumb Code     0  libinit2.o(.ARM.Collect$$libinit$$00000013)
    __rt_lib_init_lc_ctype_1                 0x00000167   Thumb Code     0  libinit2.o(.ARM.Collect$$libinit$$00000015)
    __rt_lib_init_lc_monetary_1              0x00000167   Thumb Code     0  libinit2.o(.ARM.Collect$$libinit$$00000017)
    __rt_lib_init_lc_numeric_1               0x00000167   Thumb Code     0  libinit2.o(.ARM.Collect$$libinit$$00000019)
    __rt_lib_init_lc_time_1                  0x00000167   Thumb Code     0  libinit2.o(.ARM.Collect$$libinit$$0000001B)
    __rt_lib_init_preinit_1                  0x00000167   Thumb Code     0  libinit2.o(.ARM.Collect$$libinit$$00000006)
    __rt_lib_init_rand_1                     0x00000167   Thumb Code     0  libinit2.o(.ARM.Collect$$libinit$$00000010)
    __rt_lib_init_relocate_pie_1             0x00000167   Thumb Code     0  libinit2.o(.ARM.Collect$$libinit$$00000004)
    __rt_lib_init_return                     0x00000167   Thumb Code     0  libinit2.o(.ARM.Collect$$libinit$$00000035)
    __rt_lib_init_signal_1                   0x00000167   Thumb Code     0  libinit2.o(.ARM.Collect$$libinit$$0000001F)
    __rt_lib_init_stdio_1                    0x00000167   Thumb Code     0  libinit2.o(.ARM.Collect$$libinit$$00000027)
    __rt_lib_init_user_alloc_1               0x00000167   Thumb Code     0  libinit2.o(.ARM.Collect$$libinit$$0000000E)
    __rt_lib_shutdown                        0x00000169   Thumb Code     0  libshutdown.o(.ARM.Collect$$libshutdown$$00000000)
    __rt_lib_shutdown_cpp_1                  0x0000016b   Thumb Code     0  libshutdown2.o(.ARM.Collect$$libshutdown$$00000002)
    __rt_lib_shutdown_fp_trap_1              0x0000016b   Thumb Code     0  libshutdown2.o(.ARM.Collect$$libshutdown$$00000007)
    __rt_lib_shutdown_heap_1                 0x0000016b   Thumb Code     0  libshutdown2.o(.ARM.Collect$$libshutdown$$0000000F)
    __rt_lib_shutdown_return                 0x0000016b   Thumb Code     0  libshutdown2.o(.ARM.Collect$$libshutdown$$00000010)
    __rt_lib_shutdown_signal_1               0x0000016b   Thumb Code     0  libshutdown2.o(.ARM.Collect$$libshutdown$$0000000A)
    __rt_lib_shutdown_stdio_1                0x0000016b   Thumb Code     0  libshutdown2.o(.ARM.Collect$$libshutdown$$00000004)
    __rt_lib_shutdown_user_alloc_1           0x0000016b   Thumb Code     0  libshutdown2.o(.ARM.Collect$$libshutdown$$0000000C)
    __rt_entry                               0x0000016d   Thumb Code     0  __rtentry.o(.ARM.Collect$$rtentry$$00000000)
    __rt_entry_presh_1                       0x0000016d   Thumb Code     0  __rtentry2.o(.ARM.Collect$$rtentry$$00000002)
    __rt_entry_sh                            0x0000016d   Thumb Code     0  __rtentry4.o(.ARM.Collect$$rtentry$$00000004)
    __rt_entry_li                            0x00000173   Thumb Code     0  __rtentry2.o(.ARM.Collect$$rtentry$$0000000A)
    __rt_entry_postsh_1                      0x00000173   Thumb Code     0  __rtentry2.o(.ARM.Collect$$rtentry$$00000009)
    __rt_entry_main                          0x00000177   Thumb Code     0  __rtentry2.o(.ARM.Collect$$rtentry$$0000000D)
    __rt_entry_postli_1                      0x00000177   Thumb Code     0  __rtentry2.o(.ARM.Collect$$rtentry$$0000000C)
    __rt_exit                                0x0000017f   Thumb Code     0  rtexit.o(.ARM.Collect$$rtexit$$00000000)
    __rt_exit_ls                             0x00000181   Thumb Code     0  rtexit2.o(.ARM.Collect$$rtexit$$00000003)
    __rt_exit_prels_1                        0x00000181   Thumb Code     0  rtexit2.o(.ARM.Collect$$rtexit$$00000002)
    __rt_exit_exit                           0x00000185   Thumb Code     0  rtexit2.o(.ARM.Collect$$rtexit$$00000004)
    Reset_Handler                            0x0000018d   Thumb Code     4  startup_mspm0g350x_uvision.o(.text)
    NMI_Handler                              0x00000191   Thumb Code     2  startup_mspm0g350x_uvision.o(.text)
    HardFault_Handler                        0x00000193   Thumb Code     2  startup_mspm0g350x_uvision.o(.text)
    SVC_Handler                              0x00000195   Thumb Code     2  startup_mspm0g350x_uvision.o(.text)
    PendSV_Handler                           0x00000197   Thumb Code     2  startup_mspm0g350x_uvision.o(.text)
    SysTick_Handler                          0x00000199   Thumb Code     2  startup_mspm0g350x_uvision.o(.text)
    ADC0_IRQHandler                          0x0000019b   Thumb Code     0  startup_mspm0g350x_uvision.o(.text)
    ADC1_IRQHandler                          0x0000019b   Thumb Code     0  startup_mspm0g350x_uvision.o(.text)
    AES_IRQHandler                           0x0000019b   Thumb Code     0  startup_mspm0g350x_uvision.o(.text)
    CANFD0_IRQHandler                        0x0000019b   Thumb Code     0  startup_mspm0g350x_uvision.o(.text)
    DAC0_IRQHandler                          0x0000019b   Thumb Code     0  startup_mspm0g350x_uvision.o(.text)
    DMA_IRQHandler                           0x0000019b   Thumb Code     0  startup_mspm0g350x_uvision.o(.text)
    Default_Handler                          0x0000019b   Thumb Code     2  startup_mspm0g350x_uvision.o(.text)
    GROUP0_IRQHandler                        0x0000019b   Thumb Code     0  startup_mspm0g350x_uvision.o(.text)
    I2C0_IRQHandler                          0x0000019b   Thumb Code     0  startup_mspm0g350x_uvision.o(.text)
    I2C1_IRQHandler                          0x0000019b   Thumb Code     0  startup_mspm0g350x_uvision.o(.text)
    RTC_IRQHandler                           0x0000019b   Thumb Code     0  startup_mspm0g350x_uvision.o(.text)
    SPI0_IRQHandler                          0x0000019b   Thumb Code     0  startup_mspm0g350x_uvision.o(.text)
    SPI1_IRQHandler                          0x0000019b   Thumb Code     0  startup_mspm0g350x_uvision.o(.text)
    TIMA1_IRQHandler                         0x0000019b   Thumb Code     0  startup_mspm0g350x_uvision.o(.text)
    TIMG12_IRQHandler                        0x0000019b   Thumb Code     0  startup_mspm0g350x_uvision.o(.text)
    TIMG6_IRQHandler                         0x0000019b   Thumb Code     0  startup_mspm0g350x_uvision.o(.text)
    TIMG7_IRQHandler                         0x0000019b   Thumb Code     0  startup_mspm0g350x_uvision.o(.text)
    TIMG8_IRQHandler                         0x0000019b   Thumb Code     0  startup_mspm0g350x_uvision.o(.text)
    UART1_IRQHandler                         0x0000019b   Thumb Code     0  startup_mspm0g350x_uvision.o(.text)
    UART2_IRQHandler                         0x0000019b   Thumb Code     0  startup_mspm0g350x_uvision.o(.text)
    UART3_IRQHandler                         0x0000019b   Thumb Code     0  startup_mspm0g350x_uvision.o(.text)
    __user_initial_stackheap                 0x0000019d   Thumb Code    10  startup_mspm0g350x_uvision.o(.text)
    __use_two_region_memory                  0x000001bd   Thumb Code     2  heapauxi.o(.text)
    __rt_heap_escrow$2region                 0x000001bf   Thumb Code     2  heapauxi.o(.text)
    __rt_heap_expand$2region                 0x000001c1   Thumb Code     2  heapauxi.o(.text)
    __aeabi_d2f                              0x000001c5   Thumb Code     0  d2f.o(.text)
    _d2f                                     0x000001c5   Thumb Code   120  d2f.o(.text)
    __aeabi_dadd                             0x00000539   Thumb Code     0  daddsub.o(.text)
    _dadd                                    0x00000539   Thumb Code    26  daddsub.o(.text)
    __aeabi_dsub                             0x00000553   Thumb Code     0  daddsub.o(.text)
    _dsub                                    0x00000553   Thumb Code    22  daddsub.o(.text)
    __aeabi_drsub                            0x00000569   Thumb Code     0  daddsub.o(.text)
    _drsb                                    0x00000569   Thumb Code    28  daddsub.o(.text)
    __aeabi_ddiv                             0x00000599   Thumb Code     0  ddiv.o(.text)
    _ddiv                                    0x00000599   Thumb Code  1072  ddiv.o(.text)
    _drdiv                                   0x000009c9   Thumb Code    20  ddiv.o(.text)
    __aeabi_i2d_normalise                    0x000009e1   Thumb Code    66  dflti.o(.text)
    __aeabi_i2d                              0x00000a23   Thumb Code    16  dflti.o(.text)
    _dflt                                    0x00000a23   Thumb Code     0  dflti.o(.text)
    __aeabi_ui2d                             0x00000a33   Thumb Code     6  dflti.o(.text)
    _dfltu                                   0x00000a33   Thumb Code     0  dflti.o(.text)
    __aeabi_dmul                             0x00000a39   Thumb Code     0  dmul.o(.text)
    _dmul                                    0x00000a39   Thumb Code   558  dmul.o(.text)
    __aeabi_f2d                              0x00000c81   Thumb Code     0  f2d.o(.text)
    _f2d                                     0x00000c81   Thumb Code    80  f2d.o(.text)
    __aeabi_fdiv                             0x00000cd5   Thumb Code     0  fdiv.o(.text)
    _fdiv                                    0x00000cd5   Thumb Code   334  fdiv.o(.text)
    _frdiv                                   0x00000e23   Thumb Code     8  fdiv.o(.text)
    __aeabi_f2iz                             0x00000e35   Thumb Code     0  ffixi.o(.text)
    _ffix                                    0x00000e35   Thumb Code    76  ffixi.o(.text)
    __aeabi_f2uiz                            0x00000e81   Thumb Code     0  ffixui.o(.text)
    _ffixu                                   0x00000e81   Thumb Code    48  ffixui.o(.text)
    __aeabi_i2f_normalise                    0x00000eb1   Thumb Code    72  fflti.o(.text)
    __aeabi_i2f                              0x00000ef9   Thumb Code    16  fflti.o(.text)
    _fflt                                    0x00000ef9   Thumb Code     0  fflti.o(.text)
    __aeabi_ui2f                             0x00000f09   Thumb Code     6  fflti.o(.text)
    _ffltu                                   0x00000f09   Thumb Code     0  fflti.o(.text)
    __fpl_fcmp_InfNaN                        0x00000f11   Thumb Code    96  fcmpin.o(.text)
    __user_setup_stackheap                   0x00000f75   Thumb Code    62  sys_stackheap_outer.o(.text)
    exit                                     0x00000fb3   Thumb Code    16  exit.o(.text)
    __fpl_cmpreturn                          0x00000fc3   Thumb Code    46  cmpret.o(.text)
    __fpl_fcheck_NaN2                        0x00000ff1   Thumb Code    10  fnan2.o(.text)
    __user_libspace                          0x00001001   Thumb Code     8  libspace.o(.text)
    __user_perproc_libspace                  0x00001001   Thumb Code     0  libspace.o(.text)
    __user_perthread_libspace                0x00001001   Thumb Code     0  libspace.o(.text)
    __fpl_return_NaN                         0x00001009   Thumb Code    94  retnan.o(.text)
    _sys_exit                                0x00001069   Thumb Code     8  sys_exit.o(.text)
    __I$use$semihosting                      0x00001075   Thumb Code     0  use_no_semi.o(.text)
    __use_no_semihosting_swi                 0x00001075   Thumb Code     2  use_no_semi.o(.text)
    __semihosting_library_function           0x00001077   Thumb Code     0  indicate_semi.o(.text)
    BeepDeviceInit                           0x00001079   Thumb Code    16  beep.o(.text.BeepDeviceInit)
    ClearDistance                            0x00001091   Thumb Code    20  dist.o(.text.ClearDistance)
    DL_Common_delayCycles                    0x000010b5   Thumb Code    10  dl_common.o(.text.DL_Common_delayCycles)
    DL_Timer_initFourCCPWMMode               0x000010c1   Thumb Code   264  dl_timer.o(.text.DL_Timer_initFourCCPWMMode)
    DL_Timer_initTimerMode                   0x000011c9   Thumb Code   264  dl_timer.o(.text.DL_Timer_initTimerMode)
    DL_Timer_setCaptCompUpdateMethod         0x000012d1   Thumb Code    28  dl_timer.o(.text.DL_Timer_setCaptCompUpdateMethod)
    DL_Timer_setCaptureCompareOutCtl         0x000012ed   Thumb Code    24  dl_timer.o(.text.DL_Timer_setCaptureCompareOutCtl)
    DL_Timer_setCaptureCompareValue          0x00001305   Thumb Code    16  dl_timer.o(.text.DL_Timer_setCaptureCompareValue)
    DL_Timer_setClockConfig                  0x00001315   Thumb Code    28  dl_timer.o(.text.DL_Timer_setClockConfig)
    DL_UART_init                             0x00001331   Thumb Code    72  dl_uart.o(.text.DL_UART_init)
    DL_UART_setClockConfig                   0x00001379   Thumb Code    18  dl_uart.o(.text.DL_UART_setClockConfig)
    EncoderInit                              0x0000138d   Thumb Code    16  encoder.o(.text.EncoderInit)
    FirstTask                                0x000013a5   Thumb Code   272  task.o(.text.FirstTask)
    GROUP1_IRQHandler                        0x000014f5   Thumb Code   148  encoder.o(.text.GROUP1_IRQHandler)
    GetDistance                              0x0000158d   Thumb Code    60  dist.o(.text.GetDistance)
    GetSpeed                                 0x000015d9   Thumb Code   196  speed.o(.text.GetSpeed)
    Gray_Update                              0x000016cd   Thumb Code    72  gray.o(.text.Gray_Update)
    KeyDeviceInit                            0x00001721   Thumb Code    52  key.o(.text.KeyDeviceInit)
    Key_GetNum                               0x00001759   Thumb Code   120  key.o(.text.Key_GetNum)
    LedDeviceInit                            0x000017d5   Thumb Code    40  led.o(.text.LedDeviceInit)
    Motor_LeftCtrl                           0x00001809   Thumb Code    44  motor.o(.text.Motor_LeftCtrl)
    Motor_RightCtrl                          0x00001839   Thumb Code    44  motor.o(.text.Motor_RightCtrl)
    Motor_Stop                               0x00001869   Thumb Code    24  motor.o(.text.Motor_Stop)
    PID_Calculate                            0x00001885   Thumb Code   190  pid.o(.text.PID_Calculate)
    PID_OutPutLimit                          0x00001943   Thumb Code    70  pid.o(.text.PID_OutPutLimit)
    PID_Select                               0x00001989   Thumb Code    64  pid.o(.text.PID_Select)
    PID_Update                               0x000019d5   Thumb Code    14  pid.o(.text.PID_Update)
    SYSCFG_DL_GPIO_init                      0x000019e5   Thumb Code   248  ti_msp_dl_config.o(.text.SYSCFG_DL_GPIO_init)
    SYSCFG_DL_PWM_init                       0x00001b11   Thumb Code   116  ti_msp_dl_config.o(.text.SYSCFG_DL_PWM_init)
    SYSCFG_DL_SYSCTL_init                    0x00001b9d   Thumb Code    64  ti_msp_dl_config.o(.text.SYSCFG_DL_SYSCTL_init)
    SYSCFG_DL_SYSTICK_init                   0x00001be9   Thumb Code    24  ti_msp_dl_config.o(.text.SYSCFG_DL_SYSTICK_init)
    SYSCFG_DL_TIMER_0_init                   0x00001c05   Thumb Code    48  ti_msp_dl_config.o(.text.SYSCFG_DL_TIMER_0_init)
    SYSCFG_DL_TIMER_1_init                   0x00001c49   Thumb Code    52  ti_msp_dl_config.o(.text.SYSCFG_DL_TIMER_1_init)
    SYSCFG_DL_UART_0_init                    0x00001c95   Thumb Code    88  ti_msp_dl_config.o(.text.SYSCFG_DL_UART_0_init)
    SYSCFG_DL_init                           0x00001d05   Thumb Code    52  ti_msp_dl_config.o(.text.SYSCFG_DL_init)
    SYSCFG_DL_initPower                      0x00001d41   Thumb Code    52  ti_msp_dl_config.o(.text.SYSCFG_DL_initPower)
    SecondTask                               0x00001d95   Thumb Code   208  task.o(.text.SecondTask)
    SetBeepMode                              0x00001ea5   Thumb Code    32  beep.o(.text.SetBeepMode)
    SetLedMode                               0x00001ecd   Thumb Code    76  led.o(.text.SetLedMode)
    SoundLightRun                            0x00001f25   Thumb Code    44  soundlight.o(.text.SoundLightRun)
    SoundLightUpdate                         0x00001f51   Thumb Code    56  soundlight.o(.text.SoundLightUpdate)
    SpeedPidCtrl                             0x00001f91   Thumb Code   296  speed.o(.text.SpeedPidCtrl)
    System_Init                              0x000020ed   Thumb Code    32  utils.o(.text.System_Init)
    TIMA0_IRQHandler                         0x0000210d   Thumb Code    24  empty.o(.text.TIMA0_IRQHandler)
    TIMG0_IRQHandler                         0x0000212d   Thumb Code    36  empty.o(.text.TIMG0_IRQHandler)
    TaskSelect                               0x00002155   Thumb Code   132  utils.o(.text.TaskSelect)
    TimerDeviceInit                          0x000021e9   Thumb Code    20  timer.o(.text.TimerDeviceInit)
    TrackCascadeCtrl                         0x000021fd   Thumb Code    16  track.o(.text.TrackCascadeCtrl)
    TrackLoopPidCtrl                         0x0000220d   Thumb Code   180  track.o(.text.TrackLoopPidCtrl)
    TrackPidCtrl                             0x000022c5   Thumb Code   200  track.o(.text.TrackPidCtrl)
    UART0_IRQHandler                         0x0000245d   Thumb Code   316  minipc.o(.text.UART0_IRQHandler)
    UartDeviceInit                           0x000025b5   Thumb Code    16  uart.o(.text.UartDeviceInit)
    Wait_For_A_While                         0x000025cd   Thumb Code    52  utils.o(.text.Wait_For_A_While)
    delay_ms                                 0x00002605   Thumb Code   424  delay.o(.text.delay_ms)
    main                                     0x000027b1   Thumb Code    10  empty.o(.text.main)
    turn_90_control                          0x000027bd   Thumb Code   308  speed.o(.text.turn_90_control)
    __aeabi_fcmpge                           0x00002921   Thumb Code     0  fcmp.o(i._fgeq)
    _fgeq                                    0x00002921   Thumb Code    22  fcmp.o(i._fgeq)
    __aeabi_fcmpgt                           0x00002937   Thumb Code     0  fcmp.o(i._fgr)
    _fgr                                     0x00002937   Thumb Code    22  fcmp.o(i._fgr)
    __aeabi_fcmple                           0x0000294d   Thumb Code     0  fcmp.o(i._fleq)
    _fleq                                    0x0000294d   Thumb Code    26  fcmp.o(i._fleq)
    __aeabi_fcmplt                           0x00002967   Thumb Code     0  fcmp.o(i._fls)
    _fls                                     0x00002967   Thumb Code    22  fcmp.o(i._fls)
    __aeabi_fadd                             0x0000297d   Thumb Code     0  faddsub.o(x$fpl$fadd)
    _fadd                                    0x0000297d   Thumb Code   134  faddsub.o(x$fpl$fadd)
    _fcmpge                                  0x00002a09   Thumb Code    78  fgef.o(x$fpl$fgeqf)
    __aeabi_cfcmple                          0x00002a5d   Thumb Code     0  flef.o(x$fpl$fleqf)
    _fcmple                                  0x00002a5d   Thumb Code    78  flef.o(x$fpl$fleqf)
    __aeabi_fmul                             0x00002ab1   Thumb Code     0  fmul.o(x$fpl$fmul)
    _fmul                                    0x00002ab1   Thumb Code   172  fmul.o(x$fpl$fmul)
    __aeabi_fsub                             0x00002b61   Thumb Code     0  faddsub.o(x$fpl$fsub)
    _fsub                                    0x00002b61   Thumb Code   204  faddsub.o(x$fpl$fsub)
    __I$use$fp                               0x00002c30   Number         0  usenofp.o(x$fpl$usenofp)
    Region$$Table$$Base                      0x00002d38   Number         0  anon$$obj.o(Region$$Table)
    Region$$Table$$Limit                     0x00002d58   Number         0  anon$$obj.o(Region$$Table)
    gray_weight                              0x20200000   Data           8  track.o(.data.gray_weight)
    left_speed_pid                           0x20200008   Data           8  speed.o(.data.left_speed_pid)
    motor_left_dir                           0x20200010   Data           1  motor.o(.data.motor_left_dir)
    motor_right_dir                          0x20200011   Data           1  motor.o(.data.motor_right_dir)
    right_speed_pid                          0x20200014   Data           8  speed.o(.data.right_speed_pid)
    __libspace_start                         0x20200020   Data          96  libspace.o(.bss)
    __temporary_stack_top$libspace           0x20200080   Data           0  libspace.o(.bss)
    basespeed                                0x202000ac   Data           4  task.o(.bss.basespeed)
    bias                                     0x202000b2   Data           2  task.o(.bss.bias)
    carL_dis                                 0x202000b4   Data           4  dist.o(.bss.carL_dis)
    carR_dis                                 0x202000b8   Data           4  dist.o(.bss.carR_dis)
    corner_cnt                               0x202000bc   Data           1  task.o(.bss.corner_cnt)
    corner_detected                          0x202000bd   Data           1  task.o(.bss.corner_detected)
    encoder_left_count                       0x202000c0   Data           4  encoder.o(.bss.encoder_left_count)
    encoder_right_count                      0x202000c4   Data           4  encoder.o(.bss.encoder_right_count)
    gPWMBackup                               0x202000c8   Data         160  ti_msp_dl_config.o(.bss.gPWMBackup)
    gTIMER_0Backup                           0x20200168   Data         188  ti_msp_dl_config.o(.bss.gTIMER_0Backup)
    gray                                     0x20200224   Data           8  gray.o(.bss.gray)
    lap_count                                0x20200268   Data           1  task.o(.bss.lap_count)
    lap_num                                  0x20200269   Data           1  utils.o(.bss.lap_num)
    left_speed                               0x2020028c   Data           4  speed.o(.bss.left_speed)
    pid_flag                                 0x20200290   Data           1  pid.o(.bss.pid_flag)
    right_speed                              0x20200294   Data           4  speed.o(.bss.right_speed)
    task_num                                 0x2020039c   Data           1  utils.o(.bss.task_num)
    total_start_flag                         0x2020039d   Data           1  utils.o(.bss.total_start_flag)
    track_loop_pid                           0x202003a0   Data          52  track.o(.bss.track_loop_pid)
    track_pid                                0x202003d4   Data          52  track.o(.bss.track_pid)
    turn_flag                                0x20200408   Data           1  task.o(.bss.turn_flag)
    wait_flag                                0x20200409   Data           1  utils.o(.bss.wait_flag)
    workstep                                 0x2020040a   Data           1  task.o(.bss.workstep)



==============================================================================

Memory Map of the image

  Image Entry point : 0x000000c1

  Load Region LR_IROM1 (Base: 0x00000000, Size: 0x00002d78, Max: 0x00020000, ABSOLUTE)

    Execution Region ER_IROM1 (Exec base: 0x00000000, Load base: 0x00000000, Size: 0x00002d58, Max: 0x00020000, ABSOLUTE)

    Exec Addr    Load Addr    Size         Type   Attr      Idx    E Section Name        Object

    0x00000000   0x00000000   0x000000c0   Data   RO          281    RESET               startup_mspm0g350x_uvision.o
    0x000000c0   0x000000c0   0x00000008   Code   RO          494  * !!!main             c_p.l(__main.o)
    0x000000c8   0x000000c8   0x00000054   Code   RO          728    !!!scatter          c_p.l(__scatter.o)
    0x0000011c   0x0000011c   0x00000004   PAD
    0x00000120   0x00000120   0x0000001a   Code   RO          732    !!handler_copy      c_p.l(__scatter_copy.o)
    0x0000013a   0x0000013a   0x00000006   PAD
    0x00000140   0x00000140   0x00000002   Code   RO          729    !!handler_null      c_p.l(__scatter.o)
    0x00000142   0x00000142   0x00000006   PAD
    0x00000148   0x00000148   0x0000001c   Code   RO          734    !!handler_zi        c_p.l(__scatter_zi.o)
    0x00000164   0x00000164   0x00000002   Code   RO          583    .ARM.Collect$$libinit$$00000000  c_p.l(libinit.o)
    0x00000166   0x00000166   0x00000000   Code   RO          601    .ARM.Collect$$libinit$$00000002  c_p.l(libinit2.o)
    0x00000166   0x00000166   0x00000000   Code   RO          603    .ARM.Collect$$libinit$$00000004  c_p.l(libinit2.o)
    0x00000166   0x00000166   0x00000000   Code   RO          605    .ARM.Collect$$libinit$$00000006  c_p.l(libinit2.o)
    0x00000166   0x00000166   0x00000000   Code   RO          608    .ARM.Collect$$libinit$$0000000C  c_p.l(libinit2.o)
    0x00000166   0x00000166   0x00000000   Code   RO          610    .ARM.Collect$$libinit$$0000000E  c_p.l(libinit2.o)
    0x00000166   0x00000166   0x00000000   Code   RO          612    .ARM.Collect$$libinit$$00000010  c_p.l(libinit2.o)
    0x00000166   0x00000166   0x00000000   Code   RO          615    .ARM.Collect$$libinit$$00000013  c_p.l(libinit2.o)
    0x00000166   0x00000166   0x00000000   Code   RO          617    .ARM.Collect$$libinit$$00000015  c_p.l(libinit2.o)
    0x00000166   0x00000166   0x00000000   Code   RO          619    .ARM.Collect$$libinit$$00000017  c_p.l(libinit2.o)
    0x00000166   0x00000166   0x00000000   Code   RO          621    .ARM.Collect$$libinit$$00000019  c_p.l(libinit2.o)
    0x00000166   0x00000166   0x00000000   Code   RO          623    .ARM.Collect$$libinit$$0000001B  c_p.l(libinit2.o)
    0x00000166   0x00000166   0x00000000   Code   RO          625    .ARM.Collect$$libinit$$0000001D  c_p.l(libinit2.o)
    0x00000166   0x00000166   0x00000000   Code   RO          627    .ARM.Collect$$libinit$$0000001F  c_p.l(libinit2.o)
    0x00000166   0x00000166   0x00000000   Code   RO          629    .ARM.Collect$$libinit$$00000021  c_p.l(libinit2.o)
    0x00000166   0x00000166   0x00000000   Code   RO          631    .ARM.Collect$$libinit$$00000023  c_p.l(libinit2.o)
    0x00000166   0x00000166   0x00000000   Code   RO          633    .ARM.Collect$$libinit$$00000025  c_p.l(libinit2.o)
    0x00000166   0x00000166   0x00000000   Code   RO          635    .ARM.Collect$$libinit$$00000027  c_p.l(libinit2.o)
    0x00000166   0x00000166   0x00000000   Code   RO          639    .ARM.Collect$$libinit$$0000002E  c_p.l(libinit2.o)
    0x00000166   0x00000166   0x00000000   Code   RO          641    .ARM.Collect$$libinit$$00000030  c_p.l(libinit2.o)
    0x00000166   0x00000166   0x00000000   Code   RO          643    .ARM.Collect$$libinit$$00000032  c_p.l(libinit2.o)
    0x00000166   0x00000166   0x00000000   Code   RO          645    .ARM.Collect$$libinit$$00000034  c_p.l(libinit2.o)
    0x00000166   0x00000166   0x00000002   Code   RO          646    .ARM.Collect$$libinit$$00000035  c_p.l(libinit2.o)
    0x00000168   0x00000168   0x00000002   Code   RO          683    .ARM.Collect$$libshutdown$$00000000  c_p.l(libshutdown.o)
    0x0000016a   0x0000016a   0x00000000   Code   RO          711    .ARM.Collect$$libshutdown$$00000002  c_p.l(libshutdown2.o)
    0x0000016a   0x0000016a   0x00000000   Code   RO          713    .ARM.Collect$$libshutdown$$00000004  c_p.l(libshutdown2.o)
    0x0000016a   0x0000016a   0x00000000   Code   RO          716    .ARM.Collect$$libshutdown$$00000007  c_p.l(libshutdown2.o)
    0x0000016a   0x0000016a   0x00000000   Code   RO          719    .ARM.Collect$$libshutdown$$0000000A  c_p.l(libshutdown2.o)
    0x0000016a   0x0000016a   0x00000000   Code   RO          721    .ARM.Collect$$libshutdown$$0000000C  c_p.l(libshutdown2.o)
    0x0000016a   0x0000016a   0x00000000   Code   RO          724    .ARM.Collect$$libshutdown$$0000000F  c_p.l(libshutdown2.o)
    0x0000016a   0x0000016a   0x00000002   Code   RO          725    .ARM.Collect$$libshutdown$$00000010  c_p.l(libshutdown2.o)
    0x0000016c   0x0000016c   0x00000000   Code   RO          538    .ARM.Collect$$rtentry$$00000000  c_p.l(__rtentry.o)
    0x0000016c   0x0000016c   0x00000000   Code   RO          551    .ARM.Collect$$rtentry$$00000002  c_p.l(__rtentry2.o)
    0x0000016c   0x0000016c   0x00000006   Code   RO          563    .ARM.Collect$$rtentry$$00000004  c_p.l(__rtentry4.o)
    0x00000172   0x00000172   0x00000000   Code   RO          553    .ARM.Collect$$rtentry$$00000009  c_p.l(__rtentry2.o)
    0x00000172   0x00000172   0x00000004   Code   RO          554    .ARM.Collect$$rtentry$$0000000A  c_p.l(__rtentry2.o)
    0x00000176   0x00000176   0x00000000   Code   RO          556    .ARM.Collect$$rtentry$$0000000C  c_p.l(__rtentry2.o)
    0x00000176   0x00000176   0x00000008   Code   RO          557    .ARM.Collect$$rtentry$$0000000D  c_p.l(__rtentry2.o)
    0x0000017e   0x0000017e   0x00000002   Code   RO          592    .ARM.Collect$$rtexit$$00000000  c_p.l(rtexit.o)
    0x00000180   0x00000180   0x00000000   Code   RO          654    .ARM.Collect$$rtexit$$00000002  c_p.l(rtexit2.o)
    0x00000180   0x00000180   0x00000004   Code   RO          655    .ARM.Collect$$rtexit$$00000003  c_p.l(rtexit2.o)
    0x00000184   0x00000184   0x00000006   Code   RO          656    .ARM.Collect$$rtexit$$00000004  c_p.l(rtexit2.o)
    0x0000018a   0x0000018a   0x00000002   PAD
    0x0000018c   0x0000018c   0x00000030   Code   RO          282    .text               startup_mspm0g350x_uvision.o
    0x000001bc   0x000001bc   0x00000006   Code   RO          492    .text               c_p.l(heapauxi.o)
    0x000001c2   0x000001c2   0x00000002   PAD
    0x000001c4   0x000001c4   0x0000007c   Code   RO          496    .text               fz_ps.l(d2f.o)
    0x00000240   0x00000240   0x00000358   Code   RO          498    .text               fz_ps.l(daddsub.o)
    0x00000598   0x00000598   0x00000448   Code   RO          500    .text               fz_ps.l(ddiv.o)
    0x000009e0   0x000009e0   0x00000058   Code   RO          503    .text               fz_ps.l(dflti.o)
    0x00000a38   0x00000a38   0x00000248   Code   RO          505    .text               fz_ps.l(dmul.o)
    0x00000c80   0x00000c80   0x00000054   Code   RO          507    .text               fz_ps.l(f2d.o)
    0x00000cd4   0x00000cd4   0x00000160   Code   RO          527    .text               fz_ps.l(fdiv.o)
    0x00000e34   0x00000e34   0x0000004c   Code   RO          530    .text               fz_ps.l(ffixi.o)
    0x00000e80   0x00000e80   0x00000030   Code   RO          532    .text               fz_ps.l(ffixui.o)
    0x00000eb0   0x00000eb0   0x0000005e   Code   RO          534    .text               fz_ps.l(fflti.o)
    0x00000f0e   0x00000f0e   0x00000002   PAD
    0x00000f10   0x00000f10   0x00000064   Code   RO          567    .text               fz_ps.l(fcmpin.o)
    0x00000f74   0x00000f74   0x0000003e   Code   RO          569    .text               c_p.l(sys_stackheap_outer.o)
    0x00000fb2   0x00000fb2   0x00000010   Code   RO          572    .text               c_p.l(exit.o)
    0x00000fc2   0x00000fc2   0x0000002e   Code   RO          584    .text               fz_ps.l(cmpret.o)
    0x00000ff0   0x00000ff0   0x00000010   Code   RO          586    .text               fz_ps.l(fnan2.o)
    0x00001000   0x00001000   0x00000008   Code   RO          588    .text               c_p.l(libspace.o)
    0x00001008   0x00001008   0x0000005e   Code   RO          647    .text               fz_ps.l(retnan.o)
    0x00001066   0x00001066   0x00000002   PAD
    0x00001068   0x00001068   0x0000000c   Code   RO          649    .text               c_p.l(sys_exit.o)
    0x00001074   0x00001074   0x00000002   Code   RO          672    .text               c_p.l(use_no_semi.o)
    0x00001076   0x00001076   0x00000000   Code   RO          674    .text               c_p.l(indicate_semi.o)
    0x00001076   0x00001076   0x00000002   PAD
    0x00001078   0x00001078   0x00000018   Code   RO          100    .text.BeepDeviceInit  beep.o
    0x00001090   0x00001090   0x00000024   Code   RO          236    .text.ClearDistance  dist.o
    0x000010b4   0x000010b4   0x0000000a   Code   RO          329    .text.DL_Common_delayCycles  driverlib.a(dl_common.o)
    0x000010be   0x000010be   0x00000002   PAD
    0x000010c0   0x000010c0   0x00000108   Code   RO          418    .text.DL_Timer_initFourCCPWMMode  driverlib.a(dl_timer.o)
    0x000011c8   0x000011c8   0x00000108   Code   RO          342    .text.DL_Timer_initTimerMode  driverlib.a(dl_timer.o)
    0x000012d0   0x000012d0   0x0000001c   Code   RO          384    .text.DL_Timer_setCaptCompUpdateMethod  driverlib.a(dl_timer.o)
    0x000012ec   0x000012ec   0x00000018   Code   RO          392    .text.DL_Timer_setCaptureCompareOutCtl  driverlib.a(dl_timer.o)
    0x00001304   0x00001304   0x00000010   Code   RO          344    .text.DL_Timer_setCaptureCompareValue  driverlib.a(dl_timer.o)
    0x00001314   0x00001314   0x0000001c   Code   RO          338    .text.DL_Timer_setClockConfig  driverlib.a(dl_timer.o)
    0x00001330   0x00001330   0x00000048   Code   RO          439    .text.DL_UART_init  driverlib.a(dl_uart.o)
    0x00001378   0x00001378   0x00000012   Code   RO          441    .text.DL_UART_setClockConfig  driverlib.a(dl_uart.o)
    0x0000138a   0x0000138a   0x00000002   PAD
    0x0000138c   0x0000138c   0x00000018   Code   RO          144    .text.EncoderInit   encoder.o
    0x000013a4   0x000013a4   0x00000150   Code   RO            2    .text.FirstTask     task.o
    0x000014f4   0x000014f4   0x00000098   Code   RO          146    .text.GROUP1_IRQHandler  encoder.o
    0x0000158c   0x0000158c   0x0000004c   Code   RO          234    .text.GetDistance   dist.o
    0x000015d8   0x000015d8   0x000000f4   Code   RO          204    .text.GetSpeed      speed.o
    0x000016cc   0x000016cc   0x00000054   Code   RO          158    .text.Gray_Update   gray.o
    0x00001720   0x00001720   0x00000038   Code   RO          111    .text.KeyDeviceInit  key.o
    0x00001758   0x00001758   0x0000007c   Code   RO          113    .text.Key_GetNum    key.o
    0x000017d4   0x000017d4   0x00000034   Code   RO           87    .text.LedDeviceInit  led.o
    0x00001808   0x00001808   0x00000030   Code   RO          128    .text.Motor_LeftCtrl  motor.o
    0x00001838   0x00001838   0x00000030   Code   RO          130    .text.Motor_RightCtrl  motor.o
    0x00001868   0x00001868   0x0000001c   Code   RO          132    .text.Motor_Stop    motor.o
    0x00001884   0x00001884   0x000000be   Code   RO          251    .text.PID_Calculate  pid.o
    0x00001942   0x00001942   0x00000046   Code   RO          253    .text.PID_OutPutLimit  pid.o
    0x00001988   0x00001988   0x0000004c   Code   RO          255    .text.PID_Select    pid.o
    0x000019d4   0x000019d4   0x0000000e   Code   RO          247    .text.PID_Update    pid.o
    0x000019e2   0x000019e2   0x00000002   PAD
    0x000019e4   0x000019e4   0x0000012c   Code   RO          293    .text.SYSCFG_DL_GPIO_init  ti_msp_dl_config.o
    0x00001b10   0x00001b10   0x0000008c   Code   RO          297    .text.SYSCFG_DL_PWM_init  ti_msp_dl_config.o
    0x00001b9c   0x00001b9c   0x0000004c   Code   RO          295    .text.SYSCFG_DL_SYSCTL_init  ti_msp_dl_config.o
    0x00001be8   0x00001be8   0x0000001c   Code   RO          305    .text.SYSCFG_DL_SYSTICK_init  ti_msp_dl_config.o
    0x00001c04   0x00001c04   0x00000044   Code   RO          299    .text.SYSCFG_DL_TIMER_0_init  ti_msp_dl_config.o
    0x00001c48   0x00001c48   0x0000004c   Code   RO          301    .text.SYSCFG_DL_TIMER_1_init  ti_msp_dl_config.o
    0x00001c94   0x00001c94   0x00000070   Code   RO          303    .text.SYSCFG_DL_UART_0_init  ti_msp_dl_config.o
    0x00001d04   0x00001d04   0x0000003c   Code   RO          289    .text.SYSCFG_DL_init  ti_msp_dl_config.o
    0x00001d40   0x00001d40   0x00000054   Code   RO          291    .text.SYSCFG_DL_initPower  ti_msp_dl_config.o
    0x00001d94   0x00001d94   0x00000110   Code   RO            6    .text.SecondTask    task.o
    0x00001ea4   0x00001ea4   0x00000028   Code   RO           98    .text.SetBeepMode   beep.o
    0x00001ecc   0x00001ecc   0x00000058   Code   RO           85    .text.SetLedMode    led.o
    0x00001f24   0x00001f24   0x0000002c   Code   RO           26    .text.SoundLightRun  soundlight.o
    0x00001f50   0x00001f50   0x00000040   Code   RO           28    .text.SoundLightUpdate  soundlight.o
    0x00001f90   0x00001f90   0x0000015c   Code   RO          212    .text.SpeedPidCtrl  speed.o
    0x000020ec   0x000020ec   0x00000020   Code   RO           39    .text.System_Init   utils.o
    0x0000210c   0x0000210c   0x00000020   Code   RO          268    .text.TIMA0_IRQHandler  empty.o
    0x0000212c   0x0000212c   0x00000028   Code   RO          270    .text.TIMG0_IRQHandler  empty.o
    0x00002154   0x00002154   0x00000094   Code   RO           41    .text.TaskSelect    utils.o
    0x000021e8   0x000021e8   0x00000014   Code   RO           57    .text.TimerDeviceInit  timer.o
    0x000021fc   0x000021fc   0x00000010   Code   RO          191    .text.TrackCascadeCtrl  track.o
    0x0000220c   0x0000220c   0x000000b8   Code   RO          189    .text.TrackLoopPidCtrl  track.o
    0x000022c4   0x000022c4   0x000000d4   Code   RO          187    .text.TrackPidCtrl  track.o
    0x00002398   0x00002398   0x000000c4   Code   RO            4    .text.Track_DetectCorner  task.o
    0x0000245c   0x0000245c   0x00000158   Code   RO          173    .text.UART0_IRQHandler  minipc.o
    0x000025b4   0x000025b4   0x00000018   Code   RO           65    .text.UartDeviceInit  uart.o
    0x000025cc   0x000025cc   0x00000038   Code   RO           43    .text.Wait_For_A_While  utils.o
    0x00002604   0x00002604   0x000001ac   Code   RO           75    .text.delay_ms      delay.o
    0x000027b0   0x000027b0   0x0000000a   Code   RO          266    .text.main          empty.o
    0x000027ba   0x000027ba   0x00000002   PAD
    0x000027bc   0x000027bc   0x00000164   Code   RO          210    .text.turn_90_control  speed.o
    0x00002920   0x00002920   0x00000016   Code   RO          516    i._fgeq             fz_ps.l(fcmp.o)
    0x00002936   0x00002936   0x00000016   Code   RO          517    i._fgr              fz_ps.l(fcmp.o)
    0x0000294c   0x0000294c   0x0000001a   Code   RO          518    i._fleq             fz_ps.l(fcmp.o)
    0x00002966   0x00002966   0x00000016   Code   RO          519    i._fls              fz_ps.l(fcmp.o)
    0x0000297c   0x0000297c   0x0000008c   Code   RO          509    x$fpl$fadd          fz_ps.l(faddsub.o)
    0x00002a08   0x00002a08   0x00000054   Code   RO          545    x$fpl$fgeqf         fz_ps.l(fgef.o)
    0x00002a5c   0x00002a5c   0x00000054   Code   RO          547    x$fpl$fleqf         fz_ps.l(flef.o)
    0x00002ab0   0x00002ab0   0x000000b0   Code   RO          536    x$fpl$fmul          fz_ps.l(fmul.o)
    0x00002b60   0x00002b60   0x000000d0   Code   RO          511    x$fpl$fsub          fz_ps.l(faddsub.o)
    0x00002c30   0x00002c30   0x00000000   Code   RO          549    x$fpl$usenofp       fz_ps.l(usenofp.o)
    0x00002c30   0x00002c30   0x00000080   Data   RO          501    .constdata          fz_ps.l(ddiv.o)
    0x00002cb0   0x00002cb0   0x00000040   Data   RO          528    .constdata          fz_ps.l(fdiv.o)
    0x00002cf0   0x00002cf0   0x00000003   Data   RO          313    .rodata.gPWMClockConfig  ti_msp_dl_config.o
    0x00002cf3   0x00002cf3   0x00000001   PAD
    0x00002cf4   0x00002cf4   0x00000008   Data   RO          314    .rodata.gPWMConfig  ti_msp_dl_config.o
    0x00002cfc   0x00002cfc   0x00000003   Data   RO          315    .rodata.gTIMER_0ClockConfig  ti_msp_dl_config.o
    0x00002cff   0x00002cff   0x00000001   PAD
    0x00002d00   0x00002d00   0x00000014   Data   RO          316    .rodata.gTIMER_0TimerConfig  ti_msp_dl_config.o
    0x00002d14   0x00002d14   0x00000003   Data   RO          317    .rodata.gTIMER_1ClockConfig  ti_msp_dl_config.o
    0x00002d17   0x00002d17   0x00000001   PAD
    0x00002d18   0x00002d18   0x00000014   Data   RO          318    .rodata.gTIMER_1TimerConfig  ti_msp_dl_config.o
    0x00002d2c   0x00002d2c   0x00000002   Data   RO          319    .rodata.gUART_0ClockConfig  ti_msp_dl_config.o
    0x00002d2e   0x00002d2e   0x0000000a   Data   RO          320    .rodata.gUART_0Config  ti_msp_dl_config.o
    0x00002d38   0x00002d38   0x00000020   Data   RO          727    Region$$Table       anon$$obj.o


    Execution Region RW_IRAM2 (Exec base: 0x20200000, Load base: 0x00002d58, Size: 0x00001810, Max: 0x00008000, ABSOLUTE)

    Exec Addr    Load Addr    Size         Type   Attr      Idx    E Section Name        Object

    0x20200000   0x00002d58   0x00000008   Data   RW          193    .data.gray_weight   track.o
    0x20200008   0x00002d60   0x00000008   Data   RW          216    .data.left_speed_pid  speed.o
    0x20200010   0x00002d68   0x00000001   Data   RW          134    .data.motor_left_dir  motor.o
    0x20200011   0x00002d69   0x00000001   Data   RW          135    .data.motor_right_dir  motor.o
    0x20200012   0x00002d6a   0x00000002   PAD
    0x20200014   0x00002d6c   0x00000008   Data   RW          217    .data.right_speed_pid  speed.o
    0x2020001c   0x00002d74   0x00000004   PAD
    0x20200020        -       0x00000060   Zero   RW          589    .bss                c_p.l(libspace.o)
    0x20200080        -       0x00000004   Zero   RW          218    .bss.GetSpeed.last_left_count  speed.o
    0x20200084        -       0x00000004   Zero   RW          220    .bss.GetSpeed.last_left_speed  speed.o
    0x20200088        -       0x00000004   Zero   RW          219    .bss.GetSpeed.last_right_count  speed.o
    0x2020008c        -       0x00000004   Zero   RW          221    .bss.GetSpeed.last_right_speed  speed.o
    0x20200090        -       0x00000004   Zero   RW          223    .bss.LeftSpeedPidCtrl.last_offset  speed.o
    0x20200094        -       0x00000004   Zero   RW          222    .bss.LeftSpeedPidCtrl.left_pwm  speed.o
    0x20200098        -       0x00000004   Zero   RW          225    .bss.RightSpeedPidCtrl.last_offset  speed.o
    0x2020009c        -       0x00000004   Zero   RW          224    .bss.RightSpeedPidCtrl.right_pwm  speed.o
    0x202000a0        -       0x00000004   Zero   RW           15    .bss.Track_DetectCorner.black_cnt  task.o
    0x202000a4        -       0x00000001   Zero   RW           17    .bss.Track_DetectCorner.is_latched  task.o
    0x202000a5   0x00002d74   0x00000003   PAD
    0x202000a8        -       0x00000004   Zero   RW           16    .bss.Track_DetectCorner.timer_ms  task.o
    0x202000ac        -       0x00000004   Zero   RW           14    .bss.basespeed      task.o
    0x202000b0        -       0x00000001   Zero   RW          102    .bss.beep.1         beep.o
    0x202000b1   0x00002d74   0x00000001   PAD
    0x202000b2        -       0x00000002   Zero   RW           13    .bss.bias           task.o
    0x202000b4        -       0x00000004   Zero   RW          238    .bss.carL_dis       dist.o
    0x202000b8        -       0x00000004   Zero   RW          239    .bss.carR_dis       dist.o
    0x202000bc        -       0x00000001   Zero   RW           12    .bss.corner_cnt     task.o
    0x202000bd        -       0x00000001   Zero   RW           11    .bss.corner_detected  task.o
    0x202000be        -       0x00000001   Zero   RW          177    .bss.data_len       minipc.o
    0x202000bf   0x00002d74   0x00000001   PAD
    0x202000c0        -       0x00000004   Zero   RW          148    .bss.encoder_left_count  encoder.o
    0x202000c4        -       0x00000004   Zero   RW          149    .bss.encoder_right_count  encoder.o
    0x202000c8        -       0x000000a0   Zero   RW          311    .bss.gPWMBackup     ti_msp_dl_config.o
    0x20200168        -       0x000000bc   Zero   RW          312    .bss.gTIMER_0Backup  ti_msp_dl_config.o
    0x20200224        -       0x00000008   Zero   RW          160    .bss.gray           gray.o
    0x2020022c        -       0x0000003c   Zero   RW          115    .bss.key            key.o
    0x20200268        -       0x00000001   Zero   RW           10    .bss.lap_count      task.o
    0x20200269        -       0x00000001   Zero   RW           45    .bss.lap_num        utils.o
    0x2020026a   0x00002d74   0x00000002   PAD
    0x2020026c        -       0x00000020   Zero   RW           89    .bss.led            led.o
    0x2020028c        -       0x00000004   Zero   RW          214    .bss.left_speed     speed.o
    0x20200290        -       0x00000001   Zero   RW          257    .bss.pid_flag       pid.o
    0x20200291   0x00002d74   0x00000003   PAD
    0x20200294        -       0x00000004   Zero   RW          215    .bss.right_speed    speed.o
    0x20200298        -       0x00000100   Zero   RW          176    .bss.rx_buf         minipc.o
    0x20200398        -       0x00000001   Zero   RW          178    .bss.rx_index       minipc.o
    0x20200399        -       0x00000001   Zero   RW          175    .bss.rx_state       minipc.o
    0x2020039a        -       0x00000001   Zero   RW           30    .bss.soundlight.0   soundlight.o
    0x2020039b        -       0x00000001   Zero   RW           31    .bss.soundlight.1   soundlight.o
    0x2020039c        -       0x00000001   Zero   RW           46    .bss.task_num       utils.o
    0x2020039d        -       0x00000001   Zero   RW           47    .bss.total_start_flag  utils.o
    0x2020039e   0x00002d74   0x00000002   PAD
    0x202003a0        -       0x00000034   Zero   RW          195    .bss.track_loop_pid  track.o
    0x202003d4        -       0x00000034   Zero   RW          194    .bss.track_pid      track.o
    0x20200408        -       0x00000001   Zero   RW            9    .bss.turn_flag      task.o
    0x20200409        -       0x00000001   Zero   RW           48    .bss.wait_flag      utils.o
    0x2020040a        -       0x00000001   Zero   RW            8    .bss.workstep       task.o
    0x2020040b   0x00002d74   0x00000005   PAD
    0x20200410        -       0x00001000   Zero   RW          280    HEAP                startup_mspm0g350x_uvision.o
    0x20201410        -       0x00000400   Zero   RW          279    STACK               startup_mspm0g350x_uvision.o



  Load Region LR_BCR (Base: 0x41c00000, Size: 0x00000000, Max: 0x00000100, ABSOLUTE)

    Execution Region BCR_CONFIG (Exec base: 0x41c00000, Load base: 0x41c00000, Size: 0x00000000, Max: 0x00000080, ABSOLUTE)

    **** No section assigned to this execution region ****



  Load Region LR_BSL (Base: 0x41c00100, Size: 0x00000000, Max: 0x00000100, ABSOLUTE)

    Execution Region BSL_CONFIG (Exec base: 0x41c00100, Load base: 0x41c00100, Size: 0x00000000, Max: 0x00000080, ABSOLUTE)

    **** No section assigned to this execution region ****


==============================================================================

Image component sizes


      Code (inc. data)   RO Data    RW Data    ZI Data      Debug   Object Name

        64         16          0          0          1       4826   beep.o
       428          4          0          0          0       2936   delay.o
       112         32          0          0          8        609   dist.o
        82         12          0          0          0       4155   empty.o
       176         12          0          0          8       5742   encoder.o
        84         12          0          0          8       4014   gray.o
       180          8          0          0         60       5667   key.o
       140         24          0          0         32       5223   led.o
       344         36          0          0        259       9477   minipc.o
       124         12          0          2          0       7265   motor.o
       350         12          0          0          1       1951   pid.o
       108          8          0          0          2       1039   soundlight.o
       948        148          0         16         40       3573   speed.o
        48         22        192          0       5120        692   startup_mspm0g350x_uvision.o
       804        160          0          0         20       2064   task.o
       944        200         69          0        348      26641   ti_msp_dl_config.o
        20          0          0          0          0       2222   timer.o
       412         16          0          8        104       2094   track.o
        24          8          0          0          0       2155   uart.o
       236         20          0          0          4       1225   utils.o

    ----------------------------------------------------------------------
      5632        762        296         28       6036      93570   Object Totals
         0          0         32          0          0          0   (incl. Generated)
         4          0          3          2         21          0   (incl. Padding)

    ----------------------------------------------------------------------

      Code (inc. data)   RO Data    RW Data    ZI Data      Debug   Library Member Name

         8          0          0          0          0         68   __main.o
         0          0          0          0          0          0   __rtentry.o
        12          0          0          0          0          0   __rtentry2.o
         6          0          0          0          0          0   __rtentry4.o
        86         10          0          0          0          0   __scatter.o
        26          0          0          0          0          0   __scatter_copy.o
        28          0          0          0          0          0   __scatter_zi.o
        16          0          0          0          0         68   exit.o
         6          0          0          0          0        136   heapauxi.o
         0          0          0          0          0          0   indicate_semi.o
         2          0          0          0          0          0   libinit.o
         2          0          0          0          0          0   libinit2.o
         2          0          0          0          0          0   libshutdown.o
         2          0          0          0          0          0   libshutdown2.o
         8          4          0          0         96         68   libspace.o
         2          0          0          0          0          0   rtexit.o
        10          0          0          0          0          0   rtexit2.o
        12          4          0          0          0         60   sys_exit.o
        62          0          0          0          0         80   sys_stackheap_outer.o
         2          0          0          0          0         68   use_no_semi.o
        10          0          0          0          0        792   dl_common.o
       624        196          0          0          0      42847   dl_timer.o
        90          8          0          0          0      14224   dl_uart.o
        46          0          0          0          0         60   cmpret.o
       124          4          0          0          0         72   d2f.o
       856         20          0          0          0        208   daddsub.o
      1096         26        128          0          0        112   ddiv.o
        88          0          0          0          0         92   dflti.o
       584         26          0          0          0         84   dmul.o
        84          4          0          0          0         60   f2d.o
       348          8          0          0          0        160   faddsub.o
        92          0          0          0          0        272   fcmp.o
       100          4          0          0          0         68   fcmpin.o
       352         10         64          0          0         92   fdiv.o
        76          0          0          0          0         68   ffixi.o
        48          0          0          0          0         60   ffixui.o
        94          0          0          0          0         92   fflti.o
        84          4          0          0          0         76   fgef.o
        84          4          0          0          0         76   flef.o
       176          4          0          0          0         80   fmul.o
        16          6          0          0          0         68   fnan2.o
        94          0          0          0          0         68   retnan.o
         0          0          0          0          0          0   usenofp.o

    ----------------------------------------------------------------------
      5488        346        192          0         96      60279   Library Totals
        30          4          0          0          0          0   (incl. Padding)

    ----------------------------------------------------------------------

      Code (inc. data)   RO Data    RW Data    ZI Data      Debug   Library Name

       292         18          0          0         96        548   c_p.l
       724        204          0          0          0      57863   driverlib.a
      4442        120        192          0          0       1868   fz_ps.l

    ----------------------------------------------------------------------
      5488        346        192          0         96      60279   Library Totals

    ----------------------------------------------------------------------

==============================================================================


      Code (inc. data)   RO Data    RW Data    ZI Data      Debug   

     11120       1108        488         28       6132     152353   Grand Totals
     11120       1108        488         28       6132     152353   ELF Image Totals
     11120       1108        488         28          0          0   ROM Totals

==============================================================================

    Total RO  Size (Code + RO Data)                11608 (  11.34kB)
    Total RW  Size (RW Data + ZI Data)              6160 (   6.02kB)
    Total ROM Size (Code + RO Data + RW Data)      11636 (  11.36kB)

==============================================================================

