Component: Arm Compiler for Embedded 6.21 Tool: armlink [5ec1fa00]

==============================================================================

Section Cross References

    task.o(.text.FirstTask) refers to pid.o(.text.PID_Update) for PID_Update
    task.o(.text.FirstTask) refers to dist.o(.text.GetDistance) for GetDistance
    task.o(.text.FirstTask) refers to faddsub.o(x$fpl$fsub) for __aeabi_fsub
    task.o(.text.FirstTask) refers to fcmp.o(i._fgr) for __aeabi_fcmpgt
    task.o(.text.FirstTask) refers to faddsub.o(x$fpl$fadd) for __aeabi_fadd
    task.o(.text.FirstTask) refers to fcmp.o(i._fls) for __aeabi_fcmplt
    task.o(.text.FirstTask) refers to dist.o(.text.ClearDistance) for ClearDistance
    task.o(.text.FirstTask) refers to motor.o(.text.Motor_Stop) for Motor_Stop
    task.o(.text.FirstTask) refers to led.o(.text.SetLedMode) for SetLedMode
    task.o(.text.FirstTask) refers to task.o(.text.Track_DetectCorner) for Track_DetectCorner
    task.o(.text.FirstTask) refers to task.o(.bss.workstep) for workstep
    task.o(.text.FirstTask) refers to utils.o(.data.lap_num) for lap_num
    task.o(.text.FirstTask) refers to task.o(.bss.lap_count) for lap_count
    task.o(.text.FirstTask) refers to utils.o(.bss.debug_no_turn) for debug_no_turn
    task.o(.text.FirstTask) refers to task.o(.bss.turn_flag) for turn_flag
    task.o(.text.FirstTask) refers to task.o(.bss.gyro_yaw) for gyro_yaw
    task.o(.text.FirstTask) refers to task.o(.data.turn_target_yaw) for turn_target_yaw
    task.o(.text.FirstTask) refers to task.o(.bss.basespeed) for basespeed
    task.o(.text.FirstTask) refers to task.o(.bss.bias) for bias
    task.o(.text.FirstTask) refers to pid.o(.bss.pid_flag) for pid_flag
    task.o(.text.FirstTask) refers to task.o(.bss.turn_mode) for turn_mode
    task.o(.text.FirstTask) refers to dist.o(.bss.carR_dis) for carR_dis
    task.o(.text.FirstTask) refers to task.o(.bss.corner_cnt) for corner_cnt
    task.o(.text.FirstTask) refers to utils.o(.data.task_num) for task_num
    task.o(.text.FirstTask) refers to task.o(.bss.corner_detected) for corner_detected
    task.o(.text.FirstTask) refers to track.o(.bss.track_pid) for track_pid
    task.o(.ARM.exidx.text.FirstTask) refers to task.o(.text.FirstTask) for [Anonymous Symbol]
    task.o(.text.Track_DetectCorner) refers to gray.o(.text.Gray_Update) for Gray_Update
    task.o(.text.Track_DetectCorner) refers to soundlight.o(.text.SoundLightRun) for SoundLightRun
    task.o(.text.Track_DetectCorner) refers to gray.o(.bss.gray) for gray
    task.o(.text.Track_DetectCorner) refers to task.o(.bss.Track_DetectCorner.is_latched) for [Anonymous Symbol]
    task.o(.text.Track_DetectCorner) refers to task.o(.bss.Track_DetectCorner.black_cnt) for [Anonymous Symbol]
    task.o(.text.Track_DetectCorner) refers to task.o(.bss.Track_DetectCorner.timer_ms) for [Anonymous Symbol]
    task.o(.text.Track_DetectCorner) refers to task.o(.bss.corner_detected) for corner_detected
    task.o(.text.Track_DetectCorner) refers to task.o(.bss.corner_cnt) for corner_cnt
    task.o(.text.Track_DetectCorner) refers to utils.o(.data.task_num) for task_num
    task.o(.text.Track_DetectCorner) refers to task.o(.bss.lap_count) for lap_count
    task.o(.ARM.exidx.text.Track_DetectCorner) refers to task.o(.text.Track_DetectCorner) for [Anonymous Symbol]
    task.o(.text.SecondTask) refers to pid.o(.text.PID_Update) for PID_Update
    task.o(.text.SecondTask) refers to dist.o(.text.GetDistance) for GetDistance
    task.o(.text.SecondTask) refers to faddsub.o(x$fpl$fsub) for __aeabi_fsub
    task.o(.text.SecondTask) refers to fcmp.o(i._fgr) for __aeabi_fcmpgt
    task.o(.text.SecondTask) refers to faddsub.o(x$fpl$fadd) for __aeabi_fadd
    task.o(.text.SecondTask) refers to fcmp.o(i._fls) for __aeabi_fcmplt
    task.o(.text.SecondTask) refers to motor.o(.text.Motor_Stop) for Motor_Stop
    task.o(.text.SecondTask) refers to dist.o(.text.ClearDistance) for ClearDistance
    task.o(.text.SecondTask) refers to task.o(.text.Track_DetectCorner) for Track_DetectCorner
    task.o(.text.SecondTask) refers to task.o(.bss.workstep) for workstep
    task.o(.text.SecondTask) refers to utils.o(.data.lap_num) for lap_num
    task.o(.text.SecondTask) refers to task.o(.bss.lap_count) for lap_count
    task.o(.text.SecondTask) refers to utils.o(.bss.debug_no_turn) for debug_no_turn
    task.o(.text.SecondTask) refers to task.o(.bss.corner_cnt) for corner_cnt
    task.o(.text.SecondTask) refers to utils.o(.data.task_num) for task_num
    task.o(.text.SecondTask) refers to task.o(.bss.corner_detected) for corner_detected
    task.o(.text.SecondTask) refers to task.o(.bss.turn_flag) for turn_flag
    task.o(.text.SecondTask) refers to pid.o(.bss.pid_flag) for pid_flag
    task.o(.text.SecondTask) refers to task.o(.bss.basespeed) for basespeed
    task.o(.text.SecondTask) refers to task.o(.bss.bias) for bias
    task.o(.text.SecondTask) refers to task.o(.bss.turn_mode) for turn_mode
[...]
    __arm_cp.7_1                             0x000030ac   Number         4  ti_msp_dl_config.o(.text.SYSCFG_DL_UART_0_init)
    __arm_cp.7_2                             0x000030b0   Number         4  ti_msp_dl_config.o(.text.SYSCFG_DL_UART_0_init)
    __arm_cp.7_3                             0x000030b4   Number         4  ti_msp_dl_config.o(.text.SYSCFG_DL_UART_0_init)
    __arm_cp.7_4                             0x000030b8   Number         4  ti_msp_dl_config.o(.text.SYSCFG_DL_UART_0_init)
    __arm_cp.7_5                             0x000030bc   Number         4  ti_msp_dl_config.o(.text.SYSCFG_DL_UART_0_init)
    [Anonymous Symbol]                       0x000030c0   Section        0  ti_msp_dl_config.o(.text.SYSCFG_DL_init)
    __arm_cp.0_0                             0x000030f4   Number         4  ti_msp_dl_config.o(.text.SYSCFG_DL_init)
    __arm_cp.0_1                             0x000030f8   Number         4  ti_msp_dl_config.o(.text.SYSCFG_DL_init)
    [Anonymous Symbol]                       0x000030fc   Section        0  ti_msp_dl_config.o(.text.SYSCFG_DL_initPower)
    __arm_cp.1_0                             0x00003130   Number         4  ti_msp_dl_config.o(.text.SYSCFG_DL_initPower)
    __arm_cp.1_1                             0x00003134   Number         4  ti_msp_dl_config.o(.text.SYSCFG_DL_initPower)
    __arm_cp.1_2                             0x00003138   Number         4  ti_msp_dl_config.o(.text.SYSCFG_DL_initPower)
    __arm_cp.1_3                             0x0000313c   Number         4  ti_msp_dl_config.o(.text.SYSCFG_DL_initPower)
    __arm_cp.1_4                             0x00003140   Number         4  ti_msp_dl_config.o(.text.SYSCFG_DL_initPower)
    __arm_cp.1_5                             0x00003144   Number         4  ti_msp_dl_config.o(.text.SYSCFG_DL_initPower)
    __arm_cp.1_6                             0x00003148   Number         4  ti_msp_dl_config.o(.text.SYSCFG_DL_initPower)
    __arm_cp.1_7                             0x0000314c   Number         4  ti_msp_dl_config.o(.text.SYSCFG_DL_initPower)
    [Anonymous Symbol]                       0x00003150   Section        0  task.o(.text.SecondTask)
    __arm_cp.2_0                             0x000032b4   Number         4  task.o(.text.SecondTask)
    __arm_cp.2_1                             0x000032b8   Number         4  task.o(.text.SecondTask)
    __arm_cp.2_2                             0x000032bc   Number         4  task.o(.text.SecondTask)
    __arm_cp.2_3                             0x000032c0   Number         4  task.o(.text.SecondTask)
    __arm_cp.2_4                             0x000032c4   Number         4  task.o(.text.SecondTask)
    __arm_cp.2_5                             0x000032c8   Number         4  task.o(.text.SecondTask)
    __arm_cp.2_6                             0x000032cc   Number         4  task.o(.text.SecondTask)
    __arm_cp.2_7                             0x000032d0   Number         4  task.o(.text.SecondTask)
    __arm_cp.2_8                             0x000032d4   Number         4  task.o(.text.SecondTask)
    __arm_cp.2_9                             0x000032d8   Number         4  task.o(.text.SecondTask)
    __arm_cp.2_10                            0x000032dc   Number         4  task.o(.text.SecondTask)
    __arm_cp.2_11                            0x000032e0   Number         4  task.o(.text.SecondTask)
    __arm_cp.2_12                            0x000032e4   Number         4  task.o(.text.SecondTask)
    __arm_cp.2_13                            0x000032e8   Number         4  task.o(.text.SecondTask)
    __arm_cp.2_14                            0x000032ec   Number         4  task.o(.text.SecondTask)
    __arm_cp.2_15                            0x000032f0   Number         4  task.o(.text.SecondTask)
    __arm_cp.2_16                            0x000032f4   Number         4  task.o(.text.SecondTask)
    __arm_cp.2_17                            0x000032f8   Number         4  task.o(.text.SecondTask)
    __arm_cp.2_18                            0x000032fc   Number         4  task.o(.text.SecondTask)
    __arm_cp.2_19                            0x00003300   Number         4  task.o(.text.SecondTask)
    __arm_cp.2_20                            0x00003304   Number         4  task.o(.text.SecondTask)
    __arm_cp.2_21                            0x00003308   Number         4  task.o(.text.SecondTask)
    __arm_cp.2_22                            0x0000330c   Number         4  task.o(.text.SecondTask)
    __arm_cp.2_23                            0x00003310   Number         4  task.o(.text.SecondTask)
    __arm_cp.2_24                            0x00003314   Number         4  task.o(.text.SecondTask)
    __arm_cp.2_25                            0x00003318   Number         4  task.o(.text.SecondTask)
    __arm_cp.2_26                            0x0000331c   Number         4  task.o(.text.SecondTask)
    [Anonymous Symbol]                       0x00003320   Section        0  beep.o(.text.SetBeepMode)
    __arm_cp.0_0                             0x00003340   Number         4  beep.o(.text.SetBeepMode)
    __arm_cp.0_1                             0x00003344   Number         4  beep.o(.text.SetBeepMode)
    [Anonymous Symbol]                       0x00003348   Section        0  led.o(.text.SetLedMode)
    __arm_cp.0_0                             0x00003394   Number         4  led.o(.text.SetLedMode)
    __arm_cp.0_1                             0x00003398   Number         4  led.o(.text.SetLedMode)
    __arm_cp.0_2                             0x0000339c   Number         4  led.o(.text.SetLedMode)
    [Anonymous Symbol]                       0x000033a0   Section        0  soundlight.o(.text.SoundLightRun)
    [Anonymous Symbol]                       0x000033cc   Section        0  soundlight.o(.text.SoundLightUpdate)
    __arm_cp.1_0                             0x00003404   Number         4  soundlight.o(.text.SoundLightUpdate)
    __arm_cp.1_1                             0x00003408   Number         4  soundlight.o(.text.SoundLightUpdate)
    [Anonymous Symbol]                       0x0000340c   Section        0  speed.o(.text.SpeedPidCtrl)
    __arm_cp.4_0                             0x00003534   Number         4  speed.o(.text.SpeedPidCtrl)
    __arm_cp.4_1                             0x00003538   Number         4  speed.o(.text.SpeedPidCtrl)
    __arm_cp.4_2                             0x0000353c   Number         4  speed.o(.text.SpeedPidCtrl)
    __arm_cp.4_3                             0x00003540   Number         4  speed.o(.text.SpeedPidCtrl)
    __arm_cp.4_4                             0x00003544   Number         4  speed.o(.text.SpeedPidCtrl)
    __arm_cp.4_5                             0x00003548   Number         4  speed.o(.text.SpeedPidCtrl)
    __arm_cp.4_6                             0x0000354c   Number         4  speed.o(.text.SpeedPidCtrl)
    __arm_cp.4_7                             0x00003550   Number         4  speed.o(.text.SpeedPidCtrl)
    __arm_cp.4_8                             0x00003554   Number         4  speed.o(.text.SpeedPidCtrl)
    __arm_cp.4_9                             0x00003558   Number         4  speed.o(.text.SpeedPidCtrl)
    __arm_cp.4_10                            0x0000355c   Number         4  speed.o(.text.SpeedPidCtrl)
    __arm_cp.4_11                            0x00003560   Number         4  speed.o(.text.SpeedPidCtrl)
    __arm_cp.4_12                            0x00003564   Number         4  speed.o(.text.SpeedPidCtrl)
    [Anonymous Symbol]                       0x00003568   Section        0  utils.o(.text.System_Init)
    [Anonymous Symbol]                       0x00003588   Section        0  empty.o(.text.TIMA0_IRQHandler)
    __arm_cp.1_0                             0x000035a0   Number         4  empty.o(.text.TIMA0_IRQHandler)
    __arm_cp.1_1                             0x000035a4   Number         4  empty.o(.text.TIMA0_IRQHandler)
    [Anonymous Symbol]                       0x000035a8   Section        0  empty.o(.text.TIMG0_IRQHandler)
    __arm_cp.2_0                             0x000035d0   Number         4  empty.o(.text.TIMG0_IRQHandler)
    [Anonymous Symbol]                       0x000035d4   Section        0  utils.o(.text.TaskSelect)
    __arm_cp.1_0                             0x00003664   Number         4  utils.o(.text.TaskSelect)
    __arm_cp.1_1                             0x00003668   Number         4  utils.o(.text.TaskSelect)
    __arm_cp.1_2                             0x0000366c   Number         4  utils.o(.text.TaskSelect)
    __arm_cp.1_4                             0x00003670   Number         4  utils.o(.text.TaskSelect)
    [Anonymous Symbol]                       0x00003674   Section        0  timer.o(.text.TimerDeviceInit)
    [Anonymous Symbol]                       0x00003688   Section        0  track.o(.text.TrackCascadeCtrl)
    [Anonymous Symbol]                       0x00003698   Section        0  track.o(.text.TrackLoopPidCtrl)
    __arm_cp.1_0                             0x0000374c   Number         4  track.o(.text.TrackLoopPidCtrl)
    [Anonymous Symbol]                       0x00003750   Section        0  track.o(.text.TrackPidCtrl)
    __arm_cp.0_0                             0x00003818   Number         4  track.o(.text.TrackPidCtrl)
    __arm_cp.0_1                             0x0000381c   Number         4  track.o(.text.TrackPidCtrl)
    __arm_cp.0_3                             0x00003820   Number         4  track.o(.text.TrackPidCtrl)
    Track_DetectCorner                       0x00003825   Thumb Code   164  task.o(.text.Track_DetectCorner)
    [Anonymous Symbol]                       0x00003824   Section        0  task.o(.text.Track_DetectCorner)
    __arm_cp.1_0                             0x000038c8   Number         4  task.o(.text.Track_DetectCorner)
    __arm_cp.1_1                             0x000038cc   Number         4  task.o(.text.Track_DetectCorner)
    __arm_cp.1_2                             0x000038d0   Number         4  task.o(.text.Track_DetectCorner)
    __arm_cp.1_3                             0x000038d4   Number         4  task.o(.text.Track_DetectCorner)
    __arm_cp.1_4                             0x000038d8   Number         4  task.o(.text.Track_DetectCorner)
    __arm_cp.1_5                             0x000038dc   Number         4  task.o(.text.Track_DetectCorner)
    __arm_cp.1_6                             0x000038e0   Number         4  task.o(.text.Track_DetectCorner)
    __arm_cp.1_7                             0x000038e4   Number         4  task.o(.text.Track_DetectCorner)
    [Anonymous Symbol]                       0x000038e8   Section        0  minipc.o(.text.UART0_IRQHandler)
    __arm_cp.3_0                             0x00003a24   Number         4  minipc.o(.text.UART0_IRQHandler)
    __arm_cp.3_1                             0x00003a28   Number         4  minipc.o(.text.UART0_IRQHandler)
    __arm_cp.3_2                             0x00003a2c   Number         4  minipc.o(.text.UART0_IRQHandler)
    __arm_cp.3_3                             0x00003a30   Number         4  minipc.o(.text.UART0_IRQHandler)
    __arm_cp.3_4                             0x00003a34   Number         4  minipc.o(.text.UART0_IRQHandler)
    __arm_cp.3_5                             0x00003a38   Number         4  minipc.o(.text.UART0_IRQHandler)
    __arm_cp.3_6                             0x00003a3c   Number         4  minipc.o(.text.UART0_IRQHandler)
    [Anonymous Symbol]                       0x00003a40   Section        0  uart.o(.text.UartDeviceInit)
    __arm_cp.0_0                             0x00003a50   Number         4  uart.o(.text.UartDeviceInit)
    __arm_cp.0_1                             0x00003a54   Number         4  uart.o(.text.UartDeviceInit)
    [Anonymous Symbol]                       0x00003a58   Section        0  utils.o(.text.Wait_For_A_While)
    __arm_cp.2_0                             0x00003a8c   Number         4  utils.o(.text.Wait_For_A_While)
    [Anonymous Symbol]                       0x00003a90   Section        0  uart.o(.text._sys_exit)
    [Anonymous Symbol]                       0x00003a94   Section        0  delay.o(.text.delay_ms)
    __arm_cp.1_0                             0x00003c3c   Number         4  delay.o(.text.delay_ms)
    [Anonymous Symbol]                       0x00003c40   Section        0  uart.o(.text.fputc)
    __arm_cp.2_0                             0x00003c60   Number         4  uart.o(.text.fputc)
    [Anonymous Symbol]                       0x00003c64   Section        0  empty.o(.text.main)
    [Anonymous Symbol]                       0x00003c70   Section        0  speed.o(.text.turn_90_control)
    __arm_cp.3_0                             0x00003da4   Number         4  speed.o(.text.turn_90_control)
    __arm_cp.3_1                             0x00003da8   Number         4  speed.o(.text.turn_90_control)
    __arm_cp.3_2                             0x00003dac   Number         4  speed.o(.text.turn_90_control)
    __arm_cp.3_3                             0x00003db0   Number         4  speed.o(.text.turn_90_control)
    __arm_cp.3_4                             0x00003db4   Number         4  speed.o(.text.turn_90_control)
    __arm_cp.3_5                             0x00003db8   Number         4  speed.o(.text.turn_90_control)
    __arm_cp.3_6                             0x00003dbc   Number         4  speed.o(.text.turn_90_control)
    __arm_cp.3_7                             0x00003dc0   Number         4  speed.o(.text.turn_90_control)
    __arm_cp.3_8                             0x00003dc4   Number         4  speed.o(.text.turn_90_control)
    __arm_cp.3_9                             0x00003dc8   Number         4  speed.o(.text.turn_90_control)
    __arm_cp.3_10                            0x00003dcc   Number         4  speed.o(.text.turn_90_control)
    __arm_cp.3_11                            0x00003dd0   Number         4  speed.o(.text.turn_90_control)
    i.__ARM_common_ll_muluu                  0x00003dd4   Section        0  btod.o(i.__ARM_common_ll_muluu)
    i.__ARM_fpclassify                       0x00003e04   Section        0  fpclassify.o(i.__ARM_fpclassify)
    i._fgeq                                  0x00003e30   Section        0  fcmp.o(i._fgeq)
    i._fgr                                   0x00003e46   Section        0  fcmp.o(i._fgr)
    i._fleq                                  0x00003e5c   Section        0  fcmp.o(i._fleq)
    i._fls                                   0x00003e76   Section        0  fcmp.o(i._fls)
    i._is_digit                              0x00003e8c   Section        0  __printf_wp.o(i._is_digit)
    locale$$code                             0x00003e9c   Section       44  lc_numeric_c.o(locale$$code)
    x$fpl$fadd                               0x00003ec8   Section      140  faddsub.o(x$fpl$fadd)
    _fadd1                                   0x00003ed5   Thumb Code     0  faddsub.o(x$fpl$fadd)
    x$fpl$fgeqf                              0x00003f54   Section       84  fgef.o(x$fpl$fgeqf)
    x$fpl$fleqf                              0x00003fa8   Section       84  flef.o(x$fpl$fleqf)
    x$fpl$fmul                               0x00003ffc   Section      176  fmul.o(x$fpl$fmul)
    x$fpl$fsub                               0x000040ac   Section      208  faddsub.o(x$fpl$fsub)
    _fsub1                                   0x000040b9   Thumb Code     0  faddsub.o(x$fpl$fsub)
    x$fpl$printf1                            0x0000417c   Section       16  printf1.o(x$fpl$printf1)
    ddiv_reciptbl                            0x0000418c   Data         128  ddiv.o(.constdata)
    .constdata                               0x0000418c   Section      128  ddiv.o(.constdata)
    x$fpl$usenofp                            0x0000418c   Section        0  usenofp.o(x$fpl$usenofp)
    fdiv_tab                                 0x0000420c   Data          64  fdiv.o(.constdata)
    .constdata                               0x0000420c   Section       64  fdiv.o(.constdata)
    tenpwrs_x                                0x0000424c   Data          60  bigflt0.o(.constdata)
    .constdata                               0x0000424c   Section      148  bigflt0.o(.constdata)
    tenpwrs_i                                0x00004288   Data          64  bigflt0.o(.constdata)
    gPWMClockConfig                          0x000042e0   Data           3  ti_msp_dl_config.o(.rodata.gPWMClockConfig)
    [Anonymous Symbol]                       0x000042e0   Section        0  ti_msp_dl_config.o(.rodata.gPWMClockConfig)
    gPWMConfig                               0x000042e4   Data           8  ti_msp_dl_config.o(.rodata.gPWMConfig)
    [Anonymous Symbol]                       0x000042e4   Section        0  ti_msp_dl_config.o(.rodata.gPWMConfig)
    gTIMER_0ClockConfig                      0x000042ec   Data           3  ti_msp_dl_config.o(.rodata.gTIMER_0ClockConfig)
    [Anonymous Symbol]                       0x000042ec   Section        0  ti_msp_dl_config.o(.rodata.gTIMER_0ClockConfig)
    gTIMER_0TimerConfig                      0x000042f0   Data          20  ti_msp_dl_config.o(.rodata.gTIMER_0TimerConfig)
    [Anonymous Symbol]                       0x000042f0   Section        0  ti_msp_dl_config.o(.rodata.gTIMER_0TimerConfig)
    gTIMER_1ClockConfig                      0x00004304   Data           3  ti_msp_dl_config.o(.rodata.gTIMER_1ClockConfig)
    [Anonymous Symbol]                       0x00004304   Section        0  ti_msp_dl_config.o(.rodata.gTIMER_1ClockConfig)
    gTIMER_1TimerConfig                      0x00004308   Data          20  ti_msp_dl_config.o(.rodata.gTIMER_1TimerConfig)
    [Anonymous Symbol]                       0x00004308   Section        0  ti_msp_dl_config.o(.rodata.gTIMER_1TimerConfig)
    gUART_0ClockConfig                       0x0000431c   Data           2  ti_msp_dl_config.o(.rodata.gUART_0ClockConfig)
    [Anonymous Symbol]                       0x0000431c   Section        0  ti_msp_dl_config.o(.rodata.gUART_0ClockConfig)
    gUART_0Config                            0x0000431e   Data          10  ti_msp_dl_config.o(.rodata.gUART_0Config)
    [Anonymous Symbol]                       0x0000431e   Section        0  ti_msp_dl_config.o(.rodata.gUART_0Config)
    [Anonymous Symbol]                       0x00004328   Section        0  utils.o(.rodata.str1.1)
    locale$$data                             0x000043a8   Section       28  lc_numeric_c.o(locale$$data)
    __lcnum_c_name                           0x000043ac   Data           2  lc_numeric_c.o(locale$$data)
    __lcnum_c_start                          0x000043b4   Data           0  lc_numeric_c.o(locale$$data)
    __lcnum_c_point                          0x000043c0   Data           0  lc_numeric_c.o(locale$$data)
    __lcnum_c_thousands                      0x000043c2   Data           0  lc_numeric_c.o(locale$$data)
    __lcnum_c_grouping                       0x000043c3   Data           0  lc_numeric_c.o(locale$$data)
    __lcnum_c_end                            0x000043c4   Data           0  lc_numeric_c.o(locale$$data)
    .bss                                     0x20200030   Section       96  libspace.o(.bss)
    DebugPrint.cnt                           0x20200090   Data           1  utils.o(.bss.DebugPrint.cnt)
    [Anonymous Symbol]                       0x20200090   Section        0  utils.o(.bss.DebugPrint.cnt)
    GetSpeed.last_left_count                 0x20200094   Data           4  speed.o(.bss.GetSpeed.last_left_count)
    [Anonymous Symbol]                       0x20200094   Section        0  speed.o(.bss.GetSpeed.last_left_count)
    GetSpeed.last_left_speed                 0x20200098   Data           4  speed.o(.bss.GetSpeed.last_left_speed)
    [Anonymous Symbol]                       0x20200098   Section        0  speed.o(.bss.GetSpeed.last_left_speed)
    GetSpeed.last_right_count                0x2020009c   Data           4  speed.o(.bss.GetSpeed.last_right_count)
    [Anonymous Symbol]                       0x2020009c   Section        0  speed.o(.bss.GetSpeed.last_right_count)
    GetSpeed.last_right_speed                0x202000a0   Data           4  speed.o(.bss.GetSpeed.last_right_speed)
    [Anonymous Symbol]                       0x202000a0   Section        0  speed.o(.bss.GetSpeed.last_right_speed)
    LeftSpeedPidCtrl.last_offset             0x202000a4   Data           4  speed.o(.bss.LeftSpeedPidCtrl.last_offset)
    [Anonymous Symbol]                       0x202000a4   Section        0  speed.o(.bss.LeftSpeedPidCtrl.last_offset)
    LeftSpeedPidCtrl.left_pwm                0x202000a8   Data           4  speed.o(.bss.LeftSpeedPidCtrl.left_pwm)
    [Anonymous Symbol]                       0x202000a8   Section        0  speed.o(.bss.LeftSpeedPidCtrl.left_pwm)
    RightSpeedPidCtrl.last_offset            0x202000ac   Data           4  speed.o(.bss.RightSpeedPidCtrl.last_offset)
    [Anonymous Symbol]                       0x202000ac   Section        0  speed.o(.bss.RightSpeedPidCtrl.last_offset)
    RightSpeedPidCtrl.right_pwm              0x202000b0   Data           4  speed.o(.bss.RightSpeedPidCtrl.right_pwm)
    [Anonymous Symbol]                       0x202000b0   Section        0  speed.o(.bss.RightSpeedPidCtrl.right_pwm)
    Track_DetectCorner.black_cnt             0x202000b4   Data           4  task.o(.bss.Track_DetectCorner.black_cnt)
    [Anonymous Symbol]                       0x202000b4   Section        0  task.o(.bss.Track_DetectCorner.black_cnt)
    Track_DetectCorner.is_latched            0x202000b8   Data           1  task.o(.bss.Track_DetectCorner.is_latched)
    [Anonymous Symbol]                       0x202000b8   Section        0  task.o(.bss.Track_DetectCorner.is_latched)
    Track_DetectCorner.timer_ms              0x202000bc   Data           4  task.o(.bss.Track_DetectCorner.timer_ms)
    [Anonymous Symbol]                       0x202000bc   Section        0  task.o(.bss.Track_DetectCorner.timer_ms)
    beep.1                                   0x20200118   Data           1  beep.o(.bss.beep.1)
    [Anonymous Symbol]                       0x20200118   Section        0  beep.o(.bss.beep.1)
    data_len                                 0x20200126   Data           1  minipc.o(.bss.data_len)
    [Anonymous Symbol]                       0x20200126   Section        0  minipc.o(.bss.data_len)
    key                                      0x2020029c   Data          60  key.o(.bss.key)
    [Anonymous Symbol]                       0x2020029c   Section        0  key.o(.bss.key)
    led                                      0x202002dc   Data          32  led.o(.bss.led)
    [Anonymous Symbol]                       0x202002dc   Section        0  led.o(.bss.led)
    rx_buf                                   0x20200308   Data         256  minipc.o(.bss.rx_buf)
    [Anonymous Symbol]                       0x20200308   Section        0  minipc.o(.bss.rx_buf)
    rx_index                                 0x20200408   Data           1  minipc.o(.bss.rx_index)
    [Anonymous Symbol]                       0x20200408   Section        0  minipc.o(.bss.rx_index)
    rx_state                                 0x20200409   Data           1  minipc.o(.bss.rx_state)
    [Anonymous Symbol]                       0x20200409   Section        0  minipc.o(.bss.rx_state)
    soundlight.0                             0x2020040a   Data           1  soundlight.o(.bss.soundlight.0)
    [Anonymous Symbol]                       0x2020040a   Section        0  soundlight.o(.bss.soundlight.0)
    soundlight.1                             0x2020040b   Data           1  soundlight.o(.bss.soundlight.1)
    [Anonymous Symbol]                       0x2020040b   Section        0  soundlight.o(.bss.soundlight.1)
    Heap_Mem                                 0x20200480   Data        4096  startup_mspm0g350x_uvision.o(HEAP)
    HEAP                                     0x20200480   Section     4096  startup_mspm0g350x_uvision.o(HEAP)
    Stack_Mem                                0x20201480   Data        1024  startup_mspm0g350x_uvision.o(STACK)
    STACK                                    0x20201480   Section     1024  startup_mspm0g350x_uvision.o(STACK)
    __initial_sp                             0x20201880   Data           0  startup_mspm0g350x_uvision.o(STACK)

    Global Symbols

    Symbol Name                              Value     Ov Type        Size  Object(Section)

    BuildAttributes$$THM_ISAv3M$S$PE$A:L22$X:L11$S22$IEEE1$IW$~IW$USESV6$~STKCKD$USESV7$~SHL$OTIME$ROPI$IEEEJ$EBA8$UX$STANDARDLIB$REQ8$PRES8$EABIv2 0x00000000   Number         0  anon$$obj.o ABSOLUTE
    __Vectors                                0x00000000   Data           4  startup_mspm0g350x_uvision.o(RESET)
    _printf_flags                            0x00000000   Number         0  printf_stubs.o ABSOLUTE
    _printf_return_value                     0x00000000   Number         0  printf_stubs.o ABSOLUTE
    _printf_sizespec                         0x00000000   Number         0  printf_stubs.o ABSOLUTE
    _printf_widthprec                        0x00000000   Number         0  printf_stubs.o ABSOLUTE
    __ARM_exceptions_init                     - Undefined Weak Reference
    __alloca_initialize                       - Undefined Weak Reference
    __arm_preinit_                            - Undefined Weak Reference
    __arm_relocate_pie_                       - Undefined Weak Reference
    __cpp_initialize__aeabi_                  - Undefined Weak Reference
    __cxa_finalize                            - Undefined Weak Reference
    __sigvec_lookup                           - Undefined Weak Reference
    _atexit_init                              - Undefined Weak Reference
    _call_atexit_fns                          - Undefined Weak Reference
    _clock_init                               - Undefined Weak Reference
    _fp_trap_init                             - Undefined Weak Reference
    _fp_trap_shutdown                         - Undefined Weak Reference
    _get_lc_collate                           - Undefined Weak Reference
    _get_lc_ctype                             - Undefined Weak Reference
    _get_lc_monetary                          - Undefined Weak Reference
    _get_lc_time                              - Undefined Weak Reference
    _getenv_init                              - Undefined Weak Reference
    _handle_redirection                       - Undefined Weak Reference
    _init_alloc                               - Undefined Weak Reference
    _init_user_alloc                          - Undefined Weak Reference
    _initio                                   - Undefined Weak Reference
    _mutex_acquire                            - Undefined Weak Reference
    _mutex_release                            - Undefined Weak Reference
    _printf_mbtowc                            - Undefined Weak Reference
    _printf_post_padding                      - Undefined Weak Reference
    _printf_pre_padding                       - Undefined Weak Reference
    _printf_truncate_signed                   - Undefined Weak Reference
    _printf_truncate_unsigned                 - Undefined Weak Reference
    _rand_init                                - Undefined Weak Reference
    _signal_finish                            - Undefined Weak Reference
    _signal_init                              - Undefined Weak Reference
    _terminate_alloc                          - Undefined Weak Reference
    _terminate_user_alloc                     - Undefined Weak Reference
    _terminateio                              - Undefined Weak Reference
    __Vectors_End                            0x000000c0   Data           0  startup_mspm0g350x_uvision.o(RESET)
    __Vectors_Size                           0x000000c0   Number         0  startup_mspm0g350x_uvision.o ABSOLUTE
    __main                                   0x000000c1   Thumb Code     8  __main.o(!!!main)
    __scatterload                            0x000000c9   Thumb Code     0  __scatter.o(!!!scatter)
    __scatterload_rt2                        0x000000c9   Thumb Code    74  __scatter.o(!!!scatter)
    __scatterload_rt2_thumb_only             0x000000c9   Thumb Code     0  __scatter.o(!!!scatter)
    __scatterload_loop                       0x000000d3   Thumb Code     0  __scatter.o(!!!scatter)
    __scatterload_copy                       0x00000121   Thumb Code    26  __scatter_copy.o(!!handler_copy)
    __scatterload_null                       0x00000141   Thumb Code     2  __scatter.o(!!handler_null)
    __scatterload_zeroinit                   0x00000149   Thumb Code    28  __scatter_zi.o(!!handler_zi)
    _printf_percent                          0x00000165   Thumb Code     0  _printf_percent.o(.ARM.Collect$$_printf_percent$$00000000)
    _printf_f                                0x00000167   Thumb Code     0  _printf_f.o(.ARM.Collect$$_printf_percent$$00000003)
    _printf_d                                0x00000171   Thumb Code     0  _printf_d.o(.ARM.Collect$$_printf_percent$$00000009)
    _printf_s                                0x0000017b   Thumb Code     0  _printf_s.o(.ARM.Collect$$_printf_percent$$00000014)
    _printf_percent_end                      0x00000185   Thumb Code     0  _printf_percent_end.o(.ARM.Collect$$_printf_percent$$00000017)
    __rt_lib_init                            0x00000189   Thumb Code     0  libinit.o(.ARM.Collect$$libinit$$00000000)
    __rt_lib_init_fp_1                       0x0000018b   Thumb Code     0  libinit2.o(.ARM.Collect$$libinit$$00000002)
    __rt_lib_init_heap_1                     0x0000018b   Thumb Code     0  libinit2.o(.ARM.Collect$$libinit$$0000000C)
    __rt_lib_init_lc_common                  0x0000018b   Thumb Code     0  libinit2.o(.ARM.Collect$$libinit$$00000011)
    __rt_lib_init_preinit_1                  0x0000018b   Thumb Code     0  libinit2.o(.ARM.Collect$$libinit$$00000006)
    __rt_lib_init_rand_1                     0x0000018b   Thumb Code     0  libinit2.o(.ARM.Collect$$libinit$$00000010)
    __rt_lib_init_relocate_pie_1             0x0000018b   Thumb Code     0  libinit2.o(.ARM.Collect$$libinit$$00000004)
    __rt_lib_init_user_alloc_1               0x0000018b   Thumb Code     0  libinit2.o(.ARM.Collect$$libinit$$0000000E)
    __rt_lib_init_lc_collate_1               0x00000191   Thumb Code     0  libinit2.o(.ARM.Collect$$libinit$$00000013)
    __rt_lib_init_lc_ctype_1                 0x00000191   Thumb Code     0  libinit2.o(.ARM.Collect$$libinit$$00000015)
    __rt_lib_init_lc_monetary_1              0x00000191   Thumb Code     0  libinit2.o(.ARM.Collect$$libinit$$00000017)
    __rt_lib_init_lc_numeric_2               0x00000191   Thumb Code     0  libinit2.o(.ARM.Collect$$libinit$$00000018)
    __rt_lib_init_alloca_1                   0x0000019b   Thumb Code     0  libinit2.o(.ARM.Collect$$libinit$$00000030)
    __rt_lib_init_argv_1                     0x0000019b   Thumb Code     0  libinit2.o(.ARM.Collect$$libinit$$0000002E)
    __rt_lib_init_atexit_1                   0x0000019b   Thumb Code     0  libinit2.o(.ARM.Collect$$libinit$$0000001D)
    __rt_lib_init_clock_1                    0x0000019b   Thumb Code     0  libinit2.o(.ARM.Collect$$libinit$$00000023)
    __rt_lib_init_cpp_1                      0x0000019b   Thumb Code     0  libinit2.o(.ARM.Collect$$libinit$$00000034)
    __rt_lib_init_exceptions_1               0x0000019b   Thumb Code     0  libinit2.o(.ARM.Collect$$libinit$$00000032)
    __rt_lib_init_fp_trap_1                  0x0000019b   Thumb Code     0  libinit2.o(.ARM.Collect$$libinit$$00000021)
    __rt_lib_init_getenv_1                   0x0000019b   Thumb Code     0  libinit2.o(.ARM.Collect$$libinit$$00000025)
    __rt_lib_init_lc_numeric_1               0x0000019b   Thumb Code     0  libinit2.o(.ARM.Collect$$libinit$$00000019)
    __rt_lib_init_lc_time_1                  0x0000019b   Thumb Code     0  libinit2.o(.ARM.Collect$$libinit$$0000001B)
    __rt_lib_init_return                     0x0000019b   Thumb Code     0  libinit2.o(.ARM.Collect$$libinit$$00000035)
    __rt_lib_init_signal_1                   0x0000019b   Thumb Code     0  libinit2.o(.ARM.Collect$$libinit$$0000001F)
    __rt_lib_init_stdio_1                    0x0000019b   Thumb Code     0  libinit2.o(.ARM.Collect$$libinit$$00000027)
    __rt_lib_shutdown                        0x0000019d   Thumb Code     0  libshutdown.o(.ARM.Collect$$libshutdown$$00000000)
    __rt_lib_shutdown_cpp_1                  0x0000019f   Thumb Code     0  libshutdown2.o(.ARM.Collect$$libshutdown$$00000002)
    __rt_lib_shutdown_fp_trap_1              0x0000019f   Thumb Code     0  libshutdown2.o(.ARM.Collect$$libshutdown$$00000007)
    __rt_lib_shutdown_heap_1                 0x0000019f   Thumb Code     0  libshutdown2.o(.ARM.Collect$$libshutdown$$0000000F)
    __rt_lib_shutdown_return                 0x0000019f   Thumb Code     0  libshutdown2.o(.ARM.Collect$$libshutdown$$00000010)
    __rt_lib_shutdown_signal_1               0x0000019f   Thumb Code     0  libshutdown2.o(.ARM.Collect$$libshutdown$$0000000A)
    __rt_lib_shutdown_stdio_1                0x0000019f   Thumb Code     0  libshutdown2.o(.ARM.Collect$$libshutdown$$00000004)
    __rt_lib_shutdown_user_alloc_1           0x0000019f   Thumb Code     0  libshutdown2.o(.ARM.Collect$$libshutdown$$0000000C)
    __rt_entry                               0x000001a1   Thumb Code     0  __rtentry.o(.ARM.Collect$$rtentry$$00000000)
    __rt_entry_presh_1                       0x000001a1   Thumb Code     0  __rtentry2.o(.ARM.Collect$$rtentry$$00000002)
    __rt_entry_sh                            0x000001a1   Thumb Code     0  __rtentry4.o(.ARM.Collect$$rtentry$$00000004)
    __rt_entry_li                            0x000001a7   Thumb Code     0  __rtentry2.o(.ARM.Collect$$rtentry$$0000000A)
    __rt_entry_postsh_1                      0x000001a7   Thumb Code     0  __rtentry2.o(.ARM.Collect$$rtentry$$00000009)
    __rt_entry_main                          0x000001ab   Thumb Code     0  __rtentry2.o(.ARM.Collect$$rtentry$$0000000D)
    __rt_entry_postli_1                      0x000001ab   Thumb Code     0  __rtentry2.o(.ARM.Collect$$rtentry$$0000000C)
    __rt_exit                                0x000001b3   Thumb Code     0  rtexit.o(.ARM.Collect$$rtexit$$00000000)
    __rt_exit_ls                             0x000001b5   Thumb Code     0  rtexit2.o(.ARM.Collect$$rtexit$$00000003)
    __rt_exit_prels_1                        0x000001b5   Thumb Code     0  rtexit2.o(.ARM.Collect$$rtexit$$00000002)
    __rt_exit_exit                           0x000001b9   Thumb Code     0  rtexit2.o(.ARM.Collect$$rtexit$$00000004)
    Reset_Handler                            0x000001c1   Thumb Code     4  startup_mspm0g350x_uvision.o(.text)
    NMI_Handler                              0x000001c5   Thumb Code     2  startup_mspm0g350x_uvision.o(.text)
    HardFault_Handler                        0x000001c7   Thumb Code     2  startup_mspm0g350x_uvision.o(.text)
    SVC_Handler                              0x000001c9   Thumb Code     2  startup_mspm0g350x_uvision.o(.text)
    PendSV_Handler                           0x000001cb   Thumb Code     2  startup_mspm0g350x_uvision.o(.text)
    SysTick_Handler                          0x000001cd   Thumb Code     2  startup_mspm0g350x_uvision.o(.text)
    ADC0_IRQHandler                          0x000001cf   Thumb Code     0  startup_mspm0g350x_uvision.o(.text)
    ADC1_IRQHandler                          0x000001cf   Thumb Code     0  startup_mspm0g350x_uvision.o(.text)
    AES_IRQHandler                           0x000001cf   Thumb Code     0  startup_mspm0g350x_uvision.o(.text)
    CANFD0_IRQHandler                        0x000001cf   Thumb Code     0  startup_mspm0g350x_uvision.o(.text)
    DAC0_IRQHandler                          0x000001cf   Thumb Code     0  startup_mspm0g350x_uvision.o(.text)
    DMA_IRQHandler                           0x000001cf   Thumb Code     0  startup_mspm0g350x_uvision.o(.text)
    Default_Handler                          0x000001cf   Thumb Code     2  startup_mspm0g350x_uvision.o(.text)
    GROUP0_IRQHandler                        0x000001cf   Thumb Code     0  startup_mspm0g350x_uvision.o(.text)
    I2C0_IRQHandler                          0x000001cf   Thumb Code     0  startup_mspm0g350x_uvision.o(.text)
    I2C1_IRQHandler                          0x000001cf   Thumb Code     0  startup_mspm0g350x_uvision.o(.text)
    RTC_IRQHandler                           0x000001cf   Thumb Code     0  startup_mspm0g350x_uvision.o(.text)
    SPI0_IRQHandler                          0x000001cf   Thumb Code     0  startup_mspm0g350x_uvision.o(.text)
    SPI1_IRQHandler                          0x000001cf   Thumb Code     0  startup_mspm0g350x_uvision.o(.text)
    TIMA1_IRQHandler                         0x000001cf   Thumb Code     0  startup_mspm0g350x_uvision.o(.text)
    TIMG12_IRQHandler                        0x000001cf   Thumb Code     0  startup_mspm0g350x_uvision.o(.text)
    TIMG6_IRQHandler                         0x000001cf   Thumb Code     0  startup_mspm0g350x_uvision.o(.text)
    TIMG7_IRQHandler                         0x000001cf   Thumb Code     0  startup_mspm0g350x_uvision.o(.text)
    TIMG8_IRQHandler                         0x000001cf   Thumb Code     0  startup_mspm0g350x_uvision.o(.text)
    UART1_IRQHandler                         0x000001cf   Thumb Code     0  startup_mspm0g350x_uvision.o(.text)
    UART2_IRQHandler                         0x000001cf   Thumb Code     0  startup_mspm0g350x_uvision.o(.text)
    UART3_IRQHandler                         0x000001cf   Thumb Code     0  startup_mspm0g350x_uvision.o(.text)
    __user_initial_stackheap                 0x000001d1   Thumb Code    10  startup_mspm0g350x_uvision.o(.text)
    __2printf                                0x000001f1   Thumb Code    22  noretval__2printf.o(.text)
    _printf_str                              0x0000020d   Thumb Code    82  _printf_str.o(.text)
    _printf_int_dec                          0x00000261   Thumb Code    90  _printf_dec.o(.text)
    __printf                                 0x000002cd   Thumb Code   270  __printf_wp.o(.text)
    __aeabi_uidivmod                         0x000003dd   Thumb Code    28  aeabi_sdivfast.o(.text)
    __aeabi_idivmod                          0x000003f9   Thumb Code   472  aeabi_sdivfast.o(.text)
    __use_two_region_memory                  0x000005d5   Thumb Code     2  heapauxi.o(.text)
    __rt_heap_escrow$2region                 0x000005d7   Thumb Code     2  heapauxi.o(.text)
    __rt_heap_expand$2region                 0x000005d9   Thumb Code     2  heapauxi.o(.text)
    __aeabi_d2f                              0x000005dd   Thumb Code     0  d2f.o(.text)
    _d2f                                     0x000005dd   Thumb Code   120  d2f.o(.text)
    __aeabi_dadd                             0x00000951   Thumb Code     0  daddsub.o(.text)
    _dadd                                    0x00000951   Thumb Code    26  daddsub.o(.text)
    __aeabi_dsub                             0x0000096b   Thumb Code     0  daddsub.o(.text)
    _dsub                                    0x0000096b   Thumb Code    22  daddsub.o(.text)
    __aeabi_drsub                            0x00000981   Thumb Code     0  daddsub.o(.text)
    _drsb                                    0x00000981   Thumb Code    28  daddsub.o(.text)
    __aeabi_ddiv                             0x000009b1   Thumb Code     0  ddiv.o(.text)
    _ddiv                                    0x000009b1   Thumb Code  1072  ddiv.o(.text)
    _drdiv                                   0x00000de1   Thumb Code    20  ddiv.o(.text)
    __aeabi_i2d_normalise                    0x00000df9   Thumb Code    66  dflti.o(.text)
    __aeabi_i2d                              0x00000e3b   Thumb Code    16  dflti.o(.text)
    _dflt                                    0x00000e3b   Thumb Code     0  dflti.o(.text)
    __aeabi_ui2d                             0x00000e4b   Thumb Code     6  dflti.o(.text)
    _dfltu                                   0x00000e4b   Thumb Code     0  dflti.o(.text)
    __aeabi_dmul                             0x00000e51   Thumb Code     0  dmul.o(.text)
    _dmul                                    0x00000e51   Thumb Code   558  dmul.o(.text)
    __aeabi_f2d                              0x00001099   Thumb Code     0  f2d.o(.text)
    _f2d                                     0x00001099   Thumb Code    80  f2d.o(.text)
    __aeabi_fdiv                             0x000010ed   Thumb Code     0  fdiv.o(.text)
    _fdiv                                    0x000010ed   Thumb Code   334  fdiv.o(.text)
    _frdiv                                   0x0000123b   Thumb Code     8  fdiv.o(.text)
    __aeabi_f2iz                             0x0000124d   Thumb Code     0  ffixi.o(.text)
    _ffix                                    0x0000124d   Thumb Code    76  ffixi.o(.text)
    __aeabi_f2uiz                            0x00001299   Thumb Code     0  ffixui.o(.text)
    _ffixu                                   0x00001299   Thumb Code    48  ffixui.o(.text)
    __aeabi_i2f_normalise                    0x000012c9   Thumb Code    72  fflti.o(.text)
    __aeabi_i2f                              0x00001311   Thumb Code    16  fflti.o(.text)
    _fflt                                    0x00001311   Thumb Code     0  fflti.o(.text)
    __aeabi_ui2f                             0x00001321   Thumb Code     6  fflti.o(.text)
    _ffltu                                   0x00001321   Thumb Code     0  fflti.o(.text)
    _printf_int_common                       0x00001327   Thumb Code   176  _printf_intcommon.o(.text)
    _printf_fp_dec_real                      0x00001575   Thumb Code   620  _printf_fp_dec.o(.text)
    _printf_cs_common                        0x000017ed   Thumb Code    22  _printf_char.o(.text)
    _printf_char                             0x00001803   Thumb Code    16  _printf_char.o(.text)
    _printf_string                           0x00001813   Thumb Code     8  _printf_char.o(.text)
    _printf_char_file                        0x0000181d   Thumb Code    34  _printf_char_file.o(.text)
    __rt_udiv10                              0x00001845   Thumb Code    40  rtudiv10.o(.text)
    __rt_locale                              0x0000186d   Thumb Code     8  rt_locale_intlibspace.o(.text)
    _ll_udiv10                               0x00001875   Thumb Code   122  lludiv10.o(.text)
    _printf_char_common                      0x000018fb   Thumb Code    32  _printf_char_common.o(.text)
    _printf_fp_infnan                        0x00001921   Thumb Code   120  _printf_fp_infnan.o(.text)
    _btod_etento                             0x000019a9   Thumb Code   210  bigflt0.o(.text)
    _btod_d2e                                0x00001a81   Thumb Code    64  btod.o(.text)
    _btod_emul                               0x00001eb5   Thumb Code    28  btod.o(.text)
    _btod_emuld                              0x00001ed1   Thumb Code   144  btod.o(.text)
    _btod_ediv                               0x00001f61   Thumb Code    26  btod.o(.text)
    _btod_edivd                              0x00001f7b   Thumb Code   124  btod.o(.text)
    ferror                                   0x00002001   Thumb Code     8  ferror.o(.text)
    __fpl_fcmp_InfNaN                        0x00002009   Thumb Code    96  fcmpin.o(.text)
    __user_libspace                          0x0000206d   Thumb Code     8  libspace.o(.text)
    __user_perproc_libspace                  0x0000206d   Thumb Code     0  libspace.o(.text)
    __user_perthread_libspace                0x0000206d   Thumb Code     0  libspace.o(.text)
    __user_setup_stackheap                   0x00002075   Thumb Code    62  sys_stackheap_outer.o(.text)
    exit                                     0x000020b3   Thumb Code    16  exit.o(.text)
    strcmp                                   0x000020c5   Thumb Code   176  strcmpv6m.o(.text)
    __fpl_cmpreturn                          0x00002175   Thumb Code    46  cmpret.o(.text)
    __fpl_fcheck_NaN2                        0x000021a5   Thumb Code    10  fnan2.o(.text)
    __fpl_return_NaN                         0x000021b5   Thumb Code    94  retnan.o(.text)
    BeepDeviceInit                           0x00002215   Thumb Code    16  beep.o(.text.BeepDeviceInit)
    ClearDistance                            0x0000222d   Thumb Code    20  dist.o(.text.ClearDistance)
    DL_Common_delayCycles                    0x00002241   Thumb Code    10  dl_common.o(.text.DL_Common_delayCycles)
    DL_Timer_initFourCCPWMMode               0x0000224d   Thumb Code   264  dl_timer.o(.text.DL_Timer_initFourCCPWMMode)
    DL_Timer_initTimerMode                   0x00002355   Thumb Code   264  dl_timer.o(.text.DL_Timer_initTimerMode)
    DL_Timer_setCaptCompUpdateMethod         0x0000245d   Thumb Code    28  dl_timer.o(.text.DL_Timer_setCaptCompUpdateMethod)
    DL_Timer_setCaptureCompareOutCtl         0x00002479   Thumb Code    24  dl_timer.o(.text.DL_Timer_setCaptureCompareOutCtl)
    DL_Timer_setCaptureCompareValue          0x00002491   Thumb Code    16  dl_timer.o(.text.DL_Timer_setCaptureCompareValue)
    DL_Timer_setClockConfig                  0x000024a1   Thumb Code    28  dl_timer.o(.text.DL_Timer_setClockConfig)
    DL_UART_init                             0x000024bd   Thumb Code    72  dl_uart.o(.text.DL_UART_init)
    DL_UART_setClockConfig                   0x00002505   Thumb Code    18  dl_uart.o(.text.DL_UART_setClockConfig)
    DebugPrint                               0x00002519   Thumb Code   204  utils.o(.text.DebugPrint)
    EncoderInit                              0x0000261d   Thumb Code    16  encoder.o(.text.EncoderInit)
    FirstTask                                0x00002635   Thumb Code   520  task.o(.text.FirstTask)
    GROUP1_IRQHandler                        0x000028a9   Thumb Code   148  encoder.o(.text.GROUP1_IRQHandler)
    GetDistance                              0x00002945   Thumb Code    60  dist.o(.text.GetDistance)
    GetSpeed                                 0x00002995   Thumb Code   196  speed.o(.text.GetSpeed)
    Gray_Update                              0x00002a89   Thumb Code    72  gray.o(.text.Gray_Update)
    KeyDeviceInit                            0x00002add   Thumb Code    52  key.o(.text.KeyDeviceInit)
    Key_GetNum                               0x00002b15   Thumb Code   120  key.o(.text.Key_GetNum)
    LedDeviceInit                            0x00002b91   Thumb Code    40  led.o(.text.LedDeviceInit)
    Motor_LeftCtrl                           0x00002bc5   Thumb Code    44  motor.o(.text.Motor_LeftCtrl)
    Motor_RightCtrl                          0x00002bf5   Thumb Code    44  motor.o(.text.Motor_RightCtrl)
    Motor_Stop                               0x00002c25   Thumb Code    24  motor.o(.text.Motor_Stop)
    PID_Calculate                            0x00002c41   Thumb Code   190  pid.o(.text.PID_Calculate)
    PID_OutPutLimit                          0x00002cff   Thumb Code    70  pid.o(.text.PID_OutPutLimit)
    PID_Select                               0x00002d45   Thumb Code    64  pid.o(.text.PID_Select)
    PID_Update                               0x00002d91   Thumb Code    14  pid.o(.text.PID_Update)
    SYSCFG_DL_GPIO_init                      0x00002da1   Thumb Code   248  ti_msp_dl_config.o(.text.SYSCFG_DL_GPIO_init)
    SYSCFG_DL_PWM_init                       0x00002ecd   Thumb Code   116  ti_msp_dl_config.o(.text.SYSCFG_DL_PWM_init)
    SYSCFG_DL_SYSCTL_init                    0x00002f59   Thumb Code    64  ti_msp_dl_config.o(.text.SYSCFG_DL_SYSCTL_init)
    SYSCFG_DL_SYSTICK_init                   0x00002fa5   Thumb Code    24  ti_msp_dl_config.o(.text.SYSCFG_DL_SYSTICK_init)
    SYSCFG_DL_TIMER_0_init                   0x00002fc1   Thumb Code    48  ti_msp_dl_config.o(.text.SYSCFG_DL_TIMER_0_init)
    SYSCFG_DL_TIMER_1_init                   0x00003005   Thumb Code    52  ti_msp_dl_config.o(.text.SYSCFG_DL_TIMER_1_init)
    SYSCFG_DL_UART_0_init                    0x00003051   Thumb Code    88  ti_msp_dl_config.o(.text.SYSCFG_DL_UART_0_init)
    SYSCFG_DL_init                           0x000030c1   Thumb Code    52  ti_msp_dl_config.o(.text.SYSCFG_DL_init)
    SYSCFG_DL_initPower                      0x000030fd   Thumb Code    52  ti_msp_dl_config.o(.text.SYSCFG_DL_initPower)
    SecondTask                               0x00003151   Thumb Code   356  task.o(.text.SecondTask)
    SetBeepMode                              0x00003321   Thumb Code    32  beep.o(.text.SetBeepMode)
    SetLedMode                               0x00003349   Thumb Code    76  led.o(.text.SetLedMode)
    SoundLightRun                            0x000033a1   Thumb Code    44  soundlight.o(.text.SoundLightRun)
    SoundLightUpdate                         0x000033cd   Thumb Code    56  soundlight.o(.text.SoundLightUpdate)
    SpeedPidCtrl                             0x0000340d   Thumb Code   296  speed.o(.text.SpeedPidCtrl)
    System_Init                              0x00003569   Thumb Code    32  utils.o(.text.System_Init)
    TIMA0_IRQHandler                         0x00003589   Thumb Code    24  empty.o(.text.TIMA0_IRQHandler)
    TIMG0_IRQHandler                         0x000035a9   Thumb Code    40  empty.o(.text.TIMG0_IRQHandler)
    TaskSelect                               0x000035d5   Thumb Code   144  utils.o(.text.TaskSelect)
    TimerDeviceInit                          0x00003675   Thumb Code    20  timer.o(.text.TimerDeviceInit)
    TrackCascadeCtrl                         0x00003689   Thumb Code    16  track.o(.text.TrackCascadeCtrl)
    TrackLoopPidCtrl                         0x00003699   Thumb Code   180  track.o(.text.TrackLoopPidCtrl)
    TrackPidCtrl                             0x00003751   Thumb Code   200  track.o(.text.TrackPidCtrl)
    UART0_IRQHandler                         0x000038e9   Thumb Code   316  minipc.o(.text.UART0_IRQHandler)
    UartDeviceInit                           0x00003a41   Thumb Code    16  uart.o(.text.UartDeviceInit)
    Wait_For_A_While                         0x00003a59   Thumb Code    52  utils.o(.text.Wait_For_A_While)
    _sys_exit                                0x00003a91   Thumb Code     2  uart.o(.text._sys_exit)
    delay_ms                                 0x00003a95   Thumb Code   424  delay.o(.text.delay_ms)
    fputc                                    0x00003c41   Thumb Code    32  uart.o(.text.fputc)
    main                                     0x00003c65   Thumb Code    10  empty.o(.text.main)
    turn_90_control                          0x00003c71   Thumb Code   308  speed.o(.text.turn_90_control)
    __ARM_common_ll_muluu                    0x00003dd5   Thumb Code    48  btod.o(i.__ARM_common_ll_muluu)
    __ARM_fpclassify                         0x00003e05   Thumb Code    40  fpclassify.o(i.__ARM_fpclassify)
    __aeabi_fcmpge                           0x00003e31   Thumb Code     0  fcmp.o(i._fgeq)
    _fgeq                                    0x00003e31   Thumb Code    22  fcmp.o(i._fgeq)
    __aeabi_fcmpgt                           0x00003e47   Thumb Code     0  fcmp.o(i._fgr)
    _fgr                                     0x00003e47   Thumb Code    22  fcmp.o(i._fgr)
    __aeabi_fcmple                           0x00003e5d   Thumb Code     0  fcmp.o(i._fleq)
    _fleq                                    0x00003e5d   Thumb Code    26  fcmp.o(i._fleq)
    __aeabi_fcmplt                           0x00003e77   Thumb Code     0  fcmp.o(i._fls)
    _fls                                     0x00003e77   Thumb Code    22  fcmp.o(i._fls)
    _is_digit                                0x00003e8d   Thumb Code    14  __printf_wp.o(i._is_digit)
    _get_lc_numeric                          0x00003e9d   Thumb Code    44  lc_numeric_c.o(locale$$code)
    __aeabi_fadd                             0x00003ec9   Thumb Code     0  faddsub.o(x$fpl$fadd)
    _fadd                                    0x00003ec9   Thumb Code   134  faddsub.o(x$fpl$fadd)
    _fcmpge                                  0x00003f55   Thumb Code    78  fgef.o(x$fpl$fgeqf)
    __aeabi_cfcmple                          0x00003fa9   Thumb Code     0  flef.o(x$fpl$fleqf)
    _fcmple                                  0x00003fa9   Thumb Code    78  flef.o(x$fpl$fleqf)
    __aeabi_fmul                             0x00003ffd   Thumb Code     0  fmul.o(x$fpl$fmul)
    _fmul                                    0x00003ffd   Thumb Code   172  fmul.o(x$fpl$fmul)
    __aeabi_fsub                             0x000040ad   Thumb Code     0  faddsub.o(x$fpl$fsub)
    _fsub                                    0x000040ad   Thumb Code   204  faddsub.o(x$fpl$fsub)
    _printf_fp_dec                           0x0000417d   Thumb Code    16  printf1.o(x$fpl$printf1)
    __I$use$fp                               0x0000418c   Number         0  usenofp.o(x$fpl$usenofp)
    Region$$Table$$Base                      0x00004388   Number         0  anon$$obj.o(Region$$Table)
    Region$$Table$$Limit                     0x000043a8   Number         0  anon$$obj.o(Region$$Table)
    gray_weight                              0x20200000   Data           8  track.o(.data.gray_weight)
    lap_num                                  0x20200008   Data           1  utils.o(.data.lap_num)
    left_speed_pid                           0x2020000c   Data           8  speed.o(.data.left_speed_pid)
    motor_left_dir                           0x20200014   Data           1  motor.o(.data.motor_left_dir)
    motor_right_dir                          0x20200015   Data           1  motor.o(.data.motor_right_dir)
    right_speed_pid                          0x20200018   Data           8  speed.o(.data.right_speed_pid)
    task_num                                 0x20200020   Data           1  utils.o(.data.task_num)
    turn_target_yaw                          0x20200024   Data           4  task.o(.data.turn_target_yaw)
    wait_flag                                0x20200028   Data           1  utils.o(.data.wait_flag)
    __libspace_start                         0x20200030   Data          96  libspace.o(.bss)
    __temporary_stack_top$libspace           0x20200090   Data           0  libspace.o(.bss)
    __stdout                                 0x202000c0   Data          84  uart.o(.bss.__stdout)
    basespeed                                0x20200114   Data           4  task.o(.bss.basespeed)
    bias                                     0x2020011a   Data           2  task.o(.bss.bias)
    carL_dis                                 0x2020011c   Data           4  dist.o(.bss.carL_dis)
    carR_dis                                 0x20200120   Data           4  dist.o(.bss.carR_dis)
    corner_cnt                               0x20200124   Data           1  task.o(.bss.corner_cnt)
    corner_detected                          0x20200125   Data           1  task.o(.bss.corner_detected)
    debug_motor_stop                         0x20200127   Data           1  utils.o(.bss.debug_motor_stop)
    debug_no_turn                            0x20200128   Data           1  utils.o(.bss.debug_no_turn)
    encoder_left_count                       0x2020012c   Data           4  encoder.o(.bss.encoder_left_count)
    encoder_right_count                      0x20200130   Data           4  encoder.o(.bss.encoder_right_count)
    gPWMBackup                               0x20200134   Data         160  ti_msp_dl_config.o(.bss.gPWMBackup)
    gTIMER_0Backup                           0x202001d4   Data         188  ti_msp_dl_config.o(.bss.gTIMER_0Backup)
    gray                                     0x20200290   Data           8  gray.o(.bss.gray)
    gyro_yaw                                 0x20200298   Data           4  task.o(.bss.gyro_yaw)
    lap_count                                0x202002d8   Data           1  task.o(.bss.lap_count)
    left_speed                               0x202002fc   Data           4  speed.o(.bss.left_speed)
    pid_flag                                 0x20200300   Data           1  pid.o(.bss.pid_flag)
    right_speed                              0x20200304   Data           4  speed.o(.bss.right_speed)
    total_start_flag                         0x2020040c   Data           1  utils.o(.bss.total_start_flag)
    track_loop_pid                           0x20200410   Data          52  track.o(.bss.track_loop_pid)
    track_pid                                0x20200444   Data          52  track.o(.bss.track_pid)
    turn_flag                                0x20200478   Data           1  task.o(.bss.turn_flag)
    turn_mode                                0x20200479   Data           1  task.o(.bss.turn_mode)
    workstep                                 0x2020047a   Data           1  task.o(.bss.workstep)



==============================================================================

Memory Map of the image

  Image Entry point : 0x000000c1

  Load Region LR_IROM1 (Base: 0x00000000, Size: 0x000043f8, Max: 0x00020000, ABSOLUTE)

    Execution Region ER_IROM1 (Exec base: 0x00000000, Load base: 0x00000000, Size: 0x000043c4, Max: 0x00020000, ABSOLUTE)

    Exec Addr    Load Addr    Size         Type   Attr      Idx    E Section Name        Object

    0x00000000   0x00000000   0x000000c0   Data   RO          299    RESET               startup_mspm0g350x_uvision.o
    0x000000c0   0x000000c0   0x00000008   Code   RO          548  * !!!main             c_p.l(__main.o)
    0x000000c8   0x000000c8   0x00000054   Code   RO          832    !!!scatter          c_p.l(__scatter.o)
    0x0000011c   0x0000011c   0x00000004   PAD
    0x00000120   0x00000120   0x0000001a   Code   RO          836    !!handler_copy      c_p.l(__scatter_copy.o)
    0x0000013a   0x0000013a   0x00000006   PAD
    0x00000140   0x00000140   0x00000002   Code   RO          833    !!handler_null      c_p.l(__scatter.o)
    0x00000142   0x00000142   0x00000006   PAD
    0x00000148   0x00000148   0x0000001c   Code   RO          838    !!handler_zi        c_p.l(__scatter_zi.o)
    0x00000164   0x00000164   0x00000002   Code   RO          531    .ARM.Collect$$_printf_percent$$00000000  c_p.l(_printf_percent.o)
    0x00000166   0x00000166   0x0000000a   Code   RO          530    .ARM.Collect$$_printf_percent$$00000003  c_p.l(_printf_f.o)
    0x00000170   0x00000170   0x0000000a   Code   RO          529    .ARM.Collect$$_printf_percent$$00000009  c_p.l(_printf_d.o)
    0x0000017a   0x0000017a   0x0000000a   Code   RO          528    .ARM.Collect$$_printf_percent$$00000014  c_p.l(_printf_s.o)
    0x00000184   0x00000184   0x00000004   Code   RO          609    .ARM.Collect$$_printf_percent$$00000017  c_p.l(_printf_percent_end.o)
    0x00000188   0x00000188   0x00000002   Code   RO          692    .ARM.Collect$$libinit$$00000000  c_p.l(libinit.o)
    0x0000018a   0x0000018a   0x00000000   Code   RO          694    .ARM.Collect$$libinit$$00000002  c_p.l(libinit2.o)
    0x0000018a   0x0000018a   0x00000000   Code   RO          696    .ARM.Collect$$libinit$$00000004  c_p.l(libinit2.o)
    0x0000018a   0x0000018a   0x00000000   Code   RO          698    .ARM.Collect$$libinit$$00000006  c_p.l(libinit2.o)
    0x0000018a   0x0000018a   0x00000000   Code   RO          701    .ARM.Collect$$libinit$$0000000C  c_p.l(libinit2.o)
    0x0000018a   0x0000018a   0x00000000   Code   RO          703    .ARM.Collect$$libinit$$0000000E  c_p.l(libinit2.o)
    0x0000018a   0x0000018a   0x00000000   Code   RO          705    .ARM.Collect$$libinit$$00000010  c_p.l(libinit2.o)
    0x0000018a   0x0000018a   0x00000006   Code   RO          706    .ARM.Collect$$libinit$$00000011  c_p.l(libinit2.o)
    0x00000190   0x00000190   0x00000000   Code   RO          708    .ARM.Collect$$libinit$$00000013  c_p.l(libinit2.o)
    0x00000190   0x00000190   0x00000000   Code   RO          710    .ARM.Collect$$libinit$$00000015  c_p.l(libinit2.o)
    0x00000190   0x00000190   0x00000000   Code   RO          712    .ARM.Collect$$libinit$$00000017  c_p.l(libinit2.o)
    0x00000190   0x00000190   0x0000000a   Code   RO          713    .ARM.Collect$$libinit$$00000018  c_p.l(libinit2.o)
    0x0000019a   0x0000019a   0x00000000   Code   RO          714    .ARM.Collect$$libinit$$00000019  c_p.l(libinit2.o)
    0x0000019a   0x0000019a   0x00000000   Code   RO          716    .ARM.Collect$$libinit$$0000001B  c_p.l(libinit2.o)
    0x0000019a   0x0000019a   0x00000000   Code   RO          718    .ARM.Collect$$libinit$$0000001D  c_p.l(libinit2.o)
    0x0000019a   0x0000019a   0x00000000   Code   RO          720    .ARM.Collect$$libinit$$0000001F  c_p.l(libinit2.o)
    0x0000019a   0x0000019a   0x00000000   Code   RO          722    .ARM.Collect$$libinit$$00000021  c_p.l(libinit2.o)
    0x0000019a   0x0000019a   0x00000000   Code   RO          724    .ARM.Collect$$libinit$$00000023  c_p.l(libinit2.o)
    0x0000019a   0x0000019a   0x00000000   Code   RO          726    .ARM.Collect$$libinit$$00000025  c_p.l(libinit2.o)
    0x0000019a   0x0000019a   0x00000000   Code   RO          728    .ARM.Collect$$libinit$$00000027  c_p.l(libinit2.o)
    0x0000019a   0x0000019a   0x00000000   Code   RO          732    .ARM.Collect$$libinit$$0000002E  c_p.l(libinit2.o)
    0x0000019a   0x0000019a   0x00000000   Code   RO          734    .ARM.Collect$$libinit$$00000030  c_p.l(libinit2.o)
    0x0000019a   0x0000019a   0x00000000   Code   RO          736    .ARM.Collect$$libinit$$00000032  c_p.l(libinit2.o)
    0x0000019a   0x0000019a   0x00000000   Code   RO          738    .ARM.Collect$$libinit$$00000034  c_p.l(libinit2.o)
    0x0000019a   0x0000019a   0x00000002   Code   RO          739    .ARM.Collect$$libinit$$00000035  c_p.l(libinit2.o)
    0x0000019c   0x0000019c   0x00000002   Code   RO          794    .ARM.Collect$$libshutdown$$00000000  c_p.l(libshutdown.o)
    0x0000019e   0x0000019e   0x00000000   Code   RO          815    .ARM.Collect$$libshutdown$$00000002  c_p.l(libshutdown2.o)
    0x0000019e   0x0000019e   0x00000000   Code   RO          817    .ARM.Collect$$libshutdown$$00000004  c_p.l(libshutdown2.o)
    0x0000019e   0x0000019e   0x00000000   Code   RO          820    .ARM.Collect$$libshutdown$$00000007  c_p.l(libshutdown2.o)
    0x0000019e   0x0000019e   0x00000000   Code   RO          823    .ARM.Collect$$libshutdown$$0000000A  c_p.l(libshutdown2.o)
    0x0000019e   0x0000019e   0x00000000   Code   RO          825    .ARM.Collect$$libshutdown$$0000000C  c_p.l(libshutdown2.o)
    0x0000019e   0x0000019e   0x00000000   Code   RO          828    .ARM.Collect$$libshutdown$$0000000F  c_p.l(libshutdown2.o)
    0x0000019e   0x0000019e   0x00000002   Code   RO          829    .ARM.Collect$$libshutdown$$00000010  c_p.l(libshutdown2.o)
    0x000001a0   0x000001a0   0x00000000   Code   RO          594    .ARM.Collect$$rtentry$$00000000  c_p.l(__rtentry.o)
    0x000001a0   0x000001a0   0x00000000   Code   RO          620    .ARM.Collect$$rtentry$$00000002  c_p.l(__rtentry2.o)
    0x000001a0   0x000001a0   0x00000006   Code   RO          632    .ARM.Collect$$rtentry$$00000004  c_p.l(__rtentry4.o)
    0x000001a6   0x000001a6   0x00000000   Code   RO          622    .ARM.Collect$$rtentry$$00000009  c_p.l(__rtentry2.o)
    0x000001a6   0x000001a6   0x00000004   Code   RO          623    .ARM.Collect$$rtentry$$0000000A  c_p.l(__rtentry2.o)
    0x000001aa   0x000001aa   0x00000000   Code   RO          625    .ARM.Collect$$rtentry$$0000000C  c_p.l(__rtentry2.o)
    0x000001aa   0x000001aa   0x00000008   Code   RO          626    .ARM.Collect$$rtentry$$0000000D  c_p.l(__rtentry2.o)
    0x000001b2   0x000001b2   0x00000002   Code   RO          745    .ARM.Collect$$rtexit$$00000000  c_p.l(rtexit.o)
    0x000001b4   0x000001b4   0x00000000   Code   RO          762    .ARM.Collect$$rtexit$$00000002  c_p.l(rtexit2.o)
    0x000001b4   0x000001b4   0x00000004   Code   RO          763    .ARM.Collect$$rtexit$$00000003  c_p.l(rtexit2.o)
    0x000001b8   0x000001b8   0x00000006   Code   RO          764    .ARM.Collect$$rtexit$$00000004  c_p.l(rtexit2.o)
    0x000001be   0x000001be   0x00000002   PAD
    0x000001c0   0x000001c0   0x00000030   Code   RO          300    .text               startup_mspm0g350x_uvision.o
    0x000001f0   0x000001f0   0x0000001c   Code   RO          500    .text               c_p.l(noretval__2printf.o)
    0x0000020c   0x0000020c   0x00000052   Code   RO          504    .text               c_p.l(_printf_str.o)
    0x0000025e   0x0000025e   0x00000002   PAD
    0x00000260   0x00000260   0x0000006c   Code   RO          506    .text               c_p.l(_printf_dec.o)
    0x000002cc   0x000002cc   0x0000010e   Code   RO          516    .text               c_p.l(__printf_wp.o)
    0x000003da   0x000003da   0x00000002   PAD
    0x000003dc   0x000003dc   0x000001f8   Code   RO          538    .text               c_p.l(aeabi_sdivfast.o)
    0x000005d4   0x000005d4   0x00000006   Code   RO          546    .text               c_p.l(heapauxi.o)
    0x000005da   0x000005da   0x00000002   PAD
    0x000005dc   0x000005dc   0x0000007c   Code   RO          550    .text               fz_ps.l(d2f.o)
    0x00000658   0x00000658   0x00000358   Code   RO          552    .text               fz_ps.l(daddsub.o)
    0x000009b0   0x000009b0   0x00000448   Code   RO          554    .text               fz_ps.l(ddiv.o)
    0x00000df8   0x00000df8   0x00000058   Code   RO          557    .text               fz_ps.l(dflti.o)
    0x00000e50   0x00000e50   0x00000248   Code   RO          559    .text               fz_ps.l(dmul.o)
    0x00001098   0x00001098   0x00000054   Code   RO          561    .text               fz_ps.l(f2d.o)
    0x000010ec   0x000010ec   0x00000160   Code   RO          581    .text               fz_ps.l(fdiv.o)
    0x0000124c   0x0000124c   0x0000004c   Code   RO          584    .text               fz_ps.l(ffixi.o)
    0x00001298   0x00001298   0x00000030   Code   RO          586    .text               fz_ps.l(ffixui.o)
    0x000012c8   0x000012c8   0x0000005e   Code   RO          588    .text               fz_ps.l(fflti.o)
    0x00001326   0x00001326   0x000000b0   Code   RO          599    .text               c_p.l(_printf_intcommon.o)
    0x000013d6   0x000013d6   0x00000002   PAD
    0x000013d8   0x000013d8   0x00000414   Code   RO          601    .text               c_p.l(_printf_fp_dec.o)
    0x000017ec   0x000017ec   0x0000002e   Code   RO          605    .text               c_p.l(_printf_char.o)
    0x0000181a   0x0000181a   0x00000002   PAD
    0x0000181c   0x0000181c   0x00000028   Code   RO          607    .text               c_p.l(_printf_char_file.o)
    0x00001844   0x00001844   0x00000028   Code   RO          610    .text               c_p.l(rtudiv10.o)
    0x0000186c   0x0000186c   0x00000008   Code   RO          639    .text               c_p.l(rt_locale_intlibspace.o)
    0x00001874   0x00001874   0x0000007a   Code   RO          641    .text               c_p.l(lludiv10.o)
    0x000018ee   0x000018ee   0x00000002   PAD
    0x000018f0   0x000018f0   0x00000030   Code   RO          643    .text               c_p.l(_printf_char_common.o)
    0x00001920   0x00001920   0x00000088   Code   RO          645    .text               c_p.l(_printf_fp_infnan.o)
    0x000019a8   0x000019a8   0x000000d8   Code   RO          647    .text               c_p.l(bigflt0.o)
    0x00001a80   0x00001a80   0x00000580   Code   RO          650    .text               c_p.l(btod.o)
    0x00002000   0x00002000   0x00000008   Code   RO          656    .text               c_p.l(ferror.o)
    0x00002008   0x00002008   0x00000064   Code   RO          663    .text               fz_ps.l(fcmpin.o)
    0x0000206c   0x0000206c   0x00000008   Code   RO          669    .text               c_p.l(libspace.o)
    0x00002074   0x00002074   0x0000003e   Code   RO          672    .text               c_p.l(sys_stackheap_outer.o)
    0x000020b2   0x000020b2   0x00000010   Code   RO          679    .text               c_p.l(exit.o)
    0x000020c2   0x000020c2   0x00000002   PAD
    0x000020c4   0x000020c4   0x000000b0   Code   RO          685    .text               c_p.l(strcmpv6m.o)
    0x00002174   0x00002174   0x0000002e   Code   RO          740    .text               fz_ps.l(cmpret.o)
    0x000021a2   0x000021a2   0x00000002   PAD
    0x000021a4   0x000021a4   0x00000010   Code   RO          742    .text               fz_ps.l(fnan2.o)
    0x000021b4   0x000021b4   0x0000005e   Code   RO          759    .text               fz_ps.l(retnan.o)
    0x00002212   0x00002212   0x00000002   PAD
    0x00002214   0x00002214   0x00000018   Code   RO          116    .text.BeepDeviceInit  beep.o
    0x0000222c   0x0000222c   0x00000014   Code   RO          254    .text.ClearDistance  dist.o
    0x00002240   0x00002240   0x0000000a   Code   RO          347    .text.DL_Common_delayCycles  driverlib.a(dl_common.o)
    0x0000224a   0x0000224a   0x00000002   PAD
    0x0000224c   0x0000224c   0x00000108   Code   RO          436    .text.DL_Timer_initFourCCPWMMode  driverlib.a(dl_timer.o)
    0x00002354   0x00002354   0x00000108   Code   RO          360    .text.DL_Timer_initTimerMode  driverlib.a(dl_timer.o)
    0x0000245c   0x0000245c   0x0000001c   Code   RO          402    .text.DL_Timer_setCaptCompUpdateMethod  driverlib.a(dl_timer.o)
    0x00002478   0x00002478   0x00000018   Code   RO          410    .text.DL_Timer_setCaptureCompareOutCtl  driverlib.a(dl_timer.o)
    0x00002490   0x00002490   0x00000010   Code   RO          362    .text.DL_Timer_setCaptureCompareValue  driverlib.a(dl_timer.o)
    0x000024a0   0x000024a0   0x0000001c   Code   RO          356    .text.DL_Timer_setClockConfig  driverlib.a(dl_timer.o)
    0x000024bc   0x000024bc   0x00000048   Code   RO          457    .text.DL_UART_init  driverlib.a(dl_uart.o)
    0x00002504   0x00002504   0x00000012   Code   RO          459    .text.DL_UART_setClockConfig  driverlib.a(dl_uart.o)
    0x00002516   0x00002516   0x00000002   PAD
    0x00002518   0x00002518   0x00000104   Code   RO           48    .text.DebugPrint    utils.o
    0x0000261c   0x0000261c   0x00000018   Code   RO          162    .text.EncoderInit   encoder.o
    0x00002634   0x00002634   0x00000274   Code   RO            2    .text.FirstTask     task.o
    0x000028a8   0x000028a8   0x0000009c   Code   RO          164    .text.GROUP1_IRQHandler  encoder.o
    0x00002944   0x00002944   0x00000050   Code   RO          252    .text.GetDistance   dist.o
    0x00002994   0x00002994   0x000000f4   Code   RO          222    .text.GetSpeed      speed.o
    0x00002a88   0x00002a88   0x00000054   Code   RO          176    .text.Gray_Update   gray.o
    0x00002adc   0x00002adc   0x00000038   Code   RO          127    .text.KeyDeviceInit  key.o
    0x00002b14   0x00002b14   0x0000007c   Code   RO          129    .text.Key_GetNum    key.o
    0x00002b90   0x00002b90   0x00000034   Code   RO          103    .text.LedDeviceInit  led.o
    0x00002bc4   0x00002bc4   0x00000030   Code   RO          144    .text.Motor_LeftCtrl  motor.o
    0x00002bf4   0x00002bf4   0x00000030   Code   RO          146    .text.Motor_RightCtrl  motor.o
    0x00002c24   0x00002c24   0x0000001c   Code   RO          148    .text.Motor_Stop    motor.o
    0x00002c40   0x00002c40   0x000000be   Code   RO          269    .text.PID_Calculate  pid.o
    0x00002cfe   0x00002cfe   0x00000046   Code   RO          271    .text.PID_OutPutLimit  pid.o
    0x00002d44   0x00002d44   0x0000004c   Code   RO          273    .text.PID_Select    pid.o
    0x00002d90   0x00002d90   0x0000000e   Code   RO          265    .text.PID_Update    pid.o
    0x00002d9e   0x00002d9e   0x00000002   PAD
    0x00002da0   0x00002da0   0x0000012c   Code   RO          311    .text.SYSCFG_DL_GPIO_init  ti_msp_dl_config.o
    0x00002ecc   0x00002ecc   0x0000008c   Code   RO          315    .text.SYSCFG_DL_PWM_init  ti_msp_dl_config.o
    0x00002f58   0x00002f58   0x0000004c   Code   RO          313    .text.SYSCFG_DL_SYSCTL_init  ti_msp_dl_config.o
    0x00002fa4   0x00002fa4   0x0000001c   Code   RO          323    .text.SYSCFG_DL_SYSTICK_init  ti_msp_dl_config.o
    0x00002fc0   0x00002fc0   0x00000044   Code   RO          317    .text.SYSCFG_DL_TIMER_0_init  ti_msp_dl_config.o
    0x00003004   0x00003004   0x0000004c   Code   RO          319    .text.SYSCFG_DL_TIMER_1_init  ti_msp_dl_config.o
    0x00003050   0x00003050   0x00000070   Code   RO          321    .text.SYSCFG_DL_UART_0_init  ti_msp_dl_config.o
    0x000030c0   0x000030c0   0x0000003c   Code   RO          307    .text.SYSCFG_DL_init  ti_msp_dl_config.o
    0x000030fc   0x000030fc   0x00000054   Code   RO          309    .text.SYSCFG_DL_initPower  ti_msp_dl_config.o
    0x00003150   0x00003150   0x000001d0   Code   RO            6    .text.SecondTask    task.o
    0x00003320   0x00003320   0x00000028   Code   RO          114    .text.SetBeepMode   beep.o
    0x00003348   0x00003348   0x00000058   Code   RO          101    .text.SetLedMode    led.o
    0x000033a0   0x000033a0   0x0000002c   Code   RO           29    .text.SoundLightRun  soundlight.o
    0x000033cc   0x000033cc   0x00000040   Code   RO           31    .text.SoundLightUpdate  soundlight.o
    0x0000340c   0x0000340c   0x0000015c   Code   RO          230    .text.SpeedPidCtrl  speed.o
    0x00003568   0x00003568   0x00000020   Code   RO           42    .text.System_Init   utils.o
    0x00003588   0x00003588   0x00000020   Code   RO          286    .text.TIMA0_IRQHandler  empty.o
    0x000035a8   0x000035a8   0x0000002c   Code   RO          288    .text.TIMG0_IRQHandler  empty.o
    0x000035d4   0x000035d4   0x000000a0   Code   RO           44    .text.TaskSelect    utils.o
    0x00003674   0x00003674   0x00000014   Code   RO           66    .text.TimerDeviceInit  timer.o
    0x00003688   0x00003688   0x00000010   Code   RO          209    .text.TrackCascadeCtrl  track.o
    0x00003698   0x00003698   0x000000b8   Code   RO          207    .text.TrackLoopPidCtrl  track.o
    0x00003750   0x00003750   0x000000d4   Code   RO          205    .text.TrackPidCtrl  track.o
    0x00003824   0x00003824   0x000000c4   Code   RO            4    .text.Track_DetectCorner  task.o
    0x000038e8   0x000038e8   0x00000158   Code   RO          191    .text.UART0_IRQHandler  minipc.o
    0x00003a40   0x00003a40   0x00000018   Code   RO           74    .text.UartDeviceInit  uart.o
    0x00003a58   0x00003a58   0x00000038   Code   RO           46    .text.Wait_For_A_While  utils.o
    0x00003a90   0x00003a90   0x00000002   Code   RO           76    .text._sys_exit     uart.o
    0x00003a92   0x00003a92   0x00000002   PAD
    0x00003a94   0x00003a94   0x000001ac   Code   RO           91    .text.delay_ms      delay.o
    0x00003c40   0x00003c40   0x00000024   Code   RO           78    .text.fputc         uart.o
    0x00003c64   0x00003c64   0x0000000a   Code   RO          284    .text.main          empty.o
    0x00003c6e   0x00003c6e   0x00000002   PAD
    0x00003c70   0x00003c70   0x00000164   Code   RO          228    .text.turn_90_control  speed.o
    0x00003dd4   0x00003dd4   0x00000030   Code   RO          652    i.__ARM_common_ll_muluu  c_p.l(btod.o)
    0x00003e04   0x00003e04   0x0000002c   Code   RO          667    i.__ARM_fpclassify  m_ps.l(fpclassify.o)
    0x00003e30   0x00003e30   0x00000016   Code   RO          570    i._fgeq             fz_ps.l(fcmp.o)
    0x00003e46   0x00003e46   0x00000016   Code   RO          571    i._fgr              fz_ps.l(fcmp.o)
    0x00003e5c   0x00003e5c   0x0000001a   Code   RO          572    i._fleq             fz_ps.l(fcmp.o)
    0x00003e76   0x00003e76   0x00000016   Code   RO          573    i._fls              fz_ps.l(fcmp.o)
    0x00003e8c   0x00003e8c   0x0000000e   Code   RO          518    i._is_digit         c_p.l(__printf_wp.o)
    0x00003e9a   0x00003e9a   0x00000002   PAD
    0x00003e9c   0x00003e9c   0x0000002c   Code   RO          661    locale$$code        c_p.l(lc_numeric_c.o)
    0x00003ec8   0x00003ec8   0x0000008c   Code   RO          563    x$fpl$fadd          fz_ps.l(faddsub.o)
    0x00003f54   0x00003f54   0x00000054   Code   RO          614    x$fpl$fgeqf         fz_ps.l(fgef.o)
    0x00003fa8   0x00003fa8   0x00000054   Code   RO          616    x$fpl$fleqf         fz_ps.l(flef.o)
    0x00003ffc   0x00003ffc   0x000000b0   Code   RO          590    x$fpl$fmul          fz_ps.l(fmul.o)
    0x000040ac   0x000040ac   0x000000d0   Code   RO          565    x$fpl$fsub          fz_ps.l(faddsub.o)
    0x0000417c   0x0000417c   0x00000010   Code   RO          592    x$fpl$printf1       fz_ps.l(printf1.o)
    0x0000418c   0x0000418c   0x00000000   Code   RO          618    x$fpl$usenofp       fz_ps.l(usenofp.o)
    0x0000418c   0x0000418c   0x00000080   Data   RO          555    .constdata          fz_ps.l(ddiv.o)
    0x0000420c   0x0000420c   0x00000040   Data   RO          582    .constdata          fz_ps.l(fdiv.o)
    0x0000424c   0x0000424c   0x00000094   Data   RO          648    .constdata          c_p.l(bigflt0.o)
    0x000042e0   0x000042e0   0x00000003   Data   RO          331    .rodata.gPWMClockConfig  ti_msp_dl_config.o
    0x000042e3   0x000042e3   0x00000001   PAD
    0x000042e4   0x000042e4   0x00000008   Data   RO          332    .rodata.gPWMConfig  ti_msp_dl_config.o
    0x000042ec   0x000042ec   0x00000003   Data   RO          333    .rodata.gTIMER_0ClockConfig  ti_msp_dl_config.o
    0x000042ef   0x000042ef   0x00000001   PAD
    0x000042f0   0x000042f0   0x00000014   Data   RO          334    .rodata.gTIMER_0TimerConfig  ti_msp_dl_config.o
    0x00004304   0x00004304   0x00000003   Data   RO          335    .rodata.gTIMER_1ClockConfig  ti_msp_dl_config.o
    0x00004307   0x00004307   0x00000001   PAD
    0x00004308   0x00004308   0x00000014   Data   RO          336    .rodata.gTIMER_1TimerConfig  ti_msp_dl_config.o
    0x0000431c   0x0000431c   0x00000002   Data   RO          337    .rodata.gUART_0ClockConfig  ti_msp_dl_config.o
    0x0000431e   0x0000431e   0x0000000a   Data   RO          338    .rodata.gUART_0Config  ti_msp_dl_config.o
    0x00004328   0x00004328   0x0000005b   Data   RO           57    .rodata.str1.1      utils.o
    0x00004383   0x00004383   0x00000005   PAD
    0x00004388   0x00004388   0x00000020   Data   RO          831    Region$$Table       anon$$obj.o
    0x000043a8   0x000043a8   0x0000001c   Data   RO          660    locale$$data        c_p.l(lc_numeric_c.o)


    Execution Region RW_IRAM2 (Exec base: 0x20200000, Load base: 0x000043c8, Size: 0x00001880, Max: 0x00008000, ABSOLUTE)

    Exec Addr    Load Addr    Size         Type   Attr      Idx    E Section Name        Object

    0x20200000   0x000043c8   0x00000008   Data   RW          211    .data.gray_weight   track.o
    0x20200008   0x000043d0   0x00000001   Data   RW           50    .data.lap_num       utils.o
    0x20200009   0x000043d1   0x00000003   PAD
    0x2020000c   0x000043d4   0x00000008   Data   RW          234    .data.left_speed_pid  speed.o
    0x20200014   0x000043dc   0x00000001   Data   RW          152    .data.motor_left_dir  motor.o
    0x20200015   0x000043dd   0x00000001   Data   RW          153    .data.motor_right_dir  motor.o
    0x20200016   0x000043de   0x00000002   PAD
    0x20200018   0x000043e0   0x00000008   Data   RW          235    .data.right_speed_pid  speed.o
    0x20200020   0x000043e8   0x00000001   Data   RW           51    .data.task_num      utils.o
    0x20200021   0x000043e9   0x00000003   PAD
    0x20200024   0x000043ec   0x00000004   Data   RW           17    .data.turn_target_yaw  task.o
    0x20200028   0x000043f0   0x00000001   Data   RW           53    .data.wait_flag     utils.o
    0x20200029   0x000043f1   0x00000007   PAD
    0x20200030        -       0x00000060   Zero   RW          670    .bss                c_p.l(libspace.o)
    0x20200090        -       0x00000001   Zero   RW           56    .bss.DebugPrint.cnt  utils.o
    0x20200091   0x000043f1   0x00000003   PAD
    0x20200094        -       0x00000004   Zero   RW          236    .bss.GetSpeed.last_left_count  speed.o
    0x20200098        -       0x00000004   Zero   RW          238    .bss.GetSpeed.last_left_speed  speed.o
    0x2020009c        -       0x00000004   Zero   RW          237    .bss.GetSpeed.last_right_count  speed.o
    0x202000a0        -       0x00000004   Zero   RW          239    .bss.GetSpeed.last_right_speed  speed.o
    0x202000a4        -       0x00000004   Zero   RW          241    .bss.LeftSpeedPidCtrl.last_offset  speed.o
    0x202000a8        -       0x00000004   Zero   RW          240    .bss.LeftSpeedPidCtrl.left_pwm  speed.o
    0x202000ac        -       0x00000004   Zero   RW          243    .bss.RightSpeedPidCtrl.last_offset  speed.o
    0x202000b0        -       0x00000004   Zero   RW          242    .bss.RightSpeedPidCtrl.right_pwm  speed.o
    0x202000b4        -       0x00000004   Zero   RW           18    .bss.Track_DetectCorner.black_cnt  task.o
    0x202000b8        -       0x00000001   Zero   RW           20    .bss.Track_DetectCorner.is_latched  task.o
    0x202000b9   0x000043f1   0x00000003   PAD
    0x202000bc        -       0x00000004   Zero   RW           19    .bss.Track_DetectCorner.timer_ms  task.o
    0x202000c0        -       0x00000054   Zero   RW           80    .bss.__stdout       uart.o
    0x20200114        -       0x00000004   Zero   RW           14    .bss.basespeed      task.o
    0x20200118        -       0x00000001   Zero   RW          118    .bss.beep.1         beep.o
    0x20200119   0x000043f1   0x00000001   PAD
    0x2020011a        -       0x00000002   Zero   RW           13    .bss.bias           task.o
    0x2020011c        -       0x00000004   Zero   RW          256    .bss.carL_dis       dist.o
    0x20200120        -       0x00000004   Zero   RW          257    .bss.carR_dis       dist.o
    0x20200124        -       0x00000001   Zero   RW           12    .bss.corner_cnt     task.o
    0x20200125        -       0x00000001   Zero   RW           11    .bss.corner_detected  task.o
    0x20200126        -       0x00000001   Zero   RW          195    .bss.data_len       minipc.o
    0x20200127        -       0x00000001   Zero   RW           55    .bss.debug_motor_stop  utils.o
    0x20200128        -       0x00000001   Zero   RW           54    .bss.debug_no_turn  utils.o
    0x20200129   0x000043f1   0x00000003   PAD
    0x2020012c        -       0x00000004   Zero   RW          166    .bss.encoder_left_count  encoder.o
    0x20200130        -       0x00000004   Zero   RW          167    .bss.encoder_right_count  encoder.o
    0x20200134        -       0x000000a0   Zero   RW          329    .bss.gPWMBackup     ti_msp_dl_config.o
    0x202001d4        -       0x000000bc   Zero   RW          330    .bss.gTIMER_0Backup  ti_msp_dl_config.o
    0x20200290        -       0x00000008   Zero   RW          178    .bss.gray           gray.o
    0x20200298        -       0x00000004   Zero   RW           16    .bss.gyro_yaw       task.o
    0x2020029c        -       0x0000003c   Zero   RW          131    .bss.key            key.o
    0x202002d8        -       0x00000001   Zero   RW           10    .bss.lap_count      task.o
    0x202002d9   0x000043f1   0x00000003   PAD
    0x202002dc        -       0x00000020   Zero   RW          105    .bss.led            led.o
    0x202002fc        -       0x00000004   Zero   RW          232    .bss.left_speed     speed.o
    0x20200300        -       0x00000001   Zero   RW          275    .bss.pid_flag       pid.o
    0x20200301   0x000043f1   0x00000003   PAD
    0x20200304        -       0x00000004   Zero   RW          233    .bss.right_speed    speed.o
    0x20200308        -       0x00000100   Zero   RW          194    .bss.rx_buf         minipc.o
    0x20200408        -       0x00000001   Zero   RW          196    .bss.rx_index       minipc.o
    0x20200409        -       0x00000001   Zero   RW          193    .bss.rx_state       minipc.o
    0x2020040a        -       0x00000001   Zero   RW           33    .bss.soundlight.0   soundlight.o
    0x2020040b        -       0x00000001   Zero   RW           34    .bss.soundlight.1   soundlight.o
    0x2020040c        -       0x00000001   Zero   RW           52    .bss.total_start_flag  utils.o
    0x2020040d   0x000043f1   0x00000003   PAD
    0x20200410        -       0x00000034   Zero   RW          213    .bss.track_loop_pid  track.o
    0x20200444        -       0x00000034   Zero   RW          212    .bss.track_pid      track.o
    0x20200478        -       0x00000001   Zero   RW            9    .bss.turn_flag      task.o
    0x20200479        -       0x00000001   Zero   RW           15    .bss.turn_mode      task.o
    0x2020047a        -       0x00000001   Zero   RW            8    .bss.workstep       task.o
    0x2020047b   0x000043f1   0x00000005   PAD
    0x20200480        -       0x00001000   Zero   RW          298    HEAP                startup_mspm0g350x_uvision.o
    0x20201480        -       0x00000400   Zero   RW          297    STACK               startup_mspm0g350x_uvision.o



  Load Region LR_BCR (Base: 0x41c00000, Size: 0x00000000, Max: 0x00000100, ABSOLUTE)

    Execution Region BCR_CONFIG (Exec base: 0x41c00000, Load base: 0x41c00000, Size: 0x00000000, Max: 0x00000080, ABSOLUTE)

    **** No section assigned to this execution region ****



  Load Region LR_BSL (Base: 0x41c00100, Size: 0x00000000, Max: 0x00000100, ABSOLUTE)

    Execution Region BSL_CONFIG (Exec base: 0x41c00100, Load base: 0x41c00100, Size: 0x00000000, Max: 0x00000080, ABSOLUTE)

    **** No section assigned to this execution region ****


==============================================================================

Image component sizes


      Code (inc. data)   RO Data    RW Data    ZI Data      Debug   Object Name

        64         16          0          0          1       4826   beep.o
       428          4          0          0          0       2936   delay.o
       100         20          0          0          8        609   dist.o
        86         12          0          0          0       4158   empty.o
       180         16          0          0          8       5742   encoder.o
        84         12          0          0          8       4014   gray.o
       180          8          0          0         60       5667   key.o
       140         24          0          0         32       5223   led.o
       344         36          0          0        259       9477   minipc.o
       124         12          0          2          0       9371   motor.o
       350         12          0          0          1       1951   pid.o
       108          8          0          0          2       1039   soundlight.o
       948        148          0         16         40       3574   speed.o
        48         22        192          0       5120        692   startup_mspm0g350x_uvision.o
      1288        248          0          4         25       2839   task.o
       944        200         69          0        348      26641   ti_msp_dl_config.o
        20          0          0          0          0       2222   timer.o
       412         16          0          8        104       2094   track.o
        62         12          0          0         84       4875   uart.o
       508         76         91          3          4       1709   utils.o

    ----------------------------------------------------------------------
      6424        902        392         44       6132      99659   Object Totals
         0          0         32          0          0          0   (incl. Generated)
         6          0          8         11         28          0   (incl. Padding)

    ----------------------------------------------------------------------

      Code (inc. data)   RO Data    RW Data    ZI Data      Debug   Library Member Name

         8          0          0          0          0         68   __main.o
       284          0          0          0          0        136   __printf_wp.o
         0          0          0          0          0          0   __rtentry.o
        12          0          0          0          0          0   __rtentry2.o
         6          0          0          0          0          0   __rtentry4.o
        86         10          0          0          0          0   __scatter.o
        26          0          0          0          0          0   __scatter_copy.o
        28          0          0          0          0          0   __scatter_zi.o
        46          0          0          0          0        100   _printf_char.o
        48          6          0          0          0         88   _printf_char_common.o
        40          6          0          0          0         72   _printf_char_file.o
        10          0          0          0          0          0   _printf_d.o
       108         18          0          0          0         76   _printf_dec.o
        10          0          0          0          0          0   _printf_f.o
      1044         12          0          0          0        116   _printf_fp_dec.o
       136         16          0          0          0         76   _printf_fp_infnan.o
       176          0          0          0          0         84   _printf_intcommon.o
         2          0          0          0          0          0   _printf_percent.o
         4          0          0          0          0          0   _printf_percent_end.o
        10          0          0          0          0          0   _printf_s.o
        82          0          0          0          0         72   _printf_str.o
       504          4          0          0          0         92   aeabi_sdivfast.o
       216          6        148          0          0         80   bigflt0.o
      1456         30          0          0          0        336   btod.o
        16          0          0          0          0         68   exit.o
         8          0          0          0          0         60   ferror.o
         6          0          0          0          0        136   heapauxi.o
        44         10         28          0          0         76   lc_numeric_c.o
         2          0          0          0          0          0   libinit.o
        18          0          0          0          0          0   libinit2.o
         2          0          0          0          0          0   libshutdown.o
         2          0          0          0          0          0   libshutdown2.o
         8          4          0          0         96         68   libspace.o
       122          0          0          0          0         72   lludiv10.o
        28          6          0          0          0         84   noretval__2printf.o
         8          4          0          0          0         68   rt_locale_intlibspace.o
         2          0          0          0          0          0   rtexit.o
        10          0          0          0          0          0   rtexit2.o
        40          0          0          0          0         60   rtudiv10.o
       176          4          0          0          0         80   strcmpv6m.o
        62          0          0          0          0         80   sys_stackheap_outer.o
        10          0          0          0          0        792   dl_common.o
       624        196          0          0          0      42847   dl_timer.o
        90          8          0          0          0      14224   dl_uart.o
        46          0          0          0          0         60   cmpret.o
       124          4          0          0          0         72   d2f.o
       856         20          0          0          0        208   daddsub.o
      1096         26        128          0          0        112   ddiv.o
        88          0          0          0          0         92   dflti.o
       584         26          0          0          0         84   dmul.o
        84          4          0          0          0         60   f2d.o
       348          8          0          0          0        160   faddsub.o
        92          0          0          0          0        272   fcmp.o
       100          4          0          0          0         68   fcmpin.o
       352         10         64          0          0         92   fdiv.o
        76          0          0          0          0         68   ffixi.o
        48          0          0          0          0         60   ffixui.o
        94          0          0          0          0         92   fflti.o
        84          4          0          0          0         76   fgef.o
        84          4          0          0          0         76   flef.o
       176          4          0          0          0         80   fmul.o
        16          6          0          0          0         68   fnan2.o
        16          4          0          0          0         76   printf1.o
        94          0          0          0          0         68   retnan.o
         0          0          0          0          0          0   usenofp.o
        44          4          0          0          0         60   fpclassify.o

    ----------------------------------------------------------------------
     10164        472        368          0         96      62115   Library Totals
        42          4          0          0          0          0   (incl. Padding)

    ----------------------------------------------------------------------

      Code (inc. data)   RO Data    RW Data    ZI Data      Debug   Library Name

      4896        136        176          0         96       2248   c_p.l
       724        204          0          0          0      57863   driverlib.a
      4458        124        192          0          0       1944   fz_ps.l
        44          4          0          0          0         60   m_ps.l

    ----------------------------------------------------------------------
     10164        472        368          0         96      62115   Library Totals

    ----------------------------------------------------------------------

==============================================================================


      Code (inc. data)   RO Data    RW Data    ZI Data      Debug   

     16588       1374        760         44       6228     159322   Grand Totals
     16588       1374        760         44       6228     159322   ELF Image Totals
     16588       1374        760         44          0          0   ROM Totals

==============================================================================

    Total RO  Size (Code + RO Data)                17348 (  16.94kB)
    Total RW  Size (RW Data + ZI Data)              6272 (   6.12kB)
    Total ROM Size (Code + RO Data + RW Data)      17392 (  16.98kB)

==============================================================================

